Archive member included because of file (symbol)

c:/NXP/bstudio_nxp/sdk/JN-SW-4170/Components/Library\libZPSMAC_Mini_SOC_JN516x.a(zps_mac_shim.o)
                              app_start.o (symbol from plugin) (ZPS_u32MacSetTxBuffers)
c:/NXP/bstudio_nxp/sdk/JN-SW-4170/Components/Library\libZPSMAC_Mini_SOC_JN516x.a(zps_miniMac.o)
                              zps_mac_shim.o (symbol from plugin) (zps_eSocMacSetTxBuffers)
c:/NXP/bstudio_nxp/sdk/JN-SW-4170/Components/Library\libZPSMAC_Mini_SOC_JN516x.a(zps_mac_common.o)
                              zps_mac_shim.o (symbol from plugin) (g_u8LegacyBeaconPayloadLen)
c:/NXP/bstudio_nxp/sdk/JN-SW-4170/Components/Library\libZPSMAC_Mini_SOC_JN516x.a(zps_mac_ie.o)
                              zps_mac_common.o (symbol from plugin) (zps_u8MacIECopyZigbeePayloadSubIE)
c:/NXP/bstudio_nxp/sdk/JN-SW-4170/Components/Library\libPWRM_JN516x.a(pwrm.o)
                              app_start.o (symbol from plugin) (PWRM_vInit)
c:/NXP/bstudio_nxp/sdk/JN-SW-4170/Components/Library\libPWRM_JN516x.a(pwrm_setjmp_JN516x.o)
                              pwrm.o (symbol from plugin) (setjmp)
c:/NXP/bstudio_nxp/sdk/JN-SW-4170/Components/Library\libPWRM_JN516x.a(pwrm_cold_start.o)
                              (AppColdStart)
c:/NXP/bstudio_nxp/sdk/JN-SW-4170/Components/Library\libPWRM_JN516x.a(pwrm_warm_start.o)
                              (AppWarmStart)
c:/NXP/bstudio_nxp/sdk/JN-SW-4170/Components/Library\libAES_SW_JN516x.a(aes_sw_mmo.o)
                              OTA.o (symbol from plugin) (AESSW_vMMOBlockUpdate)
c:/NXP/bstudio_nxp/sdk/JN-SW-4170/Components/Library\libPDUM_JN516x.a(pdum_nwk.o)
                              zps_miniMac.o (symbol from plugin) (PDUM_eNPduAllocate)
c:/NXP/bstudio_nxp/sdk/JN-SW-4170/Components/Library\libPDUM_JN516x.a(pdum_apl.o)
                              zll_CommissionCmdHandler.o (symbol from plugin) (PDUM_u16APduInstanceReadNBO)
c:/NXP/bstudio_nxp/sdk/JN-SW-4170/Components/Library\libPDUM_JN516x.a(pdum.o)
                              pdum_nwk.o (symbol from plugin) (PDUM_u16SizeNBO)
c:/NXP/bstudio_nxp/sdk/JN-SW-4170/Components/Library\libZPSAPL_JN516x.a(zps_apl_inl.o)
                              zps_mac_ie.o (symbol from plugin) (ZPS_pu8AplZdoGetVsOUI)
c:/NXP/bstudio_nxp/sdk/JN-SW-4170/Components/Library\libZPSAPL_JN516x.a(zps_apl_af.o)
                              app_start.o (symbol from plugin) (ZPS_eAplAfInit)
c:/NXP/bstudio_nxp/sdk/JN-SW-4170/Components/Library\libZPSAPL_JN516x.a(zps_apl_af_apsde.o)
                              zps_gen.o (symbol from plugin) (zps_vHandleApsdeDataFragInd)
c:/NXP/bstudio_nxp/sdk/JN-SW-4170/Components/Library\libZPSAPL_JN516x.a(zps_apl_task.o)
                              zps_apl_af_apsde.o (symbol from plugin) (zps_vAplAfPostEvent)
c:/NXP/bstudio_nxp/sdk/JN-SW-4170/Components/Library\libZPSAPL_JN516x.a(zps_apl_apsde.o)
                              zps_apl_task.o (symbol from plugin) (ZPS_vAplRegisterApsdeDcfmIndCallbacks)
c:/NXP/bstudio_nxp/sdk/JN-SW-4170/Components/Library\libZPSAPL_JN516x.a(zps_apl_apsme.o)
                              zps_apl_task.o (symbol from plugin) (ZPS_vAplRegisterApsmeDcfmIndCallbacks)
c:/NXP/bstudio_nxp/sdk/JN-SW-4170/Components/Library\libZPSAPL_JN516x.a(zps_apl_aps_nlde.o)
                              zps_gen.o (symbol from plugin) (zps_vHandleExtendedDataAckFrame)
c:/NXP/bstudio_nxp/sdk/JN-SW-4170/Components/Library\libZPSAPL_JN516x.a(zps_apl_sec.o)
                              bdb_DeviceCommissioning.o (symbol from plugin) (zps_pvAesGetKeyFromInstallCode)
c:/NXP/bstudio_nxp/sdk/JN-SW-4170/Components/Library\libZPSAPL_JN516x.a(zps_apl_aib.o)
                              app_Znc_cmds.o (symbol from plugin) (zps_psAplAibGetAib)
c:/NXP/bstudio_nxp/sdk/JN-SW-4170/Components/Library\libZPSAPL_JN516x.a(zps_apl_zdo_nwkmanager.o)
                              zps_apl_apsme.o (symbol from plugin) (zps_vAplSaveRecord)
c:/NXP/bstudio_nxp/sdk/JN-SW-4170/Components/Library\libZPSAPL_JN516x.a(zps_apl_zdo_handle_zdp_event.o)
                              zps_apl_task.o (symbol from plugin) (zps_bAplZdoHandleZdpEvent)
c:/NXP/bstudio_nxp/sdk/JN-SW-4170/Components/Library\libZPSAPL_JN516x.a(zps_apl_zdo_trust_center.o)
                              zps_gen.o (symbol from plugin) (zps_vAplTrustCenterInit)
c:/NXP/bstudio_nxp/sdk/JN-SW-4170/Components/Library\libZPSAPL_JN516x.a(zps_apl_zdo_common.o)
                              zps_apl_zdo_nwkmanager.o (symbol from plugin) (zps_eAplZdoNlmeleaveWrapper)
c:/NXP/bstudio_nxp/sdk/JN-SW-4170/Components/Library\libZPSAPL_JN516x.a(zps_apl_zdo_group.o)
                              app_Znc_cmds.o (symbol from plugin) (zps_eAplZdoGroupEndpointAdd)
c:/NXP/bstudio_nxp/sdk/JN-SW-4170/Components/Library\libZPSAPL_JN516x.a(zps_apl_zdo_default_server.o)
                              zps_gen.o (symbol from plugin) (zps_vAplZdoDefaultServerInit)
[...]
Memory Configuration

Name             Origin             Length             Attributes
flash            0x0000000000080000 0x0000000000080000
ram              0x000000000400004c 0x0000000000007fb4
*default*        0x0000000000000000 0xffffffffffffffff

Linker script and memory map

                0x0000000000001770                __stack_size = 0x1770
                0x00000000000007d0                __minimum_heap_size = 0x7d0
START GROUP
LOAD irq_JN516x.o
LOAD portasm_JN516x.o
LOAD port_JN516x.o
LOAD C:\Users\timon\AppData\Local\Temp\cckjs5vo.ltrans0.ltrans.o
LOAD C:\Users\timon\AppData\Local\Temp\cckjs5vo.ltrans1.ltrans.o
LOAD C:\Users\timon\AppData\Local\Temp\cckjs5vo.ltrans2.ltrans.o
LOAD C:\Users\timon\AppData\Local\Temp\cckjs5vo.ltrans3.ltrans.o
LOAD C:\Users\timon\AppData\Local\Temp\cckjs5vo.ltrans4.ltrans.o
LOAD C:\Users\timon\AppData\Local\Temp\cckjs5vo.ltrans5.ltrans.o
LOAD C:\Users\timon\AppData\Local\Temp\cckjs5vo.ltrans6.ltrans.o
LOAD C:\Users\timon\AppData\Local\Temp\cckjs5vo.ltrans7.ltrans.o
LOAD C:\Users\timon\AppData\Local\Temp\cckjs5vo.ltrans8.ltrans.o
LOAD C:\Users\timon\AppData\Local\Temp\cckjs5vo.ltrans9.ltrans.o
LOAD C:\Users\timon\AppData\Local\Temp\cckjs5vo.ltrans10.ltrans.o
LOAD C:\Users\timon\AppData\Local\Temp\cckjs5vo.ltrans11.ltrans.o
LOAD C:\Users\timon\AppData\Local\Temp\cckjs5vo.ltrans12.ltrans.o
LOAD C:\Users\timon\AppData\Local\Temp\cckjs5vo.ltrans13.ltrans.o
LOAD C:\Users\timon\AppData\Local\Temp\cckjs5vo.ltrans14.ltrans.o
LOAD C:\Users\timon\AppData\Local\Temp\cckjs5vo.ltrans15.ltrans.o
LOAD C:\Users\timon\AppData\Local\Temp\cckjs5vo.ltrans16.ltrans.o
LOAD C:\Users\timon\AppData\Local\Temp\cckjs5vo.ltrans17.ltrans.o
LOAD C:\Users\timon\AppData\Local\Temp\cckjs5vo.ltrans18.ltrans.o
LOAD C:\Users\timon\AppData\Local\Temp\cckjs5vo.ltrans19.ltrans.o
LOAD C:\Users\timon\AppData\Local\Temp\cckjs5vo.ltrans20.ltrans.o
LOAD C:\Users\timon\AppData\Local\Temp\cckjs5vo.ltrans21.ltrans.o
LOAD C:\Users\timon\AppData\Local\Temp\cckjs5vo.ltrans22.ltrans.o
LOAD C:\Users\timon\AppData\Local\Temp\cckjs5vo.ltrans23.ltrans.o
LOAD C:\Users\timon\AppData\Local\Temp\cckjs5vo.ltrans24.ltrans.o
LOAD C:\Users\timon\AppData\Local\Temp\cckjs5vo.ltrans25.ltrans.o
LOAD C:\Users\timon\AppData\Local\Temp\cckjs5vo.ltrans26.ltrans.o
LOAD C:\Users\timon\AppData\Local\Temp\cckjs5vo.ltrans27.ltrans.o
LOAD C:\Users\timon\AppData\Local\Temp\cckjs5vo.ltrans28.ltrans.o
LOAD C:\Users\timon\AppData\Local\Temp\cckjs5vo.ltrans29.ltrans.o
LOAD C:\Users\timon\AppData\Local\Temp\cckjs5vo.ltrans30.ltrans.o
LOAD C:\Users\timon\AppData\Local\Temp\cckjs5vo.ltrans31.ltrans.o
LOAD c:/nxp/bstudio_nxp/sdk/tools/ba-elf-ba2-r36379/bin/../lib/gcc/ba-elf/4.7.4/../../../../ba-elf/lib/mcpu_jn51xx_sizeopt\libc.a
LOAD c:/nxp/bstudio_nxp/sdk/tools/ba-elf-ba2-r36379/bin/../lib/gcc/ba-elf/4.7.4/mcpu_jn51xx_sizeopt\libgcc.a
LOAD c:/nxp/bstudio_nxp/sdk/tools/ba-elf-ba2-r36379/bin/../lib/gcc/ba-elf/4.7.4/../../../../ba-elf/lib/mcpu_jn51xx_sizeopt\libc.a
LOAD pdum_gen.o
LOAD zps_gen.o
LOAD app_Znc_cmds.o
LOAD app_general_events_handler.o
LOAD app_zcl_event_handler.o
LOAD app_start.o
LOAD SerialLink.o
LOAD uart.o
LOAD pdum_apdu.o
LOAD app_ota_server.o
LOAD app_ahi_commands.o
LOAD app_green_power.o
LOAD ZQueue.o
LOAD ZTimer.o
LOAD app_zps_link_keys.o
LOAD GreenPower.o
LOAD GreenPowerCommissioningNotification.o
LOAD GreenPowerCommon.o
LOAD GreenPowerCustomCommandHandler.o
LOAD GreenPowerCustomCommandResponses.o
LOAD GreenPowerDataIndication.o
LOAD GreenPowerDirectCommandHandler.o
LOAD GreenPowerNotification.o
LOAD GreenPowerPairing.o
LOAD GreenPowerPairingConfiguration.o
LOAD GreenPowerPairingSearch.o
LOAD GreenPowerProxyCommissioningMode.o
LOAD GreenPowerProxyGPDHandler.o
LOAD GreenPowerProxyTableRequest.o
LOAD GreenPowerProxyTableResponse.o
LOAD GreenPowerResponse.o
LOAD GreenPowerScheduler.o
LOAD GreenPowerSinkTableRequest.o
LOAD GreenPowerSinkTableResponse.o
LOAD GreenPowerTranslationTableRequest.o
LOAD GreenPowerTranslationTableResponse.o
LOAD GreenPowerTranslationTableUpdate.o
LOAD gp.o
LOAD Alarms.o
LOAD AlarmsClientCommands.o
LOAD AlarmsCommandHandler.o
LOAD AlarmsServerCommands.o
LOAD AlarmsTableManager.o
LOAD AnalogInputBasic.o
LOAD AnalogOutputBasic.o
LOAD Basic.o
LOAD BasicClientCommands.o
LOAD BasicCommandHandler.o
LOAD BinaryInputBasic.o
LOAD BinaryOutputBasic.o
LOAD DeviceTemperatureConfiguration.o
LOAD Diagnostics.o
LOAD Groups.o
LOAD GroupsClientCommands.o
LOAD GroupsCommandHandler.o
LOAD GroupsServerCommands.o
LOAD GroupsTableManager.o
LOAD Identify.o
LOAD IdentifyClientCommands.o
LOAD IdentifyCommandHandler.o
LOAD IdentifyServerCommands.o
LOAD LevelControl.o
LOAD LevelControlClientCommands.o
LOAD LevelControlCommandHandler.o
LOAD MultistateInputBasic.o
LOAD MultistateOutputBasic.o
LOAD OOSC.o
LOAD OnOff.o
LOAD OnOffCommandHandler.o
LOAD OnOffCommands.o
LOAD PollControl.o
LOAD PollControlClientCommands.o
LOAD PollControlCommandHandler.o
LOAD PollControlServerCommands.o
LOAD PowerConfiguration.o
LOAD PowerProfile.o
LOAD PowerProfileClientCommands.o
LOAD PowerProfileCommandHandler.o
LOAD PowerProfileServerCommands.o
LOAD Scenes.o
LOAD ScenesClientCommands.o
LOAD ScenesClusterManagement.o
LOAD ScenesCommandHandler.o
LOAD ScenesServerCommands.o
LOAD ScenesTableManager.o
LOAD TC.o
LOAD Time.o
LOAD base_device.o
LOAD mains_power_outlet.o
LOAD on_off_output.o
LOAD plug_control.o
LOAD remote_control.o
LOAD simple_sensor.o
LOAD ElectricalMeasurement.o
LOAD FlowMeasurement.o
LOAD IlluminanceLevelSensing.o
LOAD IlluminanceMeasurement.o
LOAD OccupancySensing.o
LOAD PressureMeasurement.o
LOAD RelativeHumidityMeasurement.o
LOAD TemperatureMeasurement.o
LOAD BallastConfiguration.o
LOAD ColourControl.o
LOAD ColourControlClientCommands.o
LOAD ColourControlCommandHandler.o
LOAD ColourControlConversions.o
LOAD colour_controller.o
LOAD colour_dimmable_light.o
LOAD colour_dimmer_switch.o
LOAD colour_scene_controller.o
LOAD colour_temperature_light.o
LOAD commission_endpoint.o
LOAD control_bridge.o
LOAD dimmable_ballast.o
LOAD dimmable_light.o
LOAD dimmable_plug.o
LOAD dimmer_switch.o
LOAD extended_colour_light.o
LOAD light_level_sensor.o
LOAD light_sensor.o
LOAD non_colour_controller.o
LOAD non_colour_scene_controller.o
LOAD occupancy_sensor.o
LOAD on_off_ballast.o
LOAD on_off_light.o
LOAD on_off_light_switch.o
LOAD on_off_plug.o
LOAD on_off_sensor.o
LOAD FanControl.o
LOAD Thermostat.o
LOAD ThermostatCommandHandler.o
LOAD ThermostatCommands.o
LOAD ThermostatUIConfig.o
LOAD temperature_sensor.o
LOAD thermostat_device.o
LOAD DoorLock.o
LOAD DoorLockCommandHandler.o
LOAD DoorLockCommands.o
LOAD door_lock.o
LOAD door_lock_controller.o
LOAD IASACE.o
LOAD IASACEClientCommands.o
LOAD IASACECommandHandler.o
LOAD IASACEServerCommands.o
LOAD IASWD.o
LOAD IASWDCommandHandler.o
LOAD IASWDCommands.o
LOAD IASZone.o
LOAD IASZoneCommandHandler.o
LOAD IASZoneCommands.o
LOAD ancillary_control_equipment.o
LOAD control_and_indicating_equipment.o
LOAD warning_device.o
LOAD zone.o
LOAD DRLC.o
LOAD DRLCCommandCanceAlllLoadControlEvents.o
LOAD DRLCCommandCancelLoadControlEvent.o
LOAD DRLCCommandGetScheduledEvents.o
LOAD DRLCCommandHandler.o
LOAD DRLCCommandLoadControlEvent.o
LOAD DRLCCommandReportEventStatus.o
LOAD DRLCCustomCommandResponsesClient.o
LOAD DRLCCustomCommandResponsesServer.o
LOAD DRLCEffectiveTime.o
LOAD DRLCScheduler.o
LOAD DRLCTableManagerNoMutex.o
LOAD DRLCTableManagerServer.o
LOAD DRLCUserEventOptInOut.o
LOAD Price.o
LOAD PriceBlockPeriodTableManager.o
LOAD PriceCalorificValueTableManager.o
LOAD PriceCommandGetBlockPeriod.o
LOAD PriceCommandGetCalorificValue.o
LOAD PriceCommandGetConversionFactor.o
LOAD PriceCommandGetCurrentPrice.o
LOAD PriceCommandGetScheduledPrices.o
LOAD PriceCommandPriceAck.o
LOAD PriceCommandPublishBlockPeriod.o
LOAD PriceCommandPublishBlockPeriodReceive.o
LOAD PriceCommandPublishCalorificValue.o
LOAD PriceCommandPublishCalorificValueReceive.o
LOAD PriceCommandPublishConversionFactor.o
LOAD PriceCommandPublishConversionFactorReceive.o
LOAD PriceCommandPublishPrice.o
LOAD PriceCommandPublishPriceReceive.o
LOAD PriceConversionFactorTableManager.o
LOAD PriceCustomCommandHandler.o
LOAD PriceCustomCommandResponses.o
LOAD PriceScheduler.o
LOAD PriceServerAttributeManager.o
LOAD PriceTableManager.o
LOAD SimpleMetering.o
LOAD SimpleMeteringCommandHandler.o
LOAD SimpleMetering_SendRequest.o
LOAD smart_plug.o
LOAD OTA.o
LOAD OTA_ClientUpgradeManager.o
LOAD OTA_CustomCommandHandler.o
LOAD OTA_CustomReceiveCommands.o
LOAD OTA_ServerUpgradeManager.o
LOAD OTA_client.o
LOAD OTA_common.o
LOAD OTA_server.o
LOAD Commissioning.o
LOAD CommissioningClientCommands.o
LOAD CommissioningCmdHandler.o
LOAD CommissioningServerCommands.o
LOAD zll_CommissionCmdHandler.o
LOAD zll_UtilityCmdHandler.o
LOAD zll_commission.o
LOAD zll_utility.o
LOAD ApplianceControl.o
LOAD ApplianceControlClientCommands.o
LOAD ApplianceControlCommandHandler.o
LOAD ApplianceControlServerCommands.o
LOAD ApplianceEventsAndAlerts.o
LOAD ApplianceEventsAndAlertsClientCommands.o
LOAD ApplianceEventsAndAlertsCommandHandler.o
LOAD ApplianceEventsAndAlertsServerCommands.o
LOAD ApplianceIdentification.o
LOAD ApplianceStatistics.o
LOAD ApplianceStatisticsClientCommands.o
LOAD ApplianceStatisticsCommandHandler.o
LOAD ApplianceStatisticsServerCommands.o
LOAD home_gateway.o
LOAD white_goods.o
LOAD dlist.o
LOAD zcl.o
LOAD zcl_CustomCommandReceive.o
LOAD zcl_CustomCommandSend.o
LOAD zcl_PDUbufferReadWrite.o
LOAD zcl_PDUbufferReadWriteString.o
LOAD zcl_WriteAttributesRequestHandle.o
LOAD zcl_WriteAttributesRequestSend.o
LOAD zcl_WriteAttributesResponseHandle.o
LOAD zcl_attribute.o
LOAD zcl_buffer.o
LOAD zcl_clusterCommand.o
LOAD zcl_command.o
LOAD zcl_common.o
LOAD zcl_configureReportingCommandHandle.o
LOAD zcl_configureReportingCommandSend.o
LOAD zcl_configureReportingResponseHandle.o
LOAD zcl_defaultResponse.o
LOAD zcl_discoverAttributesExtendedRequestHandle.o
LOAD zcl_discoverAttributesExtendedRequestSend.o
LOAD zcl_discoverAttributesExtendedResponseHandle.o
LOAD zcl_discoverAttributesRequestHandle.o
LOAD zcl_discoverAttributesRequestSend.o
LOAD zcl_discoverAttributesResponseHandle.o
LOAD zcl_discoverCommandsRequestHandle.o
LOAD zcl_discoverCommandsRequestSend.o
LOAD zcl_discoverCommandsResponseHandle.o
LOAD zcl_event.o
LOAD zcl_heap.o
LOAD zcl_library_options.o
LOAD zcl_readAttributesRequestHandle.o
LOAD zcl_readAttributesRequestSend.o
LOAD zcl_readAttributesResponseHandle.o
LOAD zcl_readReportingConfigurationCommandHandle.o
LOAD zcl_readReportingConfigurationCommandSend.o
LOAD zcl_readReportingConfigurationResponseHandle.o
LOAD zcl_reportManager.o
LOAD zcl_reportMaths.o
LOAD zcl_reportScheduler.o
LOAD zcl_reportStringHandling.o
LOAD zcl_reportStructure.o
LOAD zcl_search.o
LOAD zcl_timer.o
LOAD zcl_transmit.o
LOAD bdb_fr.o
LOAD bdb_start.o
LOAD bdb_state_machine.o
LOAD appZpsBeaconHandler.o
LOAD appZdpExtraction.o
LOAD bdb_ns.o
LOAD bdb_nf.o
LOAD bdb_tl_router_initiator_target.o
LOAD bdb_tl_common.o
LOAD ecb_decrypt.o
LOAD bdb_DeviceCommissioning.o
LOAD c:/NXP/bstudio_nxp/sdk/JN-SW-4170/Components/Library\libZPSMAC_Mini_SOC_JN516x.a
LOAD c:/NXP/bstudio_nxp/sdk/JN-SW-4170/Components/Library\libPWRM_JN516x.a
LOAD c:/NXP/bstudio_nxp/sdk/JN-SW-4170/Components/Library\libZPSTSV_JN516x.a
LOAD c:/NXP/bstudio_nxp/sdk/JN-SW-4170/Components/Library\libAES_SW_JN516x.a
LOAD c:/NXP/bstudio_nxp/sdk/JN-SW-4170/Components/Library\libPDUM_JN516x.a
LOAD c:/NXP/bstudio_nxp/sdk/JN-SW-4170/Components/Library\libZPSAPL_JN516x.a
LOAD c:/NXP/bstudio_nxp/sdk/JN-SW-4170/Components/Library\libRandom_JN516x.a
LOAD c:/NXP/bstudio_nxp/sdk/JN-SW-4170/Components/Library\libPDM_EEPROM_NO_RTOS_JN516x.a
LOAD c:/NXP/bstudio_nxp/sdk/JN-SW-4170/Components/Library\libDBG_JN516x.a
LOAD c:/NXP/bstudio_nxp/sdk/JN-SW-4170/Components/Library\libZPSGP_JN516x.a
LOAD c:/NXP/bstudio_nxp/sdk/JN-SW-4170/Components/Library\libZPSIPAN_JN516x.a
LOAD c:/NXP/bstudio_nxp/sdk/JN-SW-4170/Components/Library\libZPSNWK_JN516x.a
LOAD c:/NXP/bstudio_nxp/sdk/JN-SW-4170/Components/Library\libMiniMac_JN5169.a
LOAD c:/NXP/bstudio_nxp/sdk/JN-SW-4170/Components/Library\libMiniMacShim_JN516x.a
LOAD c:/NXP/bstudio_nxp/sdk/JN-SW-4170/Components/Library\libMMAC_JN5169.a
LOAD c:/NXP/bstudio_nxp/sdk/JN-SW-4170/Components/Library\libJPT_JN5169.a
LOAD c:/NXP/bstudio_nxp/sdk/JN-SW-4170/Components/Library\libAes_JN516x.a
LOAD c:/NXP/bstudio_nxp/sdk/JN-SW-4170/Components/Library\libHardwareApi_JN5169.a
LOAD c:/NXP/bstudio_nxp/sdk/JN-SW-4170/Components/Library\libMicroSpecific_JN516x.a
LOAD c:/NXP/bstudio_nxp/sdk/JN-SW-4170/Components/Library\libBoot_JN516x.a
LOAD c:/NXP/bstudio_nxp/sdk/JN-SW-4170/Platform/DK4/Library\libBoardLib_JN516x.a
LOAD c:/NXP/bstudio_nxp/sdk/JN-SW-4170/Components/Library\libJPT_JN5169.a
LOAD c:/nxp/bstudio_nxp/sdk/tools/ba-elf-ba2-r36379/bin/../lib/gcc/ba-elf/4.7.4/../../../../ba-elf/lib/mcpu_jn51xx_sizeopt\libm.a
END GROUP
LOAD c:/nxp/bstudio_nxp/sdk/tools/ba-elf-ba2-r36379/bin/../lib/gcc/ba-elf/4.7.4/../../../../ba-elf/lib/mcpu_jn51xx_sizeopt\libc.a
LOAD c:/nxp/bstudio_nxp/sdk/tools/ba-elf-ba2-r36379/bin/../lib/gcc/ba-elf/4.7.4/mcpu_jn51xx_sizeopt\libgcc.a
LOAD c:/nxp/bstudio_nxp/sdk/tools/ba-elf-ba2-r36379/bin/../lib/gcc/ba-elf/4.7.4/../../../../ba-elf/lib/mcpu_jn51xx_sizeopt\libc.a
                0x0000000000080038                exception_vsr_table = 0x80038
                0x0000000004000000                pSPIflashFncTable = 0x4000000
                0x0000000000000044                restore_state = 0x44
                0x000000000000004a                bZSPIWaitWIPClear = 0x4a
                0x0000000000000050                u16ZSPIflashRDID = 0x50
                0x0000000000000056                u8SelectFlashChipType = 0x56
                0x000000000000005c                memcpy = 0x5c
                0x0000000000000066                vBootFlashProg = 0x66
                [0x00000000000007d0]                __minimum_heap_size = DEFINED (__minimum_heap_size)?__minimum_heap_size:0xd16
                [0x0000000000001770]                __stack_size = DEFINED (__stack_size)?__stack_size:0x800
                0x0000000000000000                _SwConfig = (DEFINED (g_bSWConf_Debug) | (DEFINED (g_bSWConf_AltDebugPort) << 0x1))

.version        0x000000000007fffc        0x4
                0x000000000007fffc        0x4 LONG 0xf03000b

.bir            0x0000000000080000       0x10
                0x0000000000080000                _flash_start = ABSOLUTE (.)
                0x0000000000080000                _flash_beg = ABSOLUTE (.)
                0x0000000000080000        0x4 LONG 0x12345678
                0x0000000000080004        0x4 LONG 0x11223344
                0x0000000000080008        0x4 LONG 0x55667788
                0x000000000008000c        0x1 BYTE 0x8
                0x000000000008000d        0x1 BYTE 0x1
                0x000000000008000e        0x2 SHORT 0x0

.flashheader    0x0000000000080010       0x28
                0x0000000000080010        0x4 LONG 0x0
                0x0000000000080014        0x4 LONG 0x0
                0x0000000000080018        0x4 LONG 0x0
                0x000000000008001c        0x2 SHORT 0x0
                0x000000000008001e        0x2 SHORT 0x0 ABSOLUTE (_SwConfig)
                0x0000000000080020                _enc_start = ABSOLUTE (.)
                0x0000000000080020        0x4 LONG 0x34030 ABSOLUTE (_image_len)
                0x0000000000080024        0x4 LONG 0xb3920 ABSOLUTE (_flash_data_start)
                0x0000000000080028        0x2 SHORT 0x13 ((ABSOLUTE (_ram_data_start) / 0x4) & 0xffff)
                0x000000000008002a        0x2 SHORT 0x1c4 ((ABSOLUTE (_ram_data_len) / 0x4) & 0xffff)
                0x000000000008002c        0x2 SHORT 0x1d7 ((ABSOLUTE (_bss_start) / 0x4) & 0xffff)
                0x000000000008002e        0x2 SHORT 0x1543 ((ABSOLUTE (_bss_len) / 0x4) & 0xffff)
                0x0000000000080030        0x4 LONG 0xb3097 ABSOLUTE (AppWarmStart)
                0x0000000000080034        0x4 LONG 0x8c9e8 ABSOLUTE (AppColdStart)
                0x0000000000000000                _enc_offset = (_enc_start & 0xf)

.ro_mac_address
                0x0000000000080040       0x10
                0x0000000000080040                _FlsMACAddress = ABSOLUTE (.)
 *(.ro_mac_address)
 .ro_mac_address
                0x0000000000080040        0x8 C:\Users\timon\AppData\Local\Temp\cckjs5vo.ltrans3.ltrans.o
                0x0000000000080050                . = ALIGN (0x10)
 *fill*         0x0000000000080048        0x8 00

.ro_ota_header  0x0000000000080050       0x50
                0x0000000000080050                _FlsOtaHeader = ABSOLUTE (.)
 *(.ro_ota_header)
 .ro_ota_header
                0x0000000000080050       0x45 C:\Users\timon\AppData\Local\Temp\cckjs5vo.ltrans3.ltrans.o
                0x00000000000800a0                . = ALIGN (0x10)
 *fill*         0x0000000000080095        0xb 00

.ro_se_lnkKey   0x00000000000800a0        0x0
                0x00000000000800a0                _FlsLinkKey = ABSOLUTE (.)
 *(.ro_se_lnkKey)
                0x00000000000800a0                . = ALIGN (0x10)

.rodata         0x00000000000800a0     0x1126
 *(.rodata*)
 .rodata.str1.1
                0x00000000000800a0       0x34 C:\Users\timon\AppData\Local\Temp\cckjs5vo.ltrans0.ltrans.o
                                         0x50 (size before relaxing)
 .rodata        0x00000000000800d4       0x4f C:\Users\timon\AppData\Local\Temp\cckjs5vo.ltrans0.ltrans.o
 .rodata.str1.1
                0x0000000000000000       0x34 C:\Users\timon\AppData\Local\Temp\cckjs5vo.ltrans1.ltrans.o
                                          0x3 (size before relaxing)
 .rodata.str1.1
                0x0000000000080123       0x1c C:\Users\timon\AppData\Local\Temp\cckjs5vo.ltrans2.ltrans.o
                                         0x1f (size before relaxing)
 *fill*         0x000000000008013f        0x1 00
 .rodata        0x0000000000080140      0x194 C:\Users\timon\AppData\Local\Temp\cckjs5vo.ltrans2.ltrans.o
                0x0000000000080140                gu32ZCLVersion
                0x0000000000080144                ZPS_g_u32MacVersion
                0x0000000000080148                PDUM_g_u32Version
                0x000000000008014c                ZPS_g_u32TsvVersion
 .rodata.str1.1
                0x00000000000802d4       0x17 C:\Users\timon\AppData\Local\Temp\cckjs5vo.ltrans3.ltrans.o
                                         0x1f (size before relaxing)
 *fill*         0x00000000000802eb        0x1 00
 .rodata        0x00000000000802ec       0xbc C:\Users\timon\AppData\Local\Temp\cckjs5vo.ltrans3.ltrans.o
 .rodata.str1.1
                0x00000000000803a8       0x69 C:\Users\timon\AppData\Local\Temp\cckjs5vo.ltrans4.ltrans.o
                                         0x7c (size before relaxing)
 *fill*         0x0000000000080411        0x3 00
 .rodata        0x0000000000080414      0x678 C:\Users\timon\AppData\Local\Temp\cckjs5vo.ltrans4.ltrans.o
                0x0000000000080414                psAplDefaultDistributedAPSLinkKey
                0x0000000000080418                au32UartAddrOffset
                0x0000000000080420                zps_pacNwkFrmStdByteFmt
                0x0000000000080424                zps_pacNwkFrmStdLongFmt
                0x0000000000080428                zps_pacNwkFrmStdHalfFmt
                0x000000000008042c                g_bEnableRouteDiscovery
                0x0000000000080430                zps_g_pvApl
                0x0000000000080434                pwrm_psWakeupCallbacks
 .rodata.str1.1
                0x0000000000000000       0x69 C:\Users\timon\AppData\Local\Temp\cckjs5vo.ltrans6.ltrans.o
                                          0x8 (size before relaxing)
 .rodata.str1.1
                0x0000000000000000       0x69 C:\Users\timon\AppData\Local\Temp\cckjs5vo.ltrans7.ltrans.o
                                          0x8 (size before relaxing)
 .rodata        0x0000000000080a8c       0x40 C:\Users\timon\AppData\Local\Temp\cckjs5vo.ltrans7.ltrans.o
 .rodata.str1.1
                0x0000000000080acc       0xd1 C:\Users\timon\AppData\Local\Temp\cckjs5vo.ltrans8.ltrans.o
                                         0xef (size before relaxing)
 *fill*         0x0000000000080b9d        0x1 00
 .rodata        0x0000000000080b9e      0x108 C:\Users\timon\AppData\Local\Temp\cckjs5vo.ltrans8.ltrans.o
 .rodata.str1.1
                0x0000000000080ca6       0x11 C:\Users\timon\AppData\Local\Temp\cckjs5vo.ltrans9.ltrans.o
                                         0x27 (size before relaxing)
 *fill*         0x0000000000080cb7        0x1 00
 .rodata        0x0000000000080cb8       0x1c C:\Users\timon\AppData\Local\Temp\cckjs5vo.ltrans9.ltrans.o
                0x0000000000080cb8                zps_pacNwkFrmStdHdrFmt
                0x0000000000080cbc                au32NwkPdmRecordOffsets
 .rodata.str1.1
                0x0000000000080cd4       0x72 C:\Users\timon\AppData\Local\Temp\cckjs5vo.ltrans10.ltrans.o
                                         0x87 (size before relaxing)
 *fill*         0x0000000000080d46        0x2 00
 .rodata        0x0000000000080d48       0x60 C:\Users\timon\AppData\Local\Temp\cckjs5vo.ltrans11.ltrans.o
                0x0000000000080d48                pfnCallbackMcps
                0x0000000000080d4c                g_u32NwkFcSaveCountBitShift
 .rodata        0x0000000000080da8       0x50 C:\Users\timon\AppData\Local\Temp\cckjs5vo.ltrans12.ltrans.o
                0x0000000000080dac                g_psGreenPowerContext
                0x0000000000080db0                au32EndDeviceTimeoutConstants
                0x0000000000080dec                g_u32ApsFcSaveCountBitShift
                0x0000000000080df0                prvZdoLeaveActionDecider
                0x0000000000080df4                bR21LeaveBehaviour
                0x0000000000080df5                g_bReverToOldParent
 .rodata.str1.1
                0x0000000000080df8       0x1c C:\Users\timon\AppData\Local\Temp\cckjs5vo.ltrans12.ltrans.o
                                         0x22 (size before relaxing)
 .rodata.str1.1
                0x0000000000000000        0x8 C:\Users\timon\AppData\Local\Temp\cckjs5vo.ltrans13.ltrans.o
 .rodata        0x0000000000080e14       0xa4 C:\Users\timon\AppData\Local\Temp\cckjs5vo.ltrans13.ltrans.o
                0x0000000000080e14                s_aprIdleStHandleCme.285379
                0x0000000000080e28                s_aprActvStHandleCme.281281
                0x0000000000080e54                CSWTCH.19.137318.137318
                0x0000000000080e74                CSWTCH.22.137319.137319
                0x0000000000080e94                CSWTCH.16.137317.137317
                0x0000000000080eb4                bDisableSourceRouting
 .rodata.str1.1
                0x0000000000080eb8       0x35 C:\Users\timon\AppData\Local\Temp\cckjs5vo.ltrans14.ltrans.o
                                         0x88 (size before relaxing)
 *fill*         0x0000000000080eed        0x3 00
 .rodata        0x0000000000080ef0       0x2c C:\Users\timon\AppData\Local\Temp\cckjs5vo.ltrans15.ltrans.o
                0x0000000000080f10                u8MaxZpsConfigEp
                0x0000000000080f11                au8EpMapPresent
                0x0000000000080f14                s_groupPdmTable
 .rodata.str1.1
                0x0000000000000000        0x7 C:\Users\timon\AppData\Local\Temp\cckjs5vo.ltrans15.ltrans.o
 .rodata.str1.1
                0x0000000000080f1c        0x6 C:\Users\timon\AppData\Local\Temp\cckjs5vo.ltrans17.ltrans.o
                                          0xc (size before relaxing)
 .rodata.str1.1
                0x0000000000000000        0xd C:\Users\timon\AppData\Local\Temp\cckjs5vo.ltrans19.ltrans.o
 *fill*         0x0000000000080f22        0x2 00
 .rodata        0x0000000000080f24       0x18 C:\Users\timon\AppData\Local\Temp\cckjs5vo.ltrans22.ltrans.o
 .rodata.str1.1
                0x0000000000080f3c       0x1b C:\Users\timon\AppData\Local\Temp\cckjs5vo.ltrans24.ltrans.o
                                         0x35 (size before relaxing)
 .rodata.str1.1
                0x0000000000080f57        0xa C:\Users\timon\AppData\Local\Temp\cckjs5vo.ltrans25.ltrans.o
                                         0x10 (size before relaxing)
 .rodata.str1.1
                0x0000000000080f61        0x3 C:\Users\timon\AppData\Local\Temp\cckjs5vo.ltrans26.ltrans.o
                                         0x34 (size before relaxing)
 .rodata.str1.1
                0x0000000000000000        0x6 C:\Users\timon\AppData\Local\Temp\cckjs5vo.ltrans27.ltrans.o
 .rodata        0x0000000000080f64      0x1bc C:\Users\timon\AppData\Local\Temp\cckjs5vo.ltrans27.ltrans.o
 .rodata        0x0000000000081120       0x10 C:\Users\timon\AppData\Local\Temp\cckjs5vo.ltrans28.ltrans.o
 .rodata.str1.1
                0x0000000000081130       0x8d C:\Users\timon\AppData\Local\Temp\cckjs5vo.ltrans28.ltrans.o
 .rodata.str1.1
                0x00000000000811bd        0x9 C:\Users\timon\AppData\Local\Temp\cckjs5vo.ltrans29.ltrans.o

.text           0x00000000000811c8    0x32756
 *(.text*)
 .text          0x00000000000811c8       0x50 irq_JN516x.o
                0x00000000000811c8                PIC_ChannelPriorities
                0x00000000000811d8                PIC_SwVectTable
 .text          0x0000000000081218       0xd0 portasm_JN516x.o
                0x0000000000081218                OSMIUM_HwVectTable
                0x0000000000081254                vExternalException
 .text          0x00000000000812e8     0x4654 C:\Users\timon\AppData\Local\Temp\cckjs5vo.ltrans0.ltrans.o
                0x00000000000812e8                APP_vProcessIncomingSerialCommands
 .text          0x000000000008593c     0x2658 C:\Users\timon\AppData\Local\Temp\cckjs5vo.ltrans1.ltrans.o
                0x0000000000085967                zps_bAplZdoSimpleDescServer
                0x0000000000085bb5                APP_cbToggleLED
                0x0000000000085c4e                vZdoServersInit.2366
                0x0000000000085dfa                vPostVsMcpsDcfmInd.161328
                0x0000000000085e84                vPostMlmeDcfmInd.161314
                0x0000000000085fa2                UART_vSetTxInterrupt
                0x0000000000085fd0                ZPS_u16NwkNibFindNwkAddr
                0x0000000000086071                eCLD_GroupsCreateGroups.constprop.143
                0x00000000000861a2                zps_vSendJoinDcfm
                0x00000000000861e9                vGiveUp.286708
                0x0000000000086221                ZPS_eTsvOpen
                0x000000000008623e                zps_bZgpRemoveTxQueue
                0x00000000000862cc                ZPS_psZgpFindGpstEntry
                0x0000000000086323                ZPS_u8MacIFTGetChannelMaskCount
                0x0000000000086363                ZPS_u8MacIFTGetIntfState
                0x0000000000086380                zps_vNwkHandleCmeGetInterface
                0x00000000000864cc                u32GetScanChannels.isra.3.152249
                0x0000000000086501                ZPS_vMacIFTGetChannelMaskFromMacId
                0x0000000000086583                iPDM_FilterDuplicateAppendedSegmentsOnList.263168
                0x00000000000865ca                u8PDM_CalculateLargestDataRecordStored
                0x00000000000865fb                ZPS_bIsMacAddressUsedInApsTable
                0x00000000000866cc                eCLD_GroupsCheckGroupExists
                0x0000000000086739                eGp_BufferTransmissionPacket
                0x00000000000868a0                zps_vNwkBttMgrInit
                0x00000000000868ce                ZPS_vNwkNibClearTables
                0x00000000000869f9                ZPS_u8GrabMutexLock.constprop.275
                0x0000000000086a3c                ZPS_u8ReleaseMutexLock.constprop.274
                0x0000000000086a67                zps_eAplAfGetSimpleDescriptor
                0x0000000000086abe                vEnableReceive.292708
                0x0000000000086af7                psGetTxFrameBuffer
                0x0000000000086b33                psGetAndBuildCoordRealignment
                0x0000000000086b8b                PDUM_vInit
                0x0000000000086c28                vMicroIntEnableOnly.constprop.244
                0x0000000000086c54                TSV_eStart
                0x0000000000086ca4                vZGPParseMacMcpsData
                0x0000000000086e50                ZPS_eTsvStart
                0x0000000000086e8d                zps_sZgpAddTxQueue
                0x0000000000086fad                zps_eNwkHandleSceNwkUpdate
                0x0000000000086fd1                vNwkMcpsSendTimedDfcm
                0x0000000000087015                zps_vAplApsCheckAndStartPollTimer
                0x0000000000087074                zps_eAplZdoBdrmRequestSend
                0x00000000000870ef                vProcessTimedList.273478
                0x0000000000087136                zps_vNwkMcpsMgrPostTimed
                0x0000000000087149                zps_vAplAfPostTimerEvent
                0x00000000000871e9                zps_vExpireOldRoutes
                0x0000000000087272                zps_eNwkBtrMatch
                0x000000000008736f                PDM_vEnterCriticalSection
                0x000000000008739e                vAHI_SpiRestoreConfiguration.constprop.243
                0x00000000000873df                vAHI_SpiReadConfiguration.constprop.240
                0x0000000000087410                vConfigureSpi
                0x0000000000087450                bAHI_FullFlashRead
                0x0000000000087493                vOtaFlashRead
                0x0000000000087495                bAHI_FlashInit.constprop.239
                0x000000000008760c                zps_bAreCredPresent
                0x0000000000087690                vOtaFlashInitHw
                0x0000000000087692                AESSW_vMMOFinalUpdate
                0x0000000000087755                AESSW_vHMAC_MMO
                0x00000000000877f3                zps_pvAesGetKeyFromInstallCode
                0x000000000008787a                zps_vAplSecSetInitialSecurityState
                0x00000000000879a9                iAHI_WriteDataIntoEEPROMsegment.constprop.229
                0x00000000000879f7                vACI_OptimisedCcmStar.constprop.227
                0x0000000000087be3                zps_eNwkRtDiscMatch.constprop.224
                0x0000000000087c36                vMiniMac_MLME_SetReq_PanId
                0x0000000000087c73                vMiniMac_MLME_SetReq_ShortAddr
                0x0000000000087c81                ZPS_u8MacPibGetBeaconPayload.constprop.179
                0x0000000000087c9d                ZPS_vGetDeviceCurrentData.constprop.178
                0x0000000000087d1c                bGP_IsProxyTableEntryPresent.constprop.169
                0x0000000000087d8c                bGP_IsDuplicatePkt.constprop.168
                0x0000000000087edc                pvZCL_HeapAlloc.part.0.116925.constprop.121
                0x0000000000087f16                ZTIMER_eOpen.constprop.115
                0x0000000000087f58                zps_eSocMacSetTxBuffers
 .text          0x0000000000087f94     0x2a4e C:\Users\timon\AppData\Local\Temp\cckjs5vo.ltrans2.ltrans.o
                0x0000000000087f94                zps_bAplZdoBindRequestServer
                0x00000000000880cc                vZdoEndDeviceBindTimeoutSecondMessage
                0x00000000000880e0                vPostMcpsDcfmInd.161321
                0x00000000000880e3                psGetVsMcpsBuf.161325
                0x00000000000880ec                psGetMlmeBuf.161311
                0x00000000000880f5                psGetMcpsBuf.161318
                0x00000000000880fe                zps_vExpireRequestKeyReq.152172
                0x0000000000088178                psGetNlmeBuf.142455
                0x0000000000088181                psGetNldeBuf.142476
                0x000000000008818a                psGetApsmeBuf.142462
                0x0000000000088190                psGetApsdeBuf.142469
                0x00000000000882a9                APP_bMultimaskJoinCallBack
                0x00000000000882b5                vMacMcpsCallBackHandler.135353
                0x0000000000088300                eCLD_ColourControlCommandHandler
                0x0000000000088305                eCLD_LevelControlCommandHandler
                0x000000000008830a                vLogAssert.8680
                0x000000000008830d                vLogPutch.8677
                0x000000000008836b                vLogInit.8675
                0x000000000008836e                APP_vProfileWideCommandSupportedForCluster
                0x0000000000088380                vfExtendedStatusCallBack
                0x0000000000088383                APP_ZCL_cbGeneralCallback.6800
                0x0000000000088386                zps_vGetZpsMutex
                0x000000000008838f                vLoopbackTimerCallback
                0x000000000008851f                bCLD_GroupsSearchForGroup.28660
                0x0000000000088544                RND_u32GetRand
                0x000000000008856c                u16CalculateFailedTxCount
                0x000000000008859c                vZdoIeeeAddrServerSendExtendResponse.part.0.166771
                0x0000000000088600                vZdoNwkAddrServerSendExtendResponse.part.0.165505
                0x0000000000088664                bFindMatch.164154
                0x00000000000886c2                vHandleUpdateDeviceIndication.152204
                0x00000000000886ec                zps_vByteCopy.part.2.148344
                0x0000000000088708                zps_vByteCopy
                0x0000000000088720                bDuplicateCheck.148152
                0x000000000008882d                zps_vAplApsInitDuplicateTable
                0x0000000000088850                psApsmeRequestKeyGetHandle
                0x00000000000888ab                eHandleRemoveNonBroadcastEndpointsFromGroup.146636
                0x0000000000088923                eHandleAddEntryToGroupTable.146623
                0x000000000008897f                zps_vAplApsInitFragTransmitPool
                0x00000000000889a0                zps_vAplApsFillAndPostApsAck
                0x0000000000088a0a                zps_u8AplApsFreeMsgHandle
                0x0000000000088a74                zps_vAplApsInitSyncMsgPool
                0x0000000000088aac                u8BlocksToSendInWindow.143883
                0x0000000000088afe                zps_vAplApsInitFragReceivePool
                0x0000000000088b21                vFillDataIndStruct.142133
                0x0000000000088b7f                vFillApduErrorEvent.142126
                0x0000000000088bc2                bCheckProfile.142121
                0x0000000000088c09                vWrite64Nbo
                0x0000000000088c36                vWrite32Nbo
                0x0000000000088c4e                ZPS_bIsGroupPresent
                0x0000000000088c86                PDUM_u16SizeNBO
                0x0000000000088ce4                PDUM_u16APduInstanceWriteStrNBO
                0x0000000000088e63                PDUM_eNPduReadFooterNBO.part.5.137681
                0x0000000000088ea8                PDUM_u16APduInstanceReadNBO
                0x0000000000088ef3                PDUM_u16APduInstanceWriteNBO
                0x0000000000088f5d                PDUM_thAPduInstanceGetApdu
                0x0000000000088f78                PDUM_eAPduFreeAPduInstance
                0x0000000000088fde                zps_bAplZdoEndDeviceBindServer
                0x0000000000089096                vReset_StateMachine.164197
                0x00000000000890da                PDUM_eAPduInstanceSetPayloadSize
                0x0000000000089102                PDUM_eNPduWriteDataFromBuffer
                0x000000000008915c                PDUM_eNPduWriteDataToBuffer
                0x00000000000891ba                PDUM_eNPduWriteFromBuffer
                0x00000000000891e3                PDUM_eNPduDescend
                0x0000000000089209                PDUM_eNPduAscend
                0x000000000008922f                PDUM_eNPduClaimData
                0x000000000008929c                PDUM_eNPduAppendDataNBO
                0x00000000000892f9                PDUM_eNPduClaimHeader
                0x000000000008931c                PDUM_eNPduReadHeaderNBO
                0x000000000008936f                PDUM_eNPduPrependHeaderNBO
                0x00000000000893ca                PDUM_eNPduFree
                0x0000000000089428                zps_vAplApsFragReceiveFree.142156
                0x000000000008943e                PDUM_eNPduInitDescending
                0x0000000000089459                zps_vInitAPSMECmdHdr
                0x0000000000089490                ZPS_u8MacGetChannelOffsetFromMask
                0x000000000008949f                ZPS_eMacValidateChannelMask
                0x00000000000894ce                BDB_u8PickChannel
                0x000000000008952c                eZCL_SearchForClusterEntry
                0x00000000000895a6                eZCL_BuildTransmitAddressStructure
                0x0000000000089613                eZCL_SearchForEPentry
                0x000000000008964f                eGP_FindGpCluster
                0x0000000000089690                u16GP_GetStringSizeOfProxyTable
                0x0000000000089779                eZCL_SearchForEPentryAndCheckManufacturerId
                0x00000000000897b7                vZCL_PassEventToUser
                0x00000000000897e4                eZCL_GetAttributeReportableEntry.part.1.123977
                0x0000000000089887                vZCL_SetDefaultReporting
                0x00000000000898b9                eZCL_BuildClientTransmitAddressStructure
                0x00000000000898ea                bValidateCommandWithCommandsFlags.114981
                0x0000000000089933                u8GetTransactionSequenceNumber
                0x0000000000089945                bZCL_CheckManufacturerSpecificCommandFlagMatch
                0x0000000000089963                bZCL_CheckAttributeDirectionFlagMatch
                0x0000000000089987                bZCL_CheckManufacturerSpecificAttributeFlagMatch
                0x00000000000899a5                eZCL_SearchForAttributeEntry
                0x0000000000089a4a                eZCL_GetAttributeTypeSize
                0x0000000000089a69                eZCL_Register
                0x0000000000089cc0                u8ZCL_GetAttributeAllignToFourBytesBoundary
                0x0000000000089cd5                pvZCL_GetAttributePointer
                0x0000000000089d4b                vReverseMemcpy.part.2.103324
                0x0000000000089d80                vReverseMemcpy
                0x0000000000089d98                sOtaGetHeader
                0x0000000000089ea7                u16ZCL_GetStringStructureSize
                0x0000000000089ee4                u16ZCL_GetStringAttributeTypeSizeFromBuffer
                0x0000000000089f55                u16ZCL_GetStringSizeAndBufferFromStructure
                0x0000000000089fe4                bZCL_SendCommandResponse
                0x000000000008a000                vZCL_InitializeClusterInstance
                0x000000000008a015                u8ZCL_GetEPIdFromIndex
                0x000000000008a037                boDLISTisEmpty
                0x000000000008a04f                vDLISTaddToTail
                0x000000000008a07d                psDLISTremove
                0x000000000008a0e0                vOtaFlashLockRead
                0x000000000008a126                bBestGPD_GPPLink
                0x000000000008a153                u16GetProxyTableString
                0x000000000008a305                bGP_CheckGPDAddressMatch
                0x000000000008a3bc                bGP_ValidateGPDF_Fields
                0x000000000008a443                u8GP_GetLQIQuality
                0x000000000008a46b                vCreateDataIndFromBufferedCmd
                0x000000000008a53c                u16GP_DeriveAliasSrcAddr
                0x000000000008a57e                ZTIMER_eStart
                0x000000000008a5dc                ZTIMER_eStop.part.4.9971
                0x000000000008a622                ZQ_bQueueReceive
                0x000000000008a693                ZQ_bQueueSend
                0x000000000008a709                APP_vGenCallback
                0x000000000008a727                APP_cbTimerGPZclTick
                0x000000000008a74e                App_TransportKeyCallback
                0x000000000008a76d                vAPP_ZCL_DeviceSpecific_Init
                0x000000000008a7c4                App_u16BufferReadNBO
                0x000000000008a8f2                APP_u16GetAttributeActualSize
                0x000000000008a9c6                ZPS_psMacIFTGetInterface
 .text          0x000000000008a9e2     0x2003 C:\Users\timon\AppData\Local\Temp\cckjs5vo.ltrans3.ltrans.o
                0x000000000008a9e2                vPermitJoinHandleExpiry.277014
                0x000000000008aa8a                boIdValueSearchMatch.262084
                0x000000000008ac3d                zps_vFragmentWindowTimeout.142117
                0x000000000008ac9e                zps_vNwkHandleCmePermitJoinReq
                0x000000000008ad06                zps_bAplZdoNodeDescServer
                0x000000000008ae78                zps_bAplZdoPowerDescServer
                0x000000000008af9c                zps_bAplZdoActiveEpServer
                0x000000000008b085                zps_bAplZdoSystemServerDiscoveryServer
                0x000000000008b164                bGP_AliasPresent
                0x000000000008b330                vSL_TxByte.8682
                0x000000000008b366                vMMAC_RadioToOffAndWait
                0x000000000008b383                vStartReceive
                0x000000000008b39f                vSetChannelAndPower
                0x000000000008b528                vMiniMac_PLME_SetReq_Power
                0x000000000008b53c                vMiniMac_PLME_SetReq_Channel
                0x000000000008b544                iPDM_ReadUserDataFromEEPROMsegment
                0x000000000008b5be                iPDM_ReCalculateWearCountAndChecksumAndWriteFileSystemHeader
                0x000000000008b608                vPDM_SetEEPROMandFileSystemValidState
                0x000000000008b62f                iPDM_ReadUserDataFromFileSystemRecord
                0x000000000008b64f                iPDM_CompareDataInFileRecords.262344
                0x000000000008b68b                vPDM_WriteFileSystemRecordAndSegmentDataIntoEEPROMsegment
                0x000000000008b6c6                iPDM_ReadSegmentHeaderDataFromEEPROMsegment
                0x000000000008b71f                u16ZCL_APduInstanceReadStringNBO.part.3.104884
                0x000000000008b7f7                eZCL_GetAttributeTypeSizeFromBuffer
                0x000000000008b86e                u16ZCL_GetTxPayloadSize
                0x000000000008b8a6                u16ZCL_APduInstanceWriteNBO
                0x000000000008b932                u16ZCL_WriteCommandHeader
                0x000000000008b9aa                u16ZCL_APduInstanceReadNBO
                0x000000000008ba8f                u16ZCL_ReadCommandHeader.part.0.107865
                0x000000000008bb06                u16ZCL_ReadCommandHeader
                0x000000000008bb14                eCLD_OnOffCommandHandler
                0x000000000008bb31                u16ZCL_APduInstanceWriteStringNBO.part.0.104843
                0x000000000008bc0d                eCopyFragmentToApdu.isra.0.142165
                0x000000000008bd2f                u8ZdoEndDeviceBindServerUnpackApdu
                0x000000000008bdbf                vZdoEndDeviceBindStateIdle
                0x000000000008c0ea                u8ZdoBindUnbindServerUnpackApdu
                0x000000000008c139                eOtaFindCluster.constprop.176
                0x000000000008c181                eOTA_NewImageLoaded.part.4.93624.constprop.172
                0x000000000008c1eb                vAppInitOTA
                0x000000000008c2c5                eOTA_GetOtaHeader.part.9.93637
                0x000000000008c354                bGP_GPDFValidityCheck
                0x000000000008c4fa                vGP_RemoveGPDFromProxySinkTable
                0x000000000008c577                vApp_GP_RegisterDevice.constprop.122
                0x000000000008c7ca                bGP_CheckFrameToBeProcessed
                0x000000000008c80b                PWRM_vWakeInterruptCallback
                0x000000000008c892                ZPS_vMacPibSetBeaconPayload.constprop.206
                0x000000000008c8c7                zps_vInitBeaconPayload
                0x000000000008c922                zps_bAplZdpUnpackNodeDescResponse
 *fill*         0x000000000008c9e5        0x3 00
 .text          0x000000000008c9e8     0x200c C:\Users\timon\AppData\Local\Temp\cckjs5vo.ltrans4.ltrans.o
                0x000000000008c9e8                AppColdStart
 .text          0x000000000008e9f4     0x1f56 C:\Users\timon\AppData\Local\Temp\cckjs5vo.ltrans5.ltrans.o
                0x000000000008e9f4                zps_eNwkHandleSceLinkStatus
                0x000000000008ebc3                APP_vSendJoinedFormEventToHost.part.2.2976
                0x000000000008ec54                zps_bGetFlashCredential
                0x000000000008ed49                zps_psFindKeyDescr
                0x000000000008eeb6                zps_eAplApsmeBindReqRsp
                0x000000000008ef89                zps_eAplApsmeUnBindReqRsp
                0x000000000008f02d                zps_eAplZdoUnbind
                0x000000000008f0ad                zps_eAplZdoGroupEndpointRemove
                0x000000000008f13e                zps_eAplApsmeRemoveAllGroupsReqRsp
                0x000000000008f17f                zps_eAplAibSetApsTrustCenterAddress
                0x000000000008f195                zps_vAplTrustCenterInit
                0x000000000008f224                ZPS_vNMPurgeEntry
                0x000000000008f3e6                ZPS_vSetDevicePreviousData.constprop.151
                0x000000000008f5d6                vInitUnknownNeighbor.273485.constprop.69
                0x000000000008f62f                zps_bAplZdoTrustCenterSetDevicePermissions
                0x000000000008f6f0                zps_eAplZdoAddReplaceLinkKey_W
                0x000000000008f7b4                ZPS_bNwkNibAddrMapAddEntry
                0x000000000008f969                zps_eAplZdoBind
                0x000000000008f9fd                zps_vAgeRouter
                0x000000000008fa37                zps_eNwkHandleSdeActvDcfmData
                0x000000000008fbbc                vMcpsMgrTimeoutExpiry
                0x000000000008fc26                zps_vNwkSecondTickHandleExpiry
                0x000000000008fe11                zps_eNwkHandleSceRouteRequest
                0x00000000000902e5                zps_sNwkNibNtCheckJoin.part.8.275200
                0x000000000009059e                zps_vNwkHandleCmeDirectJoinReq
                0x0000000000090647                zps_vJoinInitNtParent
                0x000000000009082b                eSmeOrphScanDcfm.287179
                0x00000000000908a3                vContinueRejoin.285874
 .text          0x000000000009094a     0x19f1 C:\Users\timon\AppData\Local\Temp\cckjs5vo.ltrans6.ltrans.o
                0x000000000009094a                eBeaconReqSent.292353
                0x0000000000090971                zps_bAplZdoIeeeAddrServer
                0x0000000000090acd                zps_bAplZdoNwkAddrServer
                0x000000000009102f                vZgpSendTxAfterRx
                0x000000000009111e                APP_vIdentifyEffectEnd
                0x0000000000091149                vPDM_AddFileSystemElementToListInAscendingWearCountOrder
                0x0000000000091271                vPDM_MoveFileRecordFromListToList
                0x0000000000091293                vPDM_MoveRecordToDeAllocList
                0x00000000000912b3                iPDM_GetWearLevelledBuffer
                0x0000000000091386                iPDM_WriteSegmentHeaderAndData
                0x00000000000914d4                vIncrementFrameCounterInPdm.isra.0.274906
                0x00000000000916b5                zps_eNwkSecEncryptPacket
                0x00000000000917cb                vProcessListsForSubmission.273574
                0x0000000000091a15                zps_vNwkMcpsMgrPost
                0x0000000000091a39                iPDM_ReconstructAtRunTimeReplacedDataTable
                0x0000000000091b79                zps_u8AplApsConstructAndPostLoopBackDataInd.145079
                0x0000000000091cb2                u8PostUnicastMsgToNHLE.145087
                0x0000000000091ceb                vSendToTxQueue
                0x0000000000092068                PWRM_vManagePower
                0x00000000000921b3                eCLD_GroupsSetIdentifying
                0x00000000000921e6                vCLD_IdentifyTimerClickCallback.29809
                0x0000000000092264                eZCL_ReadLocalAttributeValue.constprop.34
 .text          0x000000000009233b     0x22cf C:\Users\timon\AppData\Local\Temp\cckjs5vo.ltrans7.ltrans.o
                0x000000000009233b                vMMAC_IntHandlerBbc
                0x0000000000092355                eBasicTxCompleteHandler
                0x000000000009235a                vTxRxTimeout.292706
                0x00000000000923b7                eSmeUDNTScanDcfm.282617
                0x00000000000923d3                vNwkMcpsTimerCallback
                0x00000000000923ed                zps_eSceGenlIllegal
                0x00000000000923f4                zps_eSmeGenlIllegal
                0x0000000000092467                ZPS_vInterceptMcpsDataCallback
                0x00000000000924c9                pvHeap_Alloc.constprop.105
                0x00000000000924cd                vAHI_UartReset.part.4.294737.constprop.44
                0x00000000000924f9                psSearchList.102628.constprop.22
                0x000000000009251b                ZPS_eTsvStop
                0x000000000009255a                zps_vAplApsStopPollTimer
                0x00000000000925e9                ZPS_vResetBoundServerContext
                0x00000000000925ec                ZPS_u8GetChannelOffset
                0x000000000009261e                vMicroIntRestoreState
                0x000000000009262a                PDM_vExitCriticalSection
                0x000000000009264d                bAHI_WriteEEPROMfixSegmentData
                0x00000000000926ab                bAHI_InitialiseEEPROM
                0x00000000000926f3                vAHI_ReadDataFromEEPROMregister
                0x0000000000092720                vAHI_WriteDataIntoEEPROMregister
                0x0000000000092750                iPDM_WriteSegmentHeaderDataIntoEEPROMsegment
                0x000000000009277f                u32RaiseDigitalVoltage
                0x000000000009279f                u8AHI_WakeTimerFiredStatus
                0x00000000000927b3                vAHI_WakeTimerStop.part.3.294983
                0x00000000000927d3                vAHI_OptimiseWaitStates
                0x000000000009281f                bAHI_GetClkSource
                0x000000000009282c                vAHI_SwReset
                0x000000000009285d                vAHI_DioSetOutput
                0x0000000000092871                vAHI_DioSetDirection
                0x0000000000092885                bIssueACIcommand
                0x000000000009291b                bACI_WriteKey
                0x0000000000092928                vACI_CmdWaitBusy
                0x0000000000092935                vEcbEncodeStripe.294192
                0x000000000009298c                i16JPT_ConvertEnergyTodBm
                0x000000000009299e                MAC_u64GetExtAddr
                0x00000000000929b9                eAppApiDefPlmeGet.part.0.292969
                0x00000000000929c8                psSearchForFrameToSend
                0x0000000000092a20                eMiniMac_FrameInProgress
                0x0000000000092a4b                vRemoveFromTxQueue
                0x0000000000092a87                vAddToTxQueue
                0x0000000000092abd                u8GetHeaderSize
                0x0000000000092ae5                vMiniMac_PLME_SetReq_CcaMode
                0x0000000000092af9                vMiniMac_MLME_SetReq_MaxCsmaBackoffs
                0x0000000000092b19                vMiniMac_MLME_SetReq_MaxBe
                0x0000000000092b3c                vMiniMac_MLME_SetReq_MinBe
                0x0000000000092b5f                zps_psFormatCmdFrameGeneral
                0x0000000000092c0b                zps_eNwkFormStInit
                0x0000000000092c38                bCheckMatchingEntry.283369
                0x0000000000092c5e                zps_psNwkSlistRemoveFromHead
                0x0000000000092c75                zps_psNwkSlistRemove
                0x0000000000092cad                zps_bNwkMcpsMgrRemoveDescrFromLists
                0x0000000000092ceb                zps_vNwkSlistAddToTail
                0x0000000000092d05                zps_vNwkMcpsMgrFreeReqDescr
                0x0000000000092d3a                zps_vNwkRemoveConflictedBroadcast
                0x0000000000092d8f                ZPS_pvNwkSecGetNetworkKey
                0x0000000000092dc3                ZPS_bNwkSecHaveNetworkKey
                0x0000000000092df7                ZPS_bNwkSecFindMatSet
                0x0000000000092e33                zps_eNwkRctMatchNwkAddr
                0x0000000000092e9d                ZPS_u8NwkCalcNldeReqOverhead
                0x0000000000092ed8                zps_vRemoveNextHop
                0x0000000000092f8d                zps_vRemoveRoute
                0x0000000000093024                zps_psNwkRtMatchNwkAddr
                0x000000000009309a                zps_vNwkFreeMcpsHandle
                0x00000000000930c4                zps_u8NwkAllocateMcpsHandle
                0x0000000000093115                zps_psNwkMcpsMgrFindPendingByNwkDstAddr
                0x000000000009312b                ZPS_u64NwkNibGetMappedIeeeAddr
                0x000000000009315b                ZPS_vNwkSecResetDevice
                0x00000000000931a3                ZPS_bNwkNibNtActvMatch
                0x0000000000093255                ZPS_u64NwkNibFindExtAddr
                0x00000000000932fb                bCheckNwkAddr
                0x0000000000093344                bIsBindTableMatch.146656
                0x00000000000933ac                eRemoveEntryInBindingTable.146660
                0x000000000009342f                zps_bAplZdoTrustCenterGetDevicePermissions
                0x000000000009347c                zps_eAplTrustCenterFindDevice
                0x00000000000934c0                ZPS_vSetExtendedStatus
                0x00000000000934d2                zps_eNwkRtMatch
                0x00000000000935df                eAllocateNPDU.137612
                0x0000000000093642                PDUM_eNPduClone
                0x000000000009368e                PDUM_hAPduAllocateAPduInstance
                0x00000000000936e8                hZCL_AllocateAPduInstance
                0x0000000000093724                zps_eAplZdoSendZdpResponse
                0x000000000009376d                zps_bAplZdoMgmtLqiServer
                0x00000000000939a2                zps_bAplZdoMgmtRtgServer
                0x0000000000093ae2                zps_psApsApsAllocateDcfmRecord
                0x0000000000093b50                zps_u8CalcLinkCost
                0x0000000000093b8c                ZPS_u8NwkNibNtDiscMatch
                0x0000000000093c70                zps_u8NwkLibChannelLow
                0x0000000000093c7f                zps_u64NwkLibFromPayload
                0x0000000000093cbe                vMacMlmeCallBackHandler.135349
                0x0000000000093f29                psAddToDiscNt.283165
                0x00000000000940c5                eSmeUDNTBeaconInd.283172
                0x00000000000940ea                zps_vNwkLibU64ToPayload
                0x0000000000094117                zps_eNwkDcfmIndPost
                0x0000000000094139                zps_psNwkDcfmIndGetBuf
                0x000000000009415b                zps_eNwkHandleSmePollDcfm
                0x0000000000094185                zps_vSendJoinInd
                0x00000000000941f3                vSendDcfm.283920
                0x0000000000094217                eSmeEdScScanDcfm.283176
                0x0000000000094260                eSmeGenlScanDcfm.283180
                0x00000000000942be                zps_eNwkHandleSmeDutyCycleInd
                0x00000000000942e6                eRouteRequestDataDcfm.278236
                0x000000000009433a                eNldeDataDcfm.275954
                0x000000000009436a                zps_vSendNwkStatusInd
                0x000000000009439b                eEdTimeoutRequestDataDcfm.272411
                0x00000000000943bc                eLeaveDataDcfmRemoteLeave.269462
                0x0000000000094417                psSLISTsearch
                0x0000000000094457                psSLISTremove
                0x00000000000944d5                psSLISTgetNext
                0x00000000000944f9                iSLISTnumberOfNodes
                0x0000000000094510                u8PDM_ReadSequenceNumber
                0x0000000000094533                boSegmentNumberDeleteSearchMatch.262531
                0x000000000009454e                u8PDM_ReadSegmentDataSize
                0x0000000000094562                u32PDM_ReadFileSystemHeaderWearCount
                0x0000000000094578                boSearchForWearCountSubstitute.263222
                0x000000000009459e                boSearchForWearCountInsertPoint.262080
                0x00000000000945bc                vPDM_WriteFileSystemHeaderWearCount
                0x00000000000945ce                vPDM_ReadBitmapHeader.261102
                0x00000000000945ed                RND_u32GetRand256
 .text.unlikely
                0x000000000009460a       0xc8 C:\Users\timon\AppData\Local\Temp\cckjs5vo.ltrans7.ltrans.o
                0x000000000009461f                vAHI_MemoryHold.294415
 .text          0x00000000000946d2     0x1f22 C:\Users\timon\AppData\Local\Temp\cckjs5vo.ltrans8.ltrans.o
                0x00000000000946d2                eSmeAcScBeaconInd.283374
                0x00000000000947d7                vRetryCcaFailure
                0x0000000000094b55                zps_bAplZdoMatchDescServer
                0x0000000000094b69                eOrphanNotificationSent.292349
                0x0000000000094bb2                vSL_WriteMessage
                0x0000000000094c2f                app_vFormatAndSendUpdateLists
                0x000000000009505d                vFreePendingReqDescr
                0x00000000000950c7                vHandleRouteDiscoveryExpiry.277775
                0x0000000000095125                eHandleRemoveBroadcastEndpointsFromGroup.146619
                0x000000000009517f                bAHI_FullFlashProgram
                0x0000000000095235                vOtaFlashWrite
                0x0000000000095237                ZPS_bSecDecrypt
                0x0000000000095328                zps_vNwkMcpsMgrTidyBtrReqDescr
                0x000000000009536c                vNwkBttTimerExpiry.281329
                0x000000000009548e                eZCL_SetReceiveEventAddressStructure
                0x000000000009550d                eCLD_ThermostatCommandHandler
                0x0000000000095559                dbg_vPrintfImplNoneVerbose
                0x00000000000959e0                vShowException
                0x0000000000095aa2                vReportException
                0x0000000000095bb0                ZPS_bSecEncrypt
                0x0000000000095d61                zps_vAplApsFragTransmitNotifyApp.145035
                0x0000000000095dfd                zps_vHandleExtendedDataAckFrame
                0x0000000000095ee3                bAHI_FlashEraseSector
                0x0000000000095f3f                vOtaFlashErase
                0x0000000000095f41                vMiniMac_McpsCallback
                0x00000000000961f7                eMcpsTxCompleteHandler.291674
                0x0000000000096225                eZCL_WriteLocalAttributeValue.constprop.24
                0x00000000000962fb                boPDM_IsBitmapSaturated.261137
                0x0000000000096344                ZPS_u8MacIFTAddUpdateChannelMask
                0x00000000000963de                ZPS_u16MacIFTGetIDByChannelMask
                0x0000000000096423                zps_eAplAibSetApsChannelMask
                0x000000000009644e                zps_psNwkInitCmdFrame
                0x00000000000964cd                eSendLinkStatusDataDcfm.part.1.271153
 .text          0x00000000000965f4     0x1cf0 C:\Users\timon\AppData\Local\Temp\cckjs5vo.ltrans9.ltrans.o
                0x00000000000965f4                ZPS_vNwkMacDataPollRequest
                0x000000000009697b                zps_vNwkHandleCmeRouteDiscoveryReq
                0x0000000000096b49                zps_eNwkHandleSceRouteRecord
                0x0000000000096c40                vSendNetworkReport.272269
                0x0000000000096d1e                vPDM_MoveAllDataFromListToList
                0x0000000000096d5c                vPDM_MoveAllDataToDeAllocList.constprop.246
                0x0000000000096d87                iPDM_ReplaceChangedSegmentInSequence
                0x0000000000096f76                iPDM_VerifyDataSequenceWithBufferId
                0x0000000000097012                iPDM_ReconstructReplacedDataTable
                0x0000000000097109                vPDM_MoveAllDataWithBufferIdAndStateFromListToList
                0x0000000000097194                iPDM_CreateCandidateBufferList
                0x0000000000097298                vPDM_MoveAllDataWithBufferIdFromListToList
                0x000000000009731d                vPDM_DeleteAppendedSequence
                0x00000000000973bf                PDM_eSaveRecordData
                0x0000000000097761                ZPS_vNwkSaveRecord
                0x00000000000977c9                vPDM_DeleteSegmentsWithIdFromFileSystem
                0x00000000000977ea                PDM_vDeleteDataRecord
                0x0000000000097820                zps_psSendFrm
                0x0000000000097b7e                zps_psSendBroadcastFrm.part.0.284609
                0x0000000000097be6                zps_psNwkSendLeaveCmd
                0x0000000000097c4e                zps_psNwkPropagateLocalLeave
                0x0000000000097c76                zps_psSendNetworkStatusCmd
                0x0000000000097ce3                zps_eDefaultDataDcfm
                0x0000000000097dd5                psSendRouteReplyCmd.278218
                0x0000000000097ee7                zps_eNwkHandleSceRouteReply
                0x00000000000981ba                zps_psSendNetworkLinkPowerDelta.279644
                0x000000000009824c                zps_eNwkHandleSceNwkLinkPowerDelta
                0x0000000000098266                zps_psNwkSendRejoinReqCmd
 *fill*         0x00000000000982e4        0x0 00
 .text          0x00000000000982e4     0x1f90 C:\Users\timon\AppData\Local\Temp\cckjs5vo.ltrans10.ltrans.o
                0x00000000000982e4                vMcpsMgrExpiry.273401
                0x0000000000098343                vMiniMac_MlmeCallback
                0x0000000000098553                vMiniMacPoll_CheckPollResponse
                0x00000000000985ae                ePollReqSent.291906
                0x0000000000098736                vScanBeaconReceived
                0x0000000000098775                vPostDcfm.292370
                0x00000000000987e4                vScanNextChannel.292357
                0x0000000000098996                APP_vHandleStackEvents
 .text          0x000000000009a274     0x1b2c C:\Users\timon\AppData\Local\Temp\cckjs5vo.ltrans11.ltrans.o
                0x000000000009a42c                vPollTimeout.291904
                0x000000000009a43b                vSendMlmeCommStatusFromTxFrame
                0x000000000009a491                zps_vSocMacHandleMlmeVsReqRsp.constprop.214
                0x000000000009aa2e                zps_vNwkHandleCmeActvStartRouterReq
                0x000000000009aac5                vHandleEdTimeoutReqExpiry.272277
                0x000000000009ac10                vHandleNwkLocalUpdateAfterBcast.272290
                0x000000000009ac63                vHandleNwkRemoteUpdateAfterBcast.272281
                0x000000000009acb7                ZPS_pvNwkCtor.constprop.204
                0x000000000009b231                ZPS_vNwkHandleNlmeReqRsp
                0x000000000009b2ae                zps_sNwkLibSubmitScan
                0x000000000009b2e7                eSmeAcScScanDcfm.283931
                0x000000000009b65d                zps_vNwkHandleCmeIdleNwkFormReq
                0x000000000009b76e                zps_vNwkHandleCmeNwkDiscReq
                0x000000000009b7e8                zps_vNwkDiscUpdateNT
                0x000000000009b88c                zps_eNwkHandleSmeBeaconNotifyInd
                0x000000000009b91a                zps_eNwkHandleSceNwkReport
                0x000000000009b9a0                eSmeEdScScanDcfm.283924
                0x000000000009ba50                zps_vNwkHandleCmeEdScanReq
                0x000000000009ba9d                vRunningRxCallback
 .text          0x000000000009bda0     0x1a6c C:\Users\timon\AppData\Local\Temp\cckjs5vo.ltrans12.ltrans.o
                0x000000000009c0d8                zps_eNwkHandleSmeAssocInd
                0x000000000009c106                zps_eNwkHandleSceRejnRequest
                0x000000000009c193                u8GP_SecurityProcessCallback
                0x000000000009c428                vTransformKey.isra.0.148339
                0x000000000009c493                zps_eAplSecEncryptPacket
                0x000000000009c588                ZPS_vNwkHandleNldeReqRsp
                0x000000000009c894                zps_eAplSendApsmeCmdFrame
                0x000000000009ca08                zps_eAplApsmeTransportKeyReqRsp.constprop.150
                0x000000000009cba3                vNsTclkSendReqKey.130609
                0x000000000009cdd2                vPostNlmeDcfmInd.142458
                0x000000000009d561                vHandleRemoveDeviceIndication
                0x000000000009d67d                zps_eAplZdoNlmeleaveWrapper
                0x000000000009d744                vNsLeaveNwk.130611
                0x000000000009d776                zps_eAplApsmeRemoveDeviceReqRsp
                0x000000000009d7df                zps_vAplApsmeCmdMgrRetryTimeout.146596
 .text          0x000000000009d80c     0x1a98 C:\Users\timon\AppData\Local\Temp\cckjs5vo.ltrans13.ltrans.o
                0x000000000009d80c                vBbcIntHandler.291245
                0x000000000009db03                eAssocRespSent.291562
                0x000000000009dc74                eSmeAsocAssocDcfm.287334
                0x000000000009dcf8                eSmeRjPCPollDcfm.287330
                0x000000000009dd39                eSceRjRsRejoinRsp.287297
                0x000000000009deb5                zps_eRejoinDataDcfm
                0x000000000009df72                zps_vNwkHandleCmeSyncReq
                0x000000000009dfeb                zps_vAplApsPollTimer
                0x000000000009e04d                vAplSecAuthPollTimerExpiry.152180
                0x000000000009e173                zps_eNwkHandleSmeOrphanInd
                0x000000000009e183                zps_vNwkHandleCmeNwkJoinReq
                0x000000000009e4bb                zps_vNwkHandleCmeNwkActvJoinReq
                0x000000000009e579                zps_eAplZdoGroupEndpointAdd
                0x000000000009e67c                zps_eNwkSendJoinResponse
                0x000000000009e928                zps_vZgpDeviceActiveTimerExpiry
                0x000000000009ea04                zps_eProcessAddrConflict
                0x000000000009ebad                ZPS_vNwkNibCheckAndUpdateAddresses
                0x000000000009ec4e                zps_bAplZdoDeviceAnnceServer
                0x000000000009eefe                zps_eNwkHandleSceNwkStatus
                0x000000000009f092                eRejoinNetwork.152251
                0x000000000009f156                eStartNetworkDiscovery.152263
                0x000000000009f1be                zps_eAplZdoStartStack
 .text          0x000000000009f2a4     0x1d03 C:\Users\timon\AppData\Local\Temp\cckjs5vo.ltrans14.ltrans.o
                0x000000000009f2a4                zps_bAplZdoBindUnbindServer
                0x000000000009f588                zps_bAplZdoDefaultServer
                0x000000000009f7ea                zps_eZdpNodeDescResponse
                0x000000000009f892                zps_eZdpParentAnnceResponse
                0x000000000009f934                zps_eZdpSimpleDescResponse
                0x000000000009fa41                zps_eAplZdpMgmtRtgResponse
                0x000000000009fb08                zps_bAplZdoMgmtNWKUpdateServer
                0x00000000000a004a                zps_eZdpNwkAddrResponse
                0x00000000000a0132                zps_eZdpIeeeAddrResponse
                0x00000000000a021a                zps_eZdpPowerDescResponse
                0x00000000000a02b7                zps_eZdpActiveEpResponse
                0x00000000000a034d                zps_eZdpMatchDescResponse
                0x00000000000a03e3                zps_eZdpSystemServerDiscoveryResponse
                0x00000000000a0452                zps_eAplZdpMgmtLqiResponse
                0x00000000000a062a                ZPS_vSecondTimerCallback
                0x00000000000a0890                vZdoEndDeviceBindStateWaitSendWithAck
                0x00000000000a0bca                zps_bAplZdoZdoClient
                0x00000000000a0d77                zps_eAplAfBoundDataReqNonBlocking
                0x00000000000a0f3a                zps_eAplZdpNodeDescRequest.constprop.197
 .text          0x00000000000a0fa7     0x1adf C:\Users\timon\AppData\Local\Temp\cckjs5vo.ltrans15.ltrans.o
                0x00000000000a0fa7                vStartScanTimerExpiry.182068
                0x00000000000a105e                vChangeChannelTimerExpiry.182072
                0x00000000000a10d5                eLeaveReset.269467
                0x00000000000a1140                eLeaveDataDcfmLocalLeave.269472
                0x00000000000a11ba                ZPS_eAplAfInit
                0x00000000000a19fc                eDiscoverNetworks
                0x00000000000a1a58                eStartRouter
                0x00000000000a1b49                vHandleNwkKeyTransport.152622
                0x00000000000a1c84                zps_vAplAfPostEvent
                0x00000000000a2987                zps_eAplZdoNlmePermitJoiningWrapper
                0x00000000000a29af                zps_bAplZdoPermitJoiningServer
 *fill*         0x00000000000a2a86        0x2 00
 .text          0x00000000000a2a88     0x1b5c C:\Users\timon\AppData\Local\Temp\cckjs5vo.ltrans16.ltrans.o
                0x00000000000a2a88                vZdoBdrmSendNextTimedRequest
                0x00000000000a2d2a                eAplAfCommonDataReq.140640
                0x00000000000a2de4                eZCL_TransmitDataRequest
                0x00000000000a31ac                eZCL_SendDefaultResponse
                0x00000000000a32ab                vZCL_HandleAttributesWriteRequest
                0x00000000000a3733                eSimpleMeteringCommandHandler
                0x00000000000a375f                eZCL_CustomCommandReceive
                0x00000000000a39ba                eGP_HandleZgpNotification
                0x00000000000a3d2d                eCLD_BasicCommandHandler
                0x00000000000a3d9c                eCLD_ScenesCommandHandler
                0x00000000000a3f6b                eCLD_DoorLockCommandHandler
                0x00000000000a3ff6                vZCL_HandleCommandsDiscoverRequest.114995
                0x00000000000a4239                vZCL_HandleDiscoverCommandsResponse.116166
                0x00000000000a4343                vZCL_HandleAttributesReadResponse
                0x00000000000a451f                eZCL_SendDiscoverCommandGenericRequest.115057
 .text          0x00000000000a45e4     0x18e1 C:\Users\timon\AppData\Local\Temp\cckjs5vo.ltrans17.ltrans.o
                0x00000000000a45e4                zps_vAplSaveRecord
                0x00000000000a4693                ZPS_vSwapApsTableEntries
                0x00000000000a476d                zps_bNwkFindAddIeeeAddr
                0x00000000000a48f5                eCheckAddrConflict.isra.7.272540
                0x00000000000a4990                vAplSecRemoveLinkKey.152289
                0x00000000000a4b0e                ZPS_vRemoveEntryFromAddressMap
                0x00000000000a4b57                ZPS_vNwkSaveAllRecords
                0x00000000000a4b82                zps_vSaveAllZpsRecords
                0x00000000000a4ba1                ZPS_vNwkNibSetNwkAddr
                0x00000000000a4bcc                zps_eNwkHandleSceRejnResponse
                0x00000000000a4c29                ZPS_vNwkNibSetExtPanId
                0x00000000000a4c5a                ZPS_vNwkNibSetKeySeqNum
                0x00000000000a4c6f                ZPS_vNwkNibSetDepth
                0x00000000000a4ca5                ZPS_vNwkNibSetUpdateId
                0x00000000000a4cd1                vSendNetworkUpdate.272273
                0x00000000000a4e06                ZPS_vNwkNibSetPanId
                0x00000000000a4e25                ZPS_vNwkNibSetCapabilityInfo
                0x00000000000a4e53                ZPS_vNwkNibSetChannel
                0x00000000000a4e71                zps_u8NwkHandleRejoinReq
                0x00000000000a4f31                zps_vProcessLocalAddrConflict
                0x00000000000a4fdc                vGP_SendResponseGPDF
                0x00000000000a510a                ZPS_vNwkNibSetAuxChannel
                0x00000000000a5123                zps_vNwkHandleCmeSetInterface
                0x00000000000a52d1                ZPS_vNwkSaveNt
                0x00000000000a530e                ZPS_vNwkPurgeMacAddressAndRelatedEntries.part.5.275067
                0x00000000000a541f                ZPS_vNtSetUsedStatus
                0x00000000000a54ed                zps_bAplZdoParentAnnceServer
                0x00000000000a5687                zps_vBuildSortedActvNTList
                0x00000000000a5753                zps_vCheckActvNtForDuplicate
                0x00000000000a57f2                zps_eNwkHandleSceLeave
                0x00000000000a5983                zps_vNwkHandleCmeLeaveReq
                0x00000000000a5aa1                zps_vCleanUnAuthenHandleExpiry
                0x00000000000a5bce                eUnsolicitedRejoinRspDataDcfm.272285
                0x00000000000a5bf9                eRejoinRspDataDcfm.285878
                0x00000000000a5ca5                vFinish.287166
                0x00000000000a5cfb                zps_eNwkHandleSceNwkEdTimeoutReq
                0x00000000000a5df6                zps_eNwkHandleSmeCommStatusInd
                0x00000000000a5eb0                ZPS_vNwkSaveSecMat
 *fill*         0x00000000000a5ec5        0x3 00
 .text          0x00000000000a5ec8     0x1804 C:\Users\timon\AppData\Local\Temp\cckjs5vo.ltrans18.ltrans.o
                0x00000000000a5ec8                vZCL_EventHandler
 .text          0x00000000000a76cc     0x1724 C:\Users\timon\AppData\Local\Temp\cckjs5vo.ltrans19.ltrans.o
                0x00000000000a7887                eCLD_IdentifyCommandHandler
                0x00000000000a7a4d                eCLD_GroupsCommandHandler
                0x00000000000a7fb7                APP_eSendWriteAttributesRequest.constprop.160
                0x00000000000a8431                eOTA_ServerUpgradeEndResponse
                0x00000000000a84c4                eOTA_ServerImageBlockResponse
                0x00000000000a8960                eOtaCommandHandler
                0x00000000000a8c70                eCLD_IASZoneEnrollRespSend
                0x00000000000a8cab                eCLD_IASZoneCommandHandler
 .text          0x00000000000a8df0     0x106c C:\Users\timon\AppData\Local\Temp\cckjs5vo.ltrans20.ltrans.o
                0x00000000000a8df0                vInitialiseApp.8252
 .text          0x00000000000a9e5c     0x152e C:\Users\timon\AppData\Local\Temp\cckjs5vo.ltrans21.ltrans.o
                0x00000000000a9e5c                eZCL_CustomCommandSend.constprop.159
                0x00000000000aa208                vGP_ExitCommMode
                0x00000000000aa31f                vCLD_GPTimerClickCallback.10868
                0x00000000000aab9d                BDB_vRejoinSuccess
                0x00000000000aabfc                vNsDiscoverNwk.130613
                0x00000000000aad15                BDB_vRejoinCycle
                0x00000000000ab016                BDB_vRejoinTimerCb
                0x00000000000ab01b                vNsTryNwkJoin.isra.0.130615
                0x00000000000ab17d                vNsAfterNwkJoin.130603
                0x00000000000ab24b                BDB_vNsTimerCb
                0x00000000000ab2b8                vNfDiscoverNwk.131555
 .text          0x00000000000ab38a     0x15b1 C:\Users\timon\AppData\Local\Temp\cckjs5vo.ltrans22.ltrans.o
                0x00000000000ab38a                eSmeASFlBeaconInd.283188
                0x00000000000ab3ac                eSmeAcScBeaconInd.283196
                0x00000000000ab4bc                zps_psAllocateAndFormatMacHdr
                0x00000000000ab821                iPDM_SearchForBufferIdInList
                0x00000000000ab856                iPDM_ReadUserDataFromSegmentOnListWithId
                0x00000000000ab895                iPDM_SearchForBufferIdInFileSystem
                0x00000000000ab8a8                iPDM_ReadUserDataFromSegmentWithId
                0x00000000000ab8de                PDM_eReadDataFromRecord
                0x00000000000ab965                ZPS_vTcInitFlash.constprop.164
                0x00000000000ab9d2                APP_vConfigureDevice
                0x00000000000abab1                vLoadAplRecord.152233
                0x00000000000abadf                vLoadNwkRecord.274454
                0x00000000000abb17                iPDM_SearchForSpecificSegmentInList
                0x00000000000abb49                bPDM_FindLastMarkerSegment.262373
                0x00000000000abb96                vMiniMac_ReturnTxBufferCallback
                0x00000000000abd5b                vMiniMac_NextTransaction
                0x00000000000abdc8                zps_vDefaultNwkLayer
                0x00000000000ac000                eTransmit
                0x00000000000ac0cf                zps_vSocMacHandleMcpsVsReqRsp.constprop.232
                0x00000000000ac262                eBuildAndSend.292359
                0x00000000000ac2d8                vMiniMac_TxComplete
                0x00000000000ac3cb                ZPS_vMacPibSetRxOnWhenIdle
                0x00000000000ac3d4                vTimerFired
                0x00000000000ac4a9                vMiniMac_Init
                0x00000000000ac86c                vSL_LogSend
                0x00000000000ac91c                vLogFlush.8698
 *fill*         0x00000000000ac93b        0x1 00
 .text          0x00000000000ac93c     0x16fc C:\Users\timon\AppData\Local\Temp\cckjs5vo.ltrans23.ltrans.o
                0x00000000000ac93c                eGP_GreenPowerCommandHandler
                0x00000000000adea2                eCLD_GroupsHandleAddGroupRequest.28409
 .text          0x00000000000ae038     0x11bf C:\Users\timon\AppData\Local\Temp\cckjs5vo.ltrans24.ltrans.o
                0x00000000000ae3b4                zps_vAplTrustCenterUpdateDevice
                0x00000000000ae5d8                zps_vAplTrustCenterRequestKey
                0x00000000000ae79a                ZPS_vAplHandleApsdeReqRsp
                0x00000000000aebba                zps_eAplZdpApsdeReqInternal
                0x00000000000aec29                zps_eAplZdpRequestApsdeReq
                0x00000000000aeca0                zps_eAplZdpMgmtPermitJoiningRequest.constprop.161
                0x00000000000aed43                vNsSendPermitJoin.130601
                0x00000000000aedea                vGP_SendDeviceAnnounce
                0x00000000000aeed7                zps_eAplZdoStartRouter.constprop.82
                0x00000000000aef0d                zps_bAplZdoMgmtBindServer
                0x00000000000af173                zps_eZdpEndDeviceBindResponse
                0x00000000000af194                zps_eAplZdpBindResponse
                0x00000000000af1b5                zps_eZdpUnbindResponse
                0x00000000000af1d6                zps_eZdpMgmtPermitJoiningResponse
 *fill*         0x00000000000af1f7        0x1 00
 .text          0x00000000000af1f8     0x110c C:\Users\timon\AppData\Local\Temp\cckjs5vo.ltrans25.ltrans.o
                0x00000000000af3d7                vPostApsmeDcfmInd.142465
                0x00000000000af687                zps_vHandleApsdeDataFragInd
                0x00000000000afba8                zps_eStartFragmentedTransmission
                0x00000000000afcbf                APP_vHandleAppEvents
 .text          0x00000000000b0304     0x12a4 C:\Users\timon\AppData\Local\Temp\cckjs5vo.ltrans26.ltrans.o
                0x00000000000b0304                vPostNldeDcfmInd.142479
 .text          0x00000000000b15a8     0x128c C:\Users\timon\AppData\Local\Temp\cckjs5vo.ltrans27.ltrans.o
                0x00000000000b15ed                eZLO_RegisterControlBridgeEndPoint.constprop.129
                0x00000000000b1d31                APP_ZCL_cbEndpointCallback.6797
 .text          0x00000000000b2834      0x4c2 C:\Users\timon\AppData\Local\Temp\cckjs5vo.ltrans28.ltrans.o
                0x00000000000b2834                APP_bSendHATransportKey
                0x00000000000b2bc0                ISR_vTickTimer
                0x00000000000b2bf8                APP_isrUart
                0x00000000000b2c56                vStackOverflowHandler
                0x00000000000b2c62                vAlignmentErrorHandler
                0x00000000000b2c6e                vBusErrorHandler
                0x00000000000b2c7a                vIllegalInstructionHandler
                0x00000000000b2c86                vUnclaimedException
                0x00000000000b2cc3                vUnclaimedInterrupt
                0x00000000000b2cd8                vTrapHandler
                0x00000000000b2ce7                vGenericHandler
 .text          0x00000000000b2cf6      0x1e4 C:\Users\timon\AppData\Local\Temp\cckjs5vo.ltrans29.ltrans.o
                0x00000000000b2cf6                zps_vSendNextFragment.145048
 .text          0x00000000000b2eda      0x19a C:\Users\timon\AppData\Local\Temp\cckjs5vo.ltrans30.ltrans.o
                0x00000000000b2f56                APP_cbTimerZclTick.8249
                0x00000000000b2f94                APP_vBdbCallback
                0x00000000000b2feb                vNfRetryNwkFormation.131288
 .text          0x00000000000b3074       0x3f C:\Users\timon\AppData\Local\Temp\cckjs5vo.ltrans31.ltrans.o
                0x00000000000b3074                zps_isrMAC
                0x00000000000b3097                AppWarmStart
 .text          0x00000000000b30b3       0x25 c:/nxp/bstudio_nxp/sdk/tools/ba-elf-ba2-r36379/bin/../lib/gcc/ba-elf/4.7.4/../../../../ba-elf/lib/mcpu_jn51xx_sizeopt\libc.a(lib_a-memcmp.o)
                0x00000000000b30b3                memcmp
 .text          0x00000000000b30d8       0x19 c:/nxp/bstudio_nxp/sdk/tools/ba-elf-ba2-r36379/bin/../lib/gcc/ba-elf/4.7.4/../../../../ba-elf/lib/mcpu_jn51xx_sizeopt\libc.a(lib_a-memcpy.o)
 .text          0x00000000000b30f1       0x12 c:/nxp/bstudio_nxp/sdk/tools/ba-elf-ba2-r36379/bin/../lib/gcc/ba-elf/4.7.4/../../../../ba-elf/lib/mcpu_jn51xx_sizeopt\libc.a(lib_a-memset.o)
                0x00000000000b30f1                memset
 .text          0x00000000000b3103       0x12 c:/nxp/bstudio_nxp/sdk/tools/ba-elf-ba2-r36379/bin/../lib/gcc/ba-elf/4.7.4/../../../../ba-elf/lib/mcpu_jn51xx_sizeopt\libc.a(lib_a-strlen.o)
                0x00000000000b3103                strlen
 .text          0x00000000000b3115       0x2b c:/nxp/bstudio_nxp/sdk/tools/ba-elf-ba2-r36379/bin/../lib/gcc/ba-elf/4.7.4/../../../../ba-elf/lib/mcpu_jn51xx_sizeopt\libc.a(lib_a-strncpy.o)
                0x00000000000b3115                strncpy
 *fill*         0x00000000000b3140        0x0 00
 .text          0x00000000000b3140      0x204 c:/nxp/bstudio_nxp/sdk/tools/ba-elf-ba2-r36379/bin/../lib/gcc/ba-elf/4.7.4/mcpu_jn51xx_sizeopt\libgcc.a(__udivsi3.o)
                0x00000000000b3140                __udivsi3
 .text          0x00000000000b3344       0x30 c:/nxp/bstudio_nxp/sdk/tools/ba-elf-ba2-r36379/bin/../lib/gcc/ba-elf/4.7.4/mcpu_jn51xx_sizeopt\libgcc.a(__divsi3.o)
                0x00000000000b3344                __divsi3
 .text          0x00000000000b3374      0x1b0 c:/nxp/bstudio_nxp/sdk/tools/ba-elf-ba2-r36379/bin/../lib/gcc/ba-elf/4.7.4/mcpu_jn51xx_sizeopt\libgcc.a(__umodsi3.o)
                0x00000000000b3374                __umodsi3
 .text          0x00000000000b3524       0x24 c:/nxp/bstudio_nxp/sdk/tools/ba-elf-ba2-r36379/bin/../lib/gcc/ba-elf/4.7.4/mcpu_jn51xx_sizeopt\libgcc.a(__modsi3.o)
                0x00000000000b3524                __modsi3
 .text          0x00000000000b3548      0x350 c:/nxp/bstudio_nxp/sdk/tools/ba-elf-ba2-r36379/bin/../lib/gcc/ba-elf/4.7.4/mcpu_jn51xx_sizeopt\libgcc.a(_udivdi3.o)
                0x00000000000b3548                __udivdi3
 *fill*         0x00000000000b3898        0x0 00
 .text          0x00000000000b3898       0x48 c:/NXP/bstudio_nxp/sdk/JN-SW-4170/Components/Library\libPWRM_JN516x.a(pwrm_setjmp_JN516x.o)
                0x00000000000b3898                setjmp
                0x00000000000b38bc                PWRM_longjmp
 .text          0x00000000000b38e0       0x27 c:/NXP/bstudio_nxp/sdk/JN-SW-4170/Components/Library\libHardwareApi_JN5169.a(AHI_Interrupt.o)
                0x00000000000b38e0                vAHI_InterruptSetPriority
                0x00000000000b38fe                vAHI_InterruptSetActivePriorityLevel
 .text.vMicroSyscall
                0x00000000000b3907       0x17 c:/NXP/bstudio_nxp/sdk/JN-SW-4170/Components/Library\libMicroSpecific_JN516x.a(MicroSyscall_ba.o)
                0x00000000000b3907                vMicroSyscall
 .text          0x00000000000b391e        0x0 c:/NXP/bstudio_nxp/sdk/JN-SW-4170/Components/Library\libZPSAPL_JN516x.a(zps_apl_version_lc.o)
                0x00000000000b391e                ZPS_APL_Version_3v0
 .text          0x00000000000b391e        0x0 c:/NXP/bstudio_nxp/sdk/JN-SW-4170/Components/Library\libZPSNWK_JN516x.a(zps_nwk_version_lc.o)
                0x00000000000b391e                ZPS_NWK_Version_3v0
                0x00000000000b391e                _flash_end = ABSOLUTE (.)

.rela.dyn       0x00000000000b3920        0x0
 .rela.text     0x0000000000000000        0x0 irq_JN516x.o
 .rela.rodata   0x0000000000000000        0x0 irq_JN516x.o
 .rela.data     0x0000000000000000        0x0 irq_JN516x.o
                0x000000000400004c                . = ORIGIN (ram)

.data           0x000000000400004c      0x710 load address 0x00000000000b3920
                0x000000000400004c                _ram_data_start = ABSOLUTE (.)
 *(.data*)
 .data          0x000000000400004c       0x48 C:\Users\timon\AppData\Local\Temp\cckjs5vo.ltrans2.ltrans.o
                0x000000000400004c                s_asapduZDPInstances
 .data          0x0000000004000094       0x18 C:\Users\timon\AppData\Local\Temp\cckjs5vo.ltrans3.ltrans.o
 *fill*         0x00000000040000ac        0x4 00
 .data          0x00000000040000b0      0x490 C:\Users\timon\AppData\Local\Temp\cckjs5vo.ltrans4.ltrans.o
                0x00000000040000b0                g_asMacInterfaceTable.2582
                0x00000000040000dc                psAplDefaultGlobalAPSLinkKey
                0x00000000040000e0                s_sApl.2467
                0x0000000004000240                s_sLedState
                0x000000000400024c                g_u16zpsCurrentAddress
                0x0000000004000250                sZllState
                0x000000000400028c                s_keyPairTableStorage.2520
 .data          0x0000000004000540        0x8 C:\Users\timon\AppData\Local\Temp\cckjs5vo.ltrans5.ltrans.o
                0x0000000004000540                bCanLoopback.145362
 .data          0x0000000004000548        0x4 C:\Users\timon\AppData\Local\Temp\cckjs5vo.ltrans6.ltrans.o
                0x0000000004000548                u16StoredMacSeqNo
                0x000000000400054a                u8StoredCsma
                0x000000000400054b                u8StoredMinBe
 .data          0x000000000400054c        0x4 C:\Users\timon\AppData\Local\Temp\cckjs5vo.ltrans7.ltrans.o
                0x000000000400054c                u32HeapStart
 .data          0x0000000004000550        0x1 C:\Users\timon\AppData\Local\Temp\cckjs5vo.ltrans8.ltrans.o
 *fill*         0x0000000004000551        0x3 00
 .data          0x0000000004000554       0x24 C:\Users\timon\AppData\Local\Temp\cckjs5vo.ltrans12.ltrans.o
                0x0000000004000554                gsGreenPowerContext
 .data          0x0000000004000578       0x1c C:\Users\timon\AppData\Local\Temp\cckjs5vo.ltrans15.ltrans.o
                0x0000000004000578                u8MiniMacConfig_MaxConcurrentAssocResponses
                0x000000000400057c                psShadowRxBuffer
                0x0000000004000580                gMAC_u8MaxBuffers
 *fill*         0x0000000004000594        0x4 00
 .data          0x0000000004000598       0x28 C:\Users\timon\AppData\Local\Temp\cckjs5vo.ltrans20.ltrans.o
 .data          0x00000000040005c0        0x1 C:\Users\timon\AppData\Local\Temp\cckjs5vo.ltrans22.ltrans.o
 *fill*         0x00000000040005c1        0x3 00
 .data          0x00000000040005c4      0x188 C:\Users\timon\AppData\Local\Temp\cckjs5vo.ltrans27.ltrans.o
                0x00000000040005c4                sCLD_Groups
 .data          0x000000000400074c        0x1 C:\Users\timon\AppData\Local\Temp\cckjs5vo.ltrans30.ltrans.o
 *fill*         0x000000000400074d        0x3 00
 .data.s_asAPduPool
                0x0000000004000750        0xc pdum_apdu.o
                0x0000000004000750                s_asAPduPool
                0x0000000004000750                pdum_apduZDP
 *(.data.*)
                0x000000000400075c                . = ALIGN (0x4)
                0x000000000400075c                _ram_data_end = ABSOLUTE (.)

.bss            0x000000000400075c     0x550c load address 0x00000000000b4030
                0x000000000400075c                _bss_start = ABSOLUTE (.)
 *(.bss*)
 .bss           0x000000000400075c      0x128 C:\Users\timon\AppData\Local\Temp\cckjs5vo.ltrans0.ltrans.o
                0x000000000400075c                u32BackUpApsChannelMask.132360
                0x0000000004000760                u32ScanChannels.132362
                0x0000000004000764                bDoPrimaryScan.132361
                0x0000000004000768                pfTKDfunc
                0x000000000400076c                bResetIssued
                0x000000000400076d                au8LinkRxBuffer
 .bss           0x0000000004000884      0x9a4 C:\Users\timon\AppData\Local\Temp\cckjs5vo.ltrans1.ltrans.o
                0x0000000004000884                sIntStorage.262859
                0x0000000004000888                s_psNPduPoolEnd.137752
                0x000000000400088c                s_psNPduPoolStart.137751
                0x0000000004000890                s_psFreeListHead.137753
                0x0000000004000894                s_asAPduPool.137851
 .bss.initinboot
                0x0000000004001228        0x1 C:\Users\timon\AppData\Local\Temp\cckjs5vo.ltrans1.ltrans.o
                0x0000000004001228                bMutexTaken.295270
 *fill*         0x0000000004001229        0x3 00
 .bss           0x000000000400122c      0x290 C:\Users\timon\AppData\Local\Temp\cckjs5vo.ltrans2.ltrans.o
 *fill*         0x00000000040014bc        0x4 00
 .bss           0x00000000040014c0       0x90 C:\Users\timon\AppData\Local\Temp\cckjs5vo.ltrans3.ltrans.o
                0x00000000040014c0                g_au8LegacyBeaconPayload
                0x00000000040014cf                gZpsSetByProfile.142253