Archive member included because of file (symbol)

c:/NXP/bstudio_nxp/sdk/JN-SW-4170/Components/Library\libZPSMAC_Mini_SOC_JN516x.a(zps_mac_shim.o)
                              app_start.o (symbol from plugin) (ZPS_u32MacSetTxBuffers)
c:/NXP/bstudio_nxp/sdk/JN-SW-4170/Components/Library\libZPSMAC_Mini_SOC_JN516x.a(zps_miniMac.o)
                              zps_mac_shim.o (symbol from plugin) (zps_eSocMacSetTxBuffers)
c:/NXP/bstudio_nxp/sdk/JN-SW-4170/Components/Library\libZPSMAC_Mini_SOC_JN516x.a(zps_mac_common.o)
                              zps_mac_shim.o (symbol from plugin) (g_u8LegacyBeaconPayloadLen)
c:/NXP/bstudio_nxp/sdk/JN-SW-4170/Components/Library\libZPSMAC_Mini_SOC_JN516x.a(zps_mac_ie.o)
                              zps_mac_common.o (symbol from plugin) (zps_u8MacIECopyZigbeePayloadSubIE)
c:/NXP/bstudio_nxp/sdk/JN-SW-4170/Components/Library\libPWRM_JN516x.a(pwrm.o)
                              app_start.o (symbol from plugin) (PWRM_vInit)
c:/NXP/bstudio_nxp/sdk/JN-SW-4170/Components/Library\libPWRM_JN516x.a(pwrm_setjmp_JN516x.o)
                              pwrm.o (symbol from plugin) (setjmp)
c:/NXP/bstudio_nxp/sdk/JN-SW-4170/Components/Library\libPWRM_JN516x.a(pwrm_cold_start.o)
                              (AppColdStart)
c:/NXP/bstudio_nxp/sdk/JN-SW-4170/Components/Library\libPWRM_JN516x.a(pwrm_warm_start.o)
                              (AppWarmStart)
c:/NXP/bstudio_nxp/sdk/JN-SW-4170/Components/Library\libAES_SW_JN516x.a(aes_sw_mmo.o)
                              OTA.o (symbol from plugin) (AESSW_vMMOBlockUpdate)
c:/NXP/bstudio_nxp/sdk/JN-SW-4170/Components/Library\libPDUM_JN516x.a(pdum_nwk.o)
                              zps_miniMac.o (symbol from plugin) (PDUM_eNPduAllocate)
c:/NXP/bstudio_nxp/sdk/JN-SW-4170/Components/Library\libPDUM_JN516x.a(pdum_apl.o)
                              appZdpExtraction.o (symbol from plugin) (PDUM_u16APduInstanceReadNBO)
c:/NXP/bstudio_nxp/sdk/JN-SW-4170/Components/Library\libPDUM_JN516x.a(pdum.o)
                              pdum_nwk.o (symbol from plugin) (PDUM_u16SizeNBO)
c:/NXP/bstudio_nxp/sdk/JN-SW-4170/Components/Library\libZPSAPL_JN516x.a(zps_apl_inl.o)
                              zps_mac_ie.o (symbol from plugin) (ZPS_pu8AplZdoGetVsOUI)
c:/NXP/bstudio_nxp/sdk/JN-SW-4170/Components/Library\libZPSAPL_JN516x.a(zps_apl_af.o)
                              app_start.o (symbol from plugin) (ZPS_eAplAfInit)
c:/NXP/bstudio_nxp/sdk/JN-SW-4170/Components/Library\libZPSAPL_JN516x.a(zps_apl_af_apsde.o)
                              zps_gen.o (symbol from plugin) (zps_vHandleApsdeDataFragInd)
c:/NXP/bstudio_nxp/sdk/JN-SW-4170/Components/Library\libZPSAPL_JN516x.a(zps_apl_task.o)
                              zps_apl_af_apsde.o (symbol from plugin) (zps_vAplAfPostEvent)
c:/NXP/bstudio_nxp/sdk/JN-SW-4170/Components/Library\libZPSAPL_JN516x.a(zps_apl_apsde.o)
                              zps_apl_task.o (symbol from plugin) (ZPS_vAplRegisterApsdeDcfmIndCallbacks)
c:/NXP/bstudio_nxp/sdk/JN-SW-4170/Components/Library\libZPSAPL_JN516x.a(zps_apl_apsme.o)
                              zps_apl_task.o (symbol from plugin) (ZPS_vAplRegisterApsmeDcfmIndCallbacks)
c:/NXP/bstudio_nxp/sdk/JN-SW-4170/Components/Library\libZPSAPL_JN516x.a(zps_apl_aps_nlde.o)
                              zps_gen.o (symbol from plugin) (zps_vHandleExtendedDataAckFrame)
c:/NXP/bstudio_nxp/sdk/JN-SW-4170/Components/Library\libZPSAPL_JN516x.a(zps_apl_sec.o)
                              bdb_DeviceCommissioning.o (symbol from plugin) (zps_pvAesGetKeyFromInstallCode)
c:/NXP/bstudio_nxp/sdk/JN-SW-4170/Components/Library\libZPSAPL_JN516x.a(zps_apl_aib.o)
                              app_Znc_cmds.o (symbol from plugin) (zps_psAplAibGetAib)
c:/NXP/bstudio_nxp/sdk/JN-SW-4170/Components/Library\libZPSAPL_JN516x.a(zps_apl_zdo_nwkmanager.o)
                              zps_apl_apsme.o (symbol from plugin) (zps_vAplSaveRecord)
c:/NXP/bstudio_nxp/sdk/JN-SW-4170/Components/Library\libZPSAPL_JN516x.a(zps_apl_zdo_handle_zdp_event.o)
                              zps_apl_task.o (symbol from plugin) (zps_bAplZdoHandleZdpEvent)
c:/NXP/bstudio_nxp/sdk/JN-SW-4170/Components/Library\libZPSAPL_JN516x.a(zps_apl_zdo_trust_center.o)
                              zps_gen.o (symbol from plugin) (zps_vAplTrustCenterInit)
c:/NXP/bstudio_nxp/sdk/JN-SW-4170/Components/Library\libZPSAPL_JN516x.a(zps_apl_zdo_common.o)
                              zps_apl_zdo_nwkmanager.o (symbol from plugin) (zps_eAplZdoNlmeleaveWrapper)
c:/NXP/bstudio_nxp/sdk/JN-SW-4170/Components/Library\libZPSAPL_JN516x.a(zps_apl_zdo_group.o)
                              app_Znc_cmds.o (symbol from plugin) (zps_eAplZdoGroupEndpointAdd)
c:/NXP/bstudio_nxp/sdk/JN-SW-4170/Components/Library\libZPSAPL_JN516x.a(zps_apl_zdo_default_server.o)
                              zps_gen.o (symbol from plugin) (zps_vAplZdoDefaultServerInit)
[...]
Memory Configuration

Name             Origin             Length             Attributes
flash            0x0000000000080000 0x0000000000080000
ram              0x000000000400004c 0x0000000000007fb4
*default*        0x0000000000000000 0xffffffffffffffff

Linker script and memory map

                0x0000000000001770                __stack_size = 0x1770
                0x00000000000007d0                __minimum_heap_size = 0x7d0
START GROUP
LOAD irq_JN516x.o
LOAD portasm_JN516x.o
LOAD port_JN516x.o
LOAD C:\Users\timon\AppData\Local\Temp\ccbCvzAJ.ltrans0.ltrans.o
LOAD C:\Users\timon\AppData\Local\Temp\ccbCvzAJ.ltrans1.ltrans.o
LOAD C:\Users\timon\AppData\Local\Temp\ccbCvzAJ.ltrans2.ltrans.o
LOAD C:\Users\timon\AppData\Local\Temp\ccbCvzAJ.ltrans3.ltrans.o
LOAD C:\Users\timon\AppData\Local\Temp\ccbCvzAJ.ltrans4.ltrans.o
LOAD C:\Users\timon\AppData\Local\Temp\ccbCvzAJ.ltrans5.ltrans.o
LOAD C:\Users\timon\AppData\Local\Temp\ccbCvzAJ.ltrans6.ltrans.o
LOAD C:\Users\timon\AppData\Local\Temp\ccbCvzAJ.ltrans7.ltrans.o
LOAD C:\Users\timon\AppData\Local\Temp\ccbCvzAJ.ltrans8.ltrans.o
LOAD C:\Users\timon\AppData\Local\Temp\ccbCvzAJ.ltrans9.ltrans.o
LOAD C:\Users\timon\AppData\Local\Temp\ccbCvzAJ.ltrans10.ltrans.o
LOAD C:\Users\timon\AppData\Local\Temp\ccbCvzAJ.ltrans11.ltrans.o
LOAD C:\Users\timon\AppData\Local\Temp\ccbCvzAJ.ltrans12.ltrans.o
LOAD C:\Users\timon\AppData\Local\Temp\ccbCvzAJ.ltrans13.ltrans.o
LOAD C:\Users\timon\AppData\Local\Temp\ccbCvzAJ.ltrans14.ltrans.o
LOAD C:\Users\timon\AppData\Local\Temp\ccbCvzAJ.ltrans15.ltrans.o
LOAD C:\Users\timon\AppData\Local\Temp\ccbCvzAJ.ltrans16.ltrans.o
LOAD C:\Users\timon\AppData\Local\Temp\ccbCvzAJ.ltrans17.ltrans.o
LOAD C:\Users\timon\AppData\Local\Temp\ccbCvzAJ.ltrans18.ltrans.o
LOAD C:\Users\timon\AppData\Local\Temp\ccbCvzAJ.ltrans19.ltrans.o
LOAD C:\Users\timon\AppData\Local\Temp\ccbCvzAJ.ltrans20.ltrans.o
LOAD C:\Users\timon\AppData\Local\Temp\ccbCvzAJ.ltrans21.ltrans.o
LOAD C:\Users\timon\AppData\Local\Temp\ccbCvzAJ.ltrans22.ltrans.o
LOAD C:\Users\timon\AppData\Local\Temp\ccbCvzAJ.ltrans23.ltrans.o
LOAD C:\Users\timon\AppData\Local\Temp\ccbCvzAJ.ltrans24.ltrans.o
LOAD C:\Users\timon\AppData\Local\Temp\ccbCvzAJ.ltrans25.ltrans.o
LOAD C:\Users\timon\AppData\Local\Temp\ccbCvzAJ.ltrans26.ltrans.o
LOAD C:\Users\timon\AppData\Local\Temp\ccbCvzAJ.ltrans27.ltrans.o
LOAD C:\Users\timon\AppData\Local\Temp\ccbCvzAJ.ltrans28.ltrans.o
LOAD C:\Users\timon\AppData\Local\Temp\ccbCvzAJ.ltrans29.ltrans.o
LOAD C:\Users\timon\AppData\Local\Temp\ccbCvzAJ.ltrans30.ltrans.o
LOAD C:\Users\timon\AppData\Local\Temp\ccbCvzAJ.ltrans31.ltrans.o
LOAD c:/nxp/bstudio_nxp/sdk/tools/ba-elf-ba2-r36379/bin/../lib/gcc/ba-elf/4.7.4/../../../../ba-elf/lib/mcpu_jn51xx_sizeopt\libc.a
LOAD c:/nxp/bstudio_nxp/sdk/tools/ba-elf-ba2-r36379/bin/../lib/gcc/ba-elf/4.7.4/mcpu_jn51xx_sizeopt\libgcc.a
LOAD c:/nxp/bstudio_nxp/sdk/tools/ba-elf-ba2-r36379/bin/../lib/gcc/ba-elf/4.7.4/../../../../ba-elf/lib/mcpu_jn51xx_sizeopt\libc.a
LOAD pdum_gen.o
LOAD zps_gen.o
LOAD app_Znc_cmds.o
LOAD app_general_events_handler.o
LOAD app_zcl_event_handler.o
LOAD app_start.o
LOAD SerialLink.o
LOAD uart.o
LOAD pdum_apdu.o
LOAD app_ota_server.o
LOAD app_ahi_commands.o
LOAD app_green_power.o
LOAD ZQueue.o
LOAD ZTimer.o
LOAD app_zps_link_keys.o
LOAD GreenPower.o
LOAD GreenPowerCommissioningNotification.o
LOAD GreenPowerCommon.o
LOAD GreenPowerCustomCommandHandler.o
LOAD GreenPowerCustomCommandResponses.o
LOAD GreenPowerDataIndication.o
LOAD GreenPowerDirectCommandHandler.o
LOAD GreenPowerNotification.o
LOAD GreenPowerPairing.o
LOAD GreenPowerPairingConfiguration.o
LOAD GreenPowerPairingSearch.o
LOAD GreenPowerProxyCommissioningMode.o
LOAD GreenPowerProxyGPDHandler.o
LOAD GreenPowerProxyTableRequest.o
LOAD GreenPowerProxyTableResponse.o
LOAD GreenPowerResponse.o
LOAD GreenPowerScheduler.o
LOAD GreenPowerSinkTableRequest.o
LOAD GreenPowerSinkTableResponse.o
LOAD GreenPowerTranslationTableRequest.o
LOAD GreenPowerTranslationTableResponse.o
LOAD GreenPowerTranslationTableUpdate.o
LOAD gp.o
LOAD Alarms.o
LOAD AlarmsClientCommands.o
LOAD AlarmsCommandHandler.o
LOAD AlarmsServerCommands.o
LOAD AlarmsTableManager.o
LOAD AnalogInputBasic.o
LOAD AnalogOutputBasic.o
LOAD Basic.o
LOAD BasicClientCommands.o
LOAD BasicCommandHandler.o
LOAD BinaryInputBasic.o
LOAD BinaryOutputBasic.o
LOAD DeviceTemperatureConfiguration.o
LOAD Diagnostics.o
LOAD Groups.o
LOAD GroupsClientCommands.o
LOAD GroupsCommandHandler.o
LOAD GroupsServerCommands.o
LOAD GroupsTableManager.o
LOAD Identify.o
LOAD IdentifyClientCommands.o
LOAD IdentifyCommandHandler.o
LOAD IdentifyServerCommands.o
LOAD LevelControl.o
LOAD LevelControlClientCommands.o
LOAD LevelControlCommandHandler.o
LOAD MultistateInputBasic.o
LOAD MultistateOutputBasic.o
LOAD OOSC.o
LOAD OnOff.o
LOAD OnOffCommandHandler.o
LOAD OnOffCommands.o
LOAD PollControl.o
LOAD PollControlClientCommands.o
LOAD PollControlCommandHandler.o
LOAD PollControlServerCommands.o
LOAD PowerConfiguration.o
LOAD PowerProfile.o
LOAD PowerProfileClientCommands.o
LOAD PowerProfileCommandHandler.o
LOAD PowerProfileServerCommands.o
LOAD Scenes.o
LOAD ScenesClientCommands.o
LOAD ScenesClusterManagement.o
LOAD ScenesCommandHandler.o
LOAD ScenesServerCommands.o
LOAD ScenesTableManager.o
LOAD TC.o
LOAD Time.o
LOAD base_device.o
LOAD mains_power_outlet.o
LOAD on_off_output.o
LOAD plug_control.o
LOAD remote_control.o
LOAD simple_sensor.o
LOAD ElectricalMeasurement.o
LOAD FlowMeasurement.o
LOAD IlluminanceLevelSensing.o
LOAD IlluminanceMeasurement.o
LOAD OccupancySensing.o
LOAD PressureMeasurement.o
LOAD RelativeHumidityMeasurement.o
LOAD TemperatureMeasurement.o
LOAD BallastConfiguration.o
LOAD ColourControl.o
LOAD ColourControlClientCommands.o
LOAD ColourControlCommandHandler.o
LOAD ColourControlConversions.o
LOAD colour_controller.o
LOAD colour_dimmable_light.o
LOAD colour_dimmer_switch.o
LOAD colour_scene_controller.o
LOAD colour_temperature_light.o
LOAD commission_endpoint.o
LOAD control_bridge.o
LOAD dimmable_ballast.o
LOAD dimmable_light.o
LOAD dimmable_plug.o
LOAD dimmer_switch.o
LOAD extended_colour_light.o
LOAD light_level_sensor.o
LOAD light_sensor.o
LOAD non_colour_controller.o
LOAD non_colour_scene_controller.o
LOAD occupancy_sensor.o
LOAD on_off_ballast.o
LOAD on_off_light.o
LOAD on_off_light_switch.o
LOAD on_off_plug.o
LOAD on_off_sensor.o
LOAD FanControl.o
LOAD Thermostat.o
LOAD ThermostatCommandHandler.o
LOAD ThermostatCommands.o
LOAD ThermostatUIConfig.o
LOAD temperature_sensor.o
LOAD thermostat_device.o
LOAD DoorLock.o
LOAD DoorLockCommandHandler.o
LOAD DoorLockCommands.o
LOAD door_lock.o
LOAD door_lock_controller.o
LOAD IASACE.o
LOAD IASACEClientCommands.o
LOAD IASACECommandHandler.o
LOAD IASACEServerCommands.o
LOAD IASWD.o
LOAD IASWDCommandHandler.o
LOAD IASWDCommands.o
LOAD IASZone.o
LOAD IASZoneCommandHandler.o
LOAD IASZoneCommands.o
LOAD ancillary_control_equipment.o
LOAD control_and_indicating_equipment.o
LOAD warning_device.o
LOAD zone.o
LOAD DRLC.o
LOAD DRLCCommandCanceAlllLoadControlEvents.o
LOAD DRLCCommandCancelLoadControlEvent.o
LOAD DRLCCommandGetScheduledEvents.o
LOAD DRLCCommandHandler.o
LOAD DRLCCommandLoadControlEvent.o
LOAD DRLCCommandReportEventStatus.o
LOAD DRLCCustomCommandResponsesClient.o
LOAD DRLCCustomCommandResponsesServer.o
LOAD DRLCEffectiveTime.o
LOAD DRLCScheduler.o
LOAD DRLCTableManagerNoMutex.o
LOAD DRLCTableManagerServer.o
LOAD DRLCUserEventOptInOut.o
LOAD Price.o
LOAD PriceBlockPeriodTableManager.o
LOAD PriceCalorificValueTableManager.o
LOAD PriceCommandGetBlockPeriod.o
LOAD PriceCommandGetCalorificValue.o
LOAD PriceCommandGetConversionFactor.o
LOAD PriceCommandGetCurrentPrice.o
LOAD PriceCommandGetScheduledPrices.o
LOAD PriceCommandPriceAck.o
LOAD PriceCommandPublishBlockPeriod.o
LOAD PriceCommandPublishBlockPeriodReceive.o
LOAD PriceCommandPublishCalorificValue.o
LOAD PriceCommandPublishCalorificValueReceive.o
LOAD PriceCommandPublishConversionFactor.o
LOAD PriceCommandPublishConversionFactorReceive.o
LOAD PriceCommandPublishPrice.o
LOAD PriceCommandPublishPriceReceive.o
LOAD PriceConversionFactorTableManager.o
LOAD PriceCustomCommandHandler.o
LOAD PriceCustomCommandResponses.o
LOAD PriceScheduler.o
LOAD PriceServerAttributeManager.o
LOAD PriceTableManager.o
LOAD SimpleMetering.o
LOAD SimpleMeteringCommandHandler.o
LOAD SimpleMetering_SendRequest.o
LOAD smart_plug.o
LOAD OTA.o
LOAD OTA_ClientUpgradeManager.o
LOAD OTA_CustomCommandHandler.o
LOAD OTA_CustomReceiveCommands.o
LOAD OTA_ServerUpgradeManager.o
LOAD OTA_client.o
LOAD OTA_common.o
LOAD OTA_server.o
LOAD ApplianceControl.o
LOAD ApplianceControlClientCommands.o
LOAD ApplianceControlCommandHandler.o
LOAD ApplianceControlServerCommands.o
LOAD ApplianceEventsAndAlerts.o
LOAD ApplianceEventsAndAlertsClientCommands.o
LOAD ApplianceEventsAndAlertsCommandHandler.o
LOAD ApplianceEventsAndAlertsServerCommands.o
LOAD ApplianceIdentification.o
LOAD ApplianceStatistics.o
LOAD ApplianceStatisticsClientCommands.o
LOAD ApplianceStatisticsCommandHandler.o
LOAD ApplianceStatisticsServerCommands.o
LOAD home_gateway.o
LOAD white_goods.o
LOAD dlist.o
LOAD zcl.o
LOAD zcl_CustomCommandReceive.o
LOAD zcl_CustomCommandSend.o
LOAD zcl_PDUbufferReadWrite.o
LOAD zcl_PDUbufferReadWriteString.o
LOAD zcl_WriteAttributesRequestHandle.o
LOAD zcl_WriteAttributesRequestSend.o
LOAD zcl_WriteAttributesResponseHandle.o
LOAD zcl_attribute.o
LOAD zcl_buffer.o
LOAD zcl_clusterCommand.o
LOAD zcl_command.o
LOAD zcl_common.o
LOAD zcl_configureReportingCommandHandle.o
LOAD zcl_configureReportingCommandSend.o
LOAD zcl_configureReportingResponseHandle.o
LOAD zcl_defaultResponse.o
LOAD zcl_discoverAttributesExtendedRequestHandle.o
LOAD zcl_discoverAttributesExtendedRequestSend.o
LOAD zcl_discoverAttributesExtendedResponseHandle.o
LOAD zcl_discoverAttributesRequestHandle.o
LOAD zcl_discoverAttributesRequestSend.o
LOAD zcl_discoverAttributesResponseHandle.o
LOAD zcl_discoverCommandsRequestHandle.o
LOAD zcl_discoverCommandsRequestSend.o
LOAD zcl_discoverCommandsResponseHandle.o
LOAD zcl_event.o
LOAD zcl_heap.o
LOAD zcl_library_options.o
LOAD zcl_readAttributesRequestHandle.o
LOAD zcl_readAttributesRequestSend.o
LOAD zcl_readAttributesResponseHandle.o
LOAD zcl_readReportingConfigurationCommandHandle.o
LOAD zcl_readReportingConfigurationCommandSend.o
LOAD zcl_readReportingConfigurationResponseHandle.o
LOAD zcl_reportManager.o
LOAD zcl_reportMaths.o
LOAD zcl_reportScheduler.o
LOAD zcl_reportStringHandling.o
LOAD zcl_reportStructure.o
LOAD zcl_search.o
LOAD zcl_timer.o
LOAD zcl_transmit.o
LOAD bdb_fr.o
LOAD bdb_start.o
LOAD bdb_state_machine.o
LOAD appZpsBeaconHandler.o
LOAD appZdpExtraction.o
LOAD bdb_ns.o
LOAD bdb_nf.o
LOAD bdb_DeviceCommissioning.o
LOAD c:/NXP/bstudio_nxp/sdk/JN-SW-4170/Components/Library\libZPSMAC_Mini_SOC_JN516x.a
LOAD c:/NXP/bstudio_nxp/sdk/JN-SW-4170/Components/Library\libPWRM_JN516x.a
LOAD c:/NXP/bstudio_nxp/sdk/JN-SW-4170/Components/Library\libZPSTSV_JN516x.a
LOAD c:/NXP/bstudio_nxp/sdk/JN-SW-4170/Components/Library\libAES_SW_JN516x.a
LOAD c:/NXP/bstudio_nxp/sdk/JN-SW-4170/Components/Library\libPDUM_JN516x.a
LOAD c:/NXP/bstudio_nxp/sdk/JN-SW-4170/Components/Library\libZPSAPL_JN516x.a
LOAD c:/NXP/bstudio_nxp/sdk/JN-SW-4170/Components/Library\libRandom_JN516x.a
LOAD c:/NXP/bstudio_nxp/sdk/JN-SW-4170/Components/Library\libPDM_EEPROM_NO_RTOS_JN516x.a
LOAD c:/NXP/bstudio_nxp/sdk/JN-SW-4170/Components/Library\libDBG_JN516x.a
LOAD c:/NXP/bstudio_nxp/sdk/JN-SW-4170/Components/Library\libZPSGP_JN516x.a
LOAD c:/NXP/bstudio_nxp/sdk/JN-SW-4170/Components/Library\libZPSNWK_JN516x.a
LOAD c:/NXP/bstudio_nxp/sdk/JN-SW-4170/Components/Library\libMiniMac_JN5169.a
LOAD c:/NXP/bstudio_nxp/sdk/JN-SW-4170/Components/Library\libMiniMacShim_JN516x.a
LOAD c:/NXP/bstudio_nxp/sdk/JN-SW-4170/Components/Library\libMMAC_JN5169.a
LOAD c:/NXP/bstudio_nxp/sdk/JN-SW-4170/Components/Library\libJPT_JN5169.a
LOAD c:/NXP/bstudio_nxp/sdk/JN-SW-4170/Components/Library\libAes_JN516x.a
LOAD c:/NXP/bstudio_nxp/sdk/JN-SW-4170/Components/Library\libHardwareApi_JN5169.a
LOAD c:/NXP/bstudio_nxp/sdk/JN-SW-4170/Components/Library\libMicroSpecific_JN516x.a
LOAD c:/NXP/bstudio_nxp/sdk/JN-SW-4170/Components/Library\libBoot_JN516x.a
LOAD c:/NXP/bstudio_nxp/sdk/JN-SW-4170/Platform/DK4/Library\libBoardLib_JN516x.a
LOAD c:/NXP/bstudio_nxp/sdk/JN-SW-4170/Components/Library\libJPT_JN5169.a
LOAD c:/nxp/bstudio_nxp/sdk/tools/ba-elf-ba2-r36379/bin/../lib/gcc/ba-elf/4.7.4/../../../../ba-elf/lib/mcpu_jn51xx_sizeopt\libm.a
END GROUP
LOAD c:/nxp/bstudio_nxp/sdk/tools/ba-elf-ba2-r36379/bin/../lib/gcc/ba-elf/4.7.4/../../../../ba-elf/lib/mcpu_jn51xx_sizeopt\libc.a
LOAD c:/nxp/bstudio_nxp/sdk/tools/ba-elf-ba2-r36379/bin/../lib/gcc/ba-elf/4.7.4/mcpu_jn51xx_sizeopt\libgcc.a
LOAD c:/nxp/bstudio_nxp/sdk/tools/ba-elf-ba2-r36379/bin/../lib/gcc/ba-elf/4.7.4/../../../../ba-elf/lib/mcpu_jn51xx_sizeopt\libc.a
                0x0000000000080038                exception_vsr_table = 0x80038
                0x0000000004000000                pSPIflashFncTable = 0x4000000
                0x0000000000000044                restore_state = 0x44
                0x000000000000004a                bZSPIWaitWIPClear = 0x4a
                0x0000000000000050                u16ZSPIflashRDID = 0x50
                0x0000000000000056                u8SelectFlashChipType = 0x56
                0x000000000000005c                memcpy = 0x5c
                0x0000000000000066                vBootFlashProg = 0x66
                [0x00000000000007d0]                __minimum_heap_size = DEFINED (__minimum_heap_size)?__minimum_heap_size:0xd16
                [0x0000000000001770]                __stack_size = DEFINED (__stack_size)?__stack_size:0x800
                0x0000000000000000                _SwConfig = (DEFINED (g_bSWConf_Debug) | (DEFINED (g_bSWConf_AltDebugPort) << 0x1))

.version        0x000000000007fffc        0x4
                0x000000000007fffc        0x4 LONG 0xf03000b

.bir            0x0000000000080000       0x10
                0x0000000000080000                _flash_start = ABSOLUTE (.)
                0x0000000000080000                _flash_beg = ABSOLUTE (.)
                0x0000000000080000        0x4 LONG 0x12345678
                0x0000000000080004        0x4 LONG 0x11223344
                0x0000000000080008        0x4 LONG 0x55667788
                0x000000000008000c        0x1 BYTE 0x8
                0x000000000008000d        0x1 BYTE 0x1
                0x000000000008000e        0x2 SHORT 0x0

.flashheader    0x0000000000080010       0x28
                0x0000000000080010        0x4 LONG 0x0
                0x0000000000080014        0x4 LONG 0x0
                0x0000000000080018        0x4 LONG 0x0
                0x000000000008001c        0x2 SHORT 0x0
                0x000000000008001e        0x2 SHORT 0x0 ABSOLUTE (_SwConfig)
                0x0000000000080020                _enc_start = ABSOLUTE (.)
                0x0000000000080020        0x4 LONG 0x34054 ABSOLUTE (_image_len)
                0x0000000000080024        0x4 LONG 0xb3948 ABSOLUTE (_flash_data_start)
                0x0000000000080028        0x2 SHORT 0x13 ((ABSOLUTE (_ram_data_start) / 0x4) & 0xffff)
                0x000000000008002a        0x2 SHORT 0x1c3 ((ABSOLUTE (_ram_data_len) / 0x4) & 0xffff)
                0x000000000008002c        0x2 SHORT 0x1d6 ((ABSOLUTE (_bss_start) / 0x4) & 0xffff)
                0x000000000008002e        0x2 SHORT 0x1545 ((ABSOLUTE (_bss_len) / 0x4) & 0xffff)
                0x0000000000080030        0x4 LONG 0xb30bd ABSOLUTE (AppWarmStart)
                0x0000000000080034        0x4 LONG 0x8e22c ABSOLUTE (AppColdStart)
                0x0000000000000000                _enc_offset = (_enc_start & 0xf)

.ro_mac_address
                0x0000000000080040       0x10
                0x0000000000080040                _FlsMACAddress = ABSOLUTE (.)
 *(.ro_mac_address)
 .ro_mac_address
                0x0000000000080040        0x8 C:\Users\timon\AppData\Local\Temp\ccbCvzAJ.ltrans6.ltrans.o
                0x0000000000080050                . = ALIGN (0x10)
 *fill*         0x0000000000080048        0x8 00

.ro_ota_header  0x0000000000080050       0x50
                0x0000000000080050                _FlsOtaHeader = ABSOLUTE (.)
 *(.ro_ota_header)
 .ro_ota_header
                0x0000000000080050       0x45 C:\Users\timon\AppData\Local\Temp\ccbCvzAJ.ltrans6.ltrans.o
                0x00000000000800a0                . = ALIGN (0x10)
 *fill*         0x0000000000080095        0xb 00

.ro_se_lnkKey   0x00000000000800a0        0x0
                0x00000000000800a0                _FlsLinkKey = ABSOLUTE (.)
 *(.ro_se_lnkKey)
                0x00000000000800a0                . = ALIGN (0x10)

.rodata         0x00000000000800a0     0x1116
 *(.rodata*)
 .rodata.str1.1
                0x00000000000800a0       0x34 C:\Users\timon\AppData\Local\Temp\ccbCvzAJ.ltrans0.ltrans.o
                                         0x50 (size before relaxing)
 .rodata        0x00000000000800d4       0x4f C:\Users\timon\AppData\Local\Temp\ccbCvzAJ.ltrans0.ltrans.o
 .rodata.str1.1
                0x0000000000000000       0x34 C:\Users\timon\AppData\Local\Temp\ccbCvzAJ.ltrans1.ltrans.o
                                          0xb (size before relaxing)
 .rodata        0x0000000000080123       0x20 C:\Users\timon\AppData\Local\Temp\ccbCvzAJ.ltrans1.ltrans.o
 *fill*         0x0000000000080143        0x1 00
 .rodata        0x0000000000080144       0x1c C:\Users\timon\AppData\Local\Temp\ccbCvzAJ.ltrans2.ltrans.o
 .rodata.str1.1
                0x0000000000080160       0x17 C:\Users\timon\AppData\Local\Temp\ccbCvzAJ.ltrans3.ltrans.o
                                         0x22 (size before relaxing)
 *fill*         0x0000000000080177        0x1 00
 .rodata        0x0000000000080178       0x50 C:\Users\timon\AppData\Local\Temp\ccbCvzAJ.ltrans3.ltrans.o
 .rodata.str1.1
                0x00000000000801c8       0xd1 C:\Users\timon\AppData\Local\Temp\ccbCvzAJ.ltrans4.ltrans.o
                                         0xef (size before relaxing)
 .rodata        0x0000000000080299        0x6 C:\Users\timon\AppData\Local\Temp\ccbCvzAJ.ltrans4.ltrans.o
 .rodata.str1.1
                0x000000000008029f       0x69 C:\Users\timon\AppData\Local\Temp\ccbCvzAJ.ltrans5.ltrans.o
                                         0x7c (size before relaxing)
 .rodata        0x0000000000080308      0x678 C:\Users\timon\AppData\Local\Temp\ccbCvzAJ.ltrans5.ltrans.o
                0x0000000000080308                psAplDefaultDistributedAPSLinkKey
                0x000000000008030c                au32UartAddrOffset
                0x0000000000080314                zps_pacNwkFrmStdByteFmt
                0x0000000000080318                zps_pacNwkFrmStdLongFmt
                0x000000000008031c                zps_pacNwkFrmStdHalfFmt
                0x0000000000080320                g_bEnableRouteDiscovery
                0x0000000000080324                zps_g_pvApl
                0x0000000000080328                pwrm_psWakeupCallbacks
 .rodata        0x0000000000080980       0x7c C:\Users\timon\AppData\Local\Temp\ccbCvzAJ.ltrans6.ltrans.o
 .rodata.str1.1
                0x00000000000809fc       0x11 C:\Users\timon\AppData\Local\Temp\ccbCvzAJ.ltrans8.ltrans.o
                                         0x27 (size before relaxing)
 .rodata.str1.1
                0x0000000000080a0d       0x72 C:\Users\timon\AppData\Local\Temp\ccbCvzAJ.ltrans9.ltrans.o
                                         0x87 (size before relaxing)
 .rodata.str1.1
                0x0000000000000000       0x72 C:\Users\timon\AppData\Local\Temp\ccbCvzAJ.ltrans10.ltrans.o
                                          0x8 (size before relaxing)
 *fill*         0x0000000000080a7f        0x1 00
 .rodata        0x0000000000080a80      0x108 C:\Users\timon\AppData\Local\Temp\ccbCvzAJ.ltrans10.ltrans.o
 .rodata.str1.1
                0x0000000000080b88        0x6 C:\Users\timon\AppData\Local\Temp\ccbCvzAJ.ltrans11.ltrans.o
                                          0xc (size before relaxing)
 *fill*         0x0000000000080b8e        0x2 00
 .rodata        0x0000000000080b90       0x18 C:\Users\timon\AppData\Local\Temp\ccbCvzAJ.ltrans11.ltrans.o
                0x0000000000080b90                au32NwkPdmRecordOffsets
 .rodata        0x0000000000080ba8       0x60 C:\Users\timon\AppData\Local\Temp\ccbCvzAJ.ltrans12.ltrans.o
                0x0000000000080ba8                pfnCallbackMcps
                0x0000000000080bac                g_u32NwkFcSaveCountBitShift
 .rodata        0x0000000000080c08       0x50 C:\Users\timon\AppData\Local\Temp\ccbCvzAJ.ltrans13.ltrans.o
                0x0000000000080c0c                g_psGreenPowerContext
                0x0000000000080c10                au32EndDeviceTimeoutConstants
                0x0000000000080c4c                g_u32ApsFcSaveCountBitShift
                0x0000000000080c50                prvZdoLeaveActionDecider
                0x0000000000080c54                bR21LeaveBehaviour
                0x0000000000080c55                g_bReverToOldParent
 .rodata.str1.1
                0x0000000000080c58       0x1c C:\Users\timon\AppData\Local\Temp\ccbCvzAJ.ltrans13.ltrans.o
                                         0x22 (size before relaxing)
 .rodata.str1.1
                0x0000000000000000        0x8 C:\Users\timon\AppData\Local\Temp\ccbCvzAJ.ltrans14.ltrans.o
 .rodata        0x0000000000080c74       0xa4 C:\Users\timon\AppData\Local\Temp\ccbCvzAJ.ltrans14.ltrans.o
                0x0000000000080c74                s_aprIdleStHandleCme.279211
                0x0000000000080c88                s_aprActvStHandleCme.275113
                0x0000000000080cb4                CSWTCH.19.132533.132533
                0x0000000000080cd4                CSWTCH.22.132534.132534
                0x0000000000080cf4                CSWTCH.16.132532.132532
                0x0000000000080d14                bDisableSourceRouting
 .rodata.str1.1
                0x0000000000080d18       0x35 C:\Users\timon\AppData\Local\Temp\ccbCvzAJ.ltrans15.ltrans.o
                                         0x88 (size before relaxing)
 *fill*         0x0000000000080d4d        0x3 00
 .rodata        0x0000000000080d50       0x2c C:\Users\timon\AppData\Local\Temp\ccbCvzAJ.ltrans16.ltrans.o
                0x0000000000080d70                u8MaxZpsConfigEp
                0x0000000000080d71                au8EpMapPresent
                0x0000000000080d74                s_groupPdmTable
 .rodata.str1.1
                0x0000000000000000        0x7 C:\Users\timon\AppData\Local\Temp\ccbCvzAJ.ltrans16.ltrans.o
 .rodata.str1.1
                0x0000000000000000        0xd C:\Users\timon\AppData\Local\Temp\ccbCvzAJ.ltrans19.ltrans.o
 .rodata.str1.1
                0x0000000000080d7c       0x1c C:\Users\timon\AppData\Local\Temp\ccbCvzAJ.ltrans20.ltrans.o
 .rodata        0x0000000000080d98      0x194 C:\Users\timon\AppData\Local\Temp\ccbCvzAJ.ltrans20.ltrans.o
                0x0000000000080d98                gu32ZCLVersion
                0x0000000000080d9c                ZPS_g_u32MacVersion
                0x0000000000080da0                PDUM_g_u32Version
                0x0000000000080da4                ZPS_g_u32TsvVersion
 .rodata.str1.1
                0x0000000000080f2c       0x1b C:\Users\timon\AppData\Local\Temp\ccbCvzAJ.ltrans24.ltrans.o
                                         0x35 (size before relaxing)
 .rodata.str1.1
                0x0000000000080f47        0xa C:\Users\timon\AppData\Local\Temp\ccbCvzAJ.ltrans25.ltrans.o
                                         0x10 (size before relaxing)
 .rodata.str1.1
                0x0000000000080f51        0x3 C:\Users\timon\AppData\Local\Temp\ccbCvzAJ.ltrans26.ltrans.o
                                         0x34 (size before relaxing)
 .rodata.str1.1
                0x0000000000000000        0x6 C:\Users\timon\AppData\Local\Temp\ccbCvzAJ.ltrans27.ltrans.o
 .rodata        0x0000000000080f54      0x1bc C:\Users\timon\AppData\Local\Temp\ccbCvzAJ.ltrans27.ltrans.o
 .rodata        0x0000000000081110       0x10 C:\Users\timon\AppData\Local\Temp\ccbCvzAJ.ltrans28.ltrans.o
 .rodata.str1.1
                0x0000000000081120       0x8d C:\Users\timon\AppData\Local\Temp\ccbCvzAJ.ltrans28.ltrans.o
 .rodata.str1.1
                0x00000000000811ad        0x9 C:\Users\timon\AppData\Local\Temp\ccbCvzAJ.ltrans29.ltrans.o

.text           0x00000000000811b8    0x3278e
 *(.text*)
 .text          0x00000000000811b8       0x50 irq_JN516x.o
                0x00000000000811b8                PIC_ChannelPriorities
                0x00000000000811c8                PIC_SwVectTable
 .text          0x0000000000081208       0xd0 portasm_JN516x.o
                0x0000000000081208                OSMIUM_HwVectTable
                0x0000000000081244                vExternalException
 .text          0x00000000000812d8     0x4690 C:\Users\timon\AppData\Local\Temp\ccbCvzAJ.ltrans0.ltrans.o
                0x00000000000812d8                APP_vProcessIncomingSerialCommands
 .text          0x0000000000085968     0x2956 C:\Users\timon\AppData\Local\Temp\ccbCvzAJ.ltrans1.ltrans.o
                0x0000000000085968                vMMAC_IntHandlerBbc
                0x0000000000085982                eBasicTxCompleteHandler
                0x0000000000085987                vTxRxTimeout.286538
                0x00000000000859e4                eSmeUDNTScanDcfm.276449
                0x0000000000085a00                vNwkMcpsTimerCallback
                0x0000000000085a1a                zps_eSceGenlIllegal
                0x0000000000085a21                zps_eSmeGenlIllegal
                0x0000000000085a28                zps_bAplZdoBindRequestServer
                0x0000000000085b60                vZdoEndDeviceBindTimeoutSecondMessage
                0x0000000000085b74                vPostMcpsDcfmInd.156536
                0x0000000000085b77                psGetVsMcpsBuf.156540
                0x0000000000085b80                psGetMlmeBuf.156526
                0x0000000000085b89                psGetMcpsBuf.156533
                0x0000000000085b92                zps_vExpireRequestKeyReq.147387
                0x0000000000085c0c                psGetNlmeBuf.137670
                0x0000000000085c15                psGetNldeBuf.137691
                0x0000000000085c1e                psGetApsmeBuf.137677
                0x0000000000085c24                psGetApsdeBuf.137684
                0x0000000000085c2a                zps_bAplZdoEndDeviceBindServer
                0x0000000000085ce3                ZPS_vInterceptMcpsDataCallback
                0x0000000000085d49                vLoopbackTimerCallback
                0x0000000000085d78                bIssueACIcommand
                0x0000000000085e0e                bACI_WriteKey
                0x0000000000085e1b                vACI_CmdWaitBusy
                0x0000000000085e28                vEcbEncodeStripe.288024
                0x0000000000085e7f                i16JPT_ConvertEnergyTodBm
                0x0000000000085e91                MAC_u64GetExtAddr
                0x0000000000085eac                eAppApiDefPlmeGet.part.0.286801
                0x0000000000085ebb                psSearchForFrameToSend
                0x0000000000085f13                eMiniMac_FrameInProgress
                0x0000000000085f3e                vRemoveFromTxQueue
                0x0000000000085f7a                vAddToTxQueue
                0x0000000000085fb0                u8GetHeaderSize
                0x0000000000085fd8                vMiniMac_PLME_SetReq_CcaMode
                0x0000000000085fec                vMiniMac_MLME_SetReq_MaxCsmaBackoffs
                0x000000000008600c                vMiniMac_MLME_SetReq_MaxBe
                0x000000000008602f                vMiniMac_MLME_SetReq_MinBe
                0x0000000000086052                zps_psFormatCmdFrameGeneral
                0x0000000000086100                zps_eNwkFormStInit
                0x000000000008612d                bCheckMatchingEntry.277201
                0x0000000000086153                zps_psNwkSlistRemoveFromHead
                0x000000000008616a                zps_psNwkSlistRemove
                0x00000000000861a2                zps_bNwkMcpsMgrRemoveDescrFromLists
                0x00000000000861e0                zps_vNwkSlistAddToTail
                0x00000000000861fa                zps_vNwkMcpsMgrFreeReqDescr
                0x0000000000086230                zps_vNwkRemoveConflictedBroadcast
                0x0000000000086285                ZPS_pvNwkSecGetNetworkKey
                0x00000000000862b9                ZPS_bNwkSecHaveNetworkKey
                0x00000000000862ed                ZPS_bNwkSecFindMatSet
                0x0000000000086329                zps_eNwkRctMatchNwkAddr
                0x0000000000086393                ZPS_u8NwkCalcNldeReqOverhead
                0x00000000000863ce                zps_vRemoveNextHop
                0x0000000000086483                zps_vRemoveRoute
                0x000000000008651a                zps_psNwkRtMatchNwkAddr
                0x0000000000086590                zps_vNwkFreeMcpsHandle
                0x00000000000865ba                zps_u8NwkAllocateMcpsHandle
                0x000000000008660b                zps_psNwkMcpsMgrFindPendingByNwkDstAddr
                0x0000000000086621                ZPS_u64NwkNibGetMappedIeeeAddr
                0x0000000000086651                ZPS_vNwkSecResetDevice
                0x0000000000086699                ZPS_bNwkNibNtActvMatch
                0x000000000008674b                ZPS_u64NwkNibFindExtAddr
                0x00000000000867f1                bCheckNwkAddr
                0x000000000008683a                bIsBindTableMatch.141871
                0x00000000000868a2                eRemoveEntryInBindingTable.141875
                0x0000000000086926                zps_bAplZdoTrustCenterGetDevicePermissions
                0x0000000000086973                zps_eAplTrustCenterFindDevice
                0x00000000000869b7                ZPS_vSetExtendedStatus
                0x00000000000869c9                zps_eNwkRtMatch
                0x0000000000086ad7                eAllocateNPDU.132827
                0x0000000000086b3a                PDUM_eNPduClone
                0x0000000000086b86                PDUM_hAPduAllocateAPduInstance
                0x0000000000086be0                hZCL_AllocateAPduInstance
                0x0000000000086c1d                zps_eAplZdoSendZdpResponse
                0x0000000000086c66                zps_bAplZdoMgmtLqiServer
                0x0000000000086e9c                zps_bAplZdoMgmtRtgServer
                0x0000000000086fdd                zps_psApsApsAllocateDcfmRecord
                0x000000000008704b                zps_u8CalcLinkCost
                0x0000000000087087                ZPS_u8NwkNibNtDiscMatch
                0x000000000008716b                zps_u8NwkLibChannelLow
                0x000000000008717a                zps_u64NwkLibFromPayload
                0x00000000000871b9                psAddToDiscNt.276997
                0x0000000000087355                eSmeUDNTBeaconInd.277004
                0x000000000008737a                zps_vNwkLibU64ToPayload
                0x00000000000873a7                zps_eNwkDcfmIndPost
                0x00000000000873c9                zps_psNwkDcfmIndGetBuf
                0x00000000000873eb                zps_eNwkHandleSmePollDcfm
                0x0000000000087415                zps_vSendJoinInd
                0x0000000000087483                vSendDcfm.277752
                0x00000000000874a7                eSmeEdScScanDcfm.277008
                0x00000000000874f0                eSmeGenlScanDcfm.277012
                0x000000000008754e                zps_eNwkHandleSmeDutyCycleInd
                0x0000000000087576                eRouteRequestDataDcfm.272068
                0x00000000000875ca                eNldeDataDcfm.269786
                0x00000000000875fa                zps_vSendNwkStatusInd
                0x000000000008762b                eLeaveDataDcfmRemoteLeave.263294
                0x0000000000087686                psSLISTsearch
                0x00000000000876c6                psSLISTremove
                0x0000000000087744                psSLISTgetNext
                0x0000000000087768                iSLISTnumberOfNodes
                0x000000000008777f                u8PDM_ReadSequenceNumber
                0x00000000000877a2                boSegmentNumberDeleteSearchMatch.257746
                0x00000000000877bd                u8PDM_ReadSegmentDataSize
                0x00000000000877d1                u32PDM_ReadFileSystemHeaderWearCount
                0x00000000000877e7                boSearchForWearCountSubstitute.258437
                0x000000000008780d                boSearchForWearCountInsertPoint.257295
                0x000000000008782b                vPDM_WriteFileSystemHeaderWearCount
                0x000000000008783d                vPDM_ReadBitmapHeader.256317
                0x000000000008785c                RND_u32GetRand256
                0x0000000000087879                RND_u32GetRand
                0x00000000000878a1                u16CalculateFailedTxCount
                0x00000000000878d1                vZdoIeeeAddrServerSendExtendResponse.part.0.161986
                0x0000000000087935                vZdoNwkAddrServerSendExtendResponse.part.0.160720
                0x0000000000087999                vReset_StateMachine.159412
                0x00000000000879df                bFindMatch.159369
                0x0000000000087a3d                vHandleUpdateDeviceIndication.147419
                0x0000000000087a67                zps_vByteCopy.part.2.143559
                0x0000000000087a83                zps_vByteCopy
                0x0000000000087a9b                bDuplicateCheck.143367
                0x0000000000087ba8                zps_vAplApsInitDuplicateTable
                0x0000000000087bcb                zps_vInitAPSMECmdHdr
                0x0000000000087c05                psApsmeRequestKeyGetHandle
                0x0000000000087c60                eHandleRemoveNonBroadcastEndpointsFromGroup.141851
                0x0000000000087cd8                eHandleAddEntryToGroupTable.141838
                0x0000000000087d34                zps_vAplApsInitFragTransmitPool
                0x0000000000087d55                zps_vAplApsFillAndPostApsAck
                0x0000000000087dbf                zps_u8AplApsFreeMsgHandle
                0x0000000000087e29                zps_vAplApsInitSyncMsgPool
                0x0000000000087e61                u8BlocksToSendInWindow.139098
                0x0000000000087eb3                zps_vAplApsInitFragReceivePool
                0x0000000000087ed6                zps_vAplApsFragReceiveFree.137371
                0x0000000000087eee                vFillDataIndStruct.137348
                0x0000000000087f4c                vFillApduErrorEvent.137341
                0x0000000000087f8f                bCheckProfile.137336
                0x0000000000087fd6                vWrite64Nbo
                0x0000000000088003                vWrite32Nbo
                0x000000000008801b                ZPS_bIsGroupPresent
                0x0000000000088053                PDUM_u16APduInstanceWriteStrNBO
                0x00000000000881d3                PDUM_eNPduReadHeaderNBO
                0x0000000000088229                PDUM_eNPduReadFooterNBO.part.5.132896
                0x0000000000088270                PDUM_u16APduInstanceReadNBO
 *fill*         0x00000000000882be        0x2 00
 .text          0x00000000000882c0     0x20a4 C:\Users\timon\AppData\Local\Temp\ccbCvzAJ.ltrans2.ltrans.o
                0x00000000000882eb                vPostMlmeDcfmInd.156529
                0x000000000008840b                vMacMlmeCallBackHandler.130564
                0x00000000000886e2                ZPS_psZgpFindGpstEntry
                0x0000000000088739                ZPS_u8MacIFTGetIntfState
                0x0000000000088757                ZPS_vMacIFTGetChannelMaskFromMacId
                0x00000000000887dc                iPDM_FilterDuplicateAppendedSegmentsOnList.258383
                0x0000000000088823                u8PDM_CalculateLargestDataRecordStored
                0x0000000000088854                ZPS_bIsMacAddressUsedInApsTable
                0x0000000000088925                eCLD_GroupsCheckGroupExists
                0x0000000000088992                eGp_BufferTransmissionPacket
                0x0000000000088afd                ZPS_eTsvOpen
                0x0000000000088b1a                zps_vNwkBttMgrInit
                0x0000000000088b48                ZPS_u8GrabMutexLock.constprop.275
                0x0000000000088b8b                ZPS_u8ReleaseMutexLock.constprop.274
                0x0000000000088bb6                zps_eAplAfGetSimpleDescriptor
                0x0000000000088c0d                vEnableReceive.286540
                0x0000000000088c46                psGetTxFrameBuffer
                0x0000000000088c82                PDUM_vInit
                0x0000000000088d1f                vMicroIntEnableOnly.constprop.244
                0x0000000000088d4b                PDM_vEnterCriticalSection
                0x0000000000088d79                vAHI_SpiRestoreConfiguration.constprop.243
                0x0000000000088dba                vAHI_SpiReadConfiguration.constprop.240
                0x0000000000088deb                vConfigureSpi
                0x0000000000088e2b                bAHI_FullFlashRead
                0x0000000000088e6e                vOtaFlashRead
                0x0000000000088e70                bAHI_FlashInit.constprop.239
                0x0000000000088fe8                zps_bAreCredPresent
                0x000000000008906c                vOtaFlashInitHw
                0x000000000008906e                AESSW_vMMOFinalUpdate
                0x0000000000089131                AESSW_vHMAC_MMO
                0x00000000000891cf                zps_pvAesGetKeyFromInstallCode
                0x0000000000089256                zps_vAplSecSetInitialSecurityState
                0x0000000000089385                vACI_OptimisedCcmStar.constprop.227
                0x0000000000089571                zps_eNwkRtDiscMatch.constprop.224
                0x00000000000895c4                vMiniMac_MLME_SetReq_PanId
                0x0000000000089601                vMiniMac_MLME_SetReq_ShortAddr
                0x000000000008960f                ZPS_u8MacPibGetBeaconPayload.constprop.179
                0x000000000008962b                ZPS_vGetDeviceCurrentData.constprop.178
                0x00000000000896aa                bGP_IsProxyTableEntryPresent.constprop.169
                0x000000000008971b                bGP_IsDuplicatePkt.constprop.168
                0x000000000008986b                pvZCL_HeapAlloc.part.0.114014.constprop.121
                0x00000000000898a5                ZTIMER_eOpen.constprop.115
                0x00000000000898e7                pvHeap_Alloc.constprop.105
                0x00000000000898ec                zps_eSocMacSetTxBuffers
                0x0000000000089927                vAHI_UartReset.part.4.288569.constprop.44
                0x0000000000089953                psSearchList.99717.constprop.22
                0x0000000000089975                ZPS_eTsvStop
                0x00000000000899b4                zps_vAplApsStopPollTimer
                0x0000000000089a43                ZPS_vResetBoundServerContext
                0x0000000000089a46                eEdTimeoutRequestDataDcfm.266243
                0x0000000000089a67                ZPS_u8GetChannelOffset
                0x0000000000089a9a                ZPS_u8MacIFTGetChannelMaskCount
                0x0000000000089ada                zps_vNwkHandleCmeGetInterface
                0x0000000000089c28                u32GetScanChannels.isra.3.147464
                0x0000000000089c5d                vMicroIntRestoreState
                0x0000000000089c69                TSV_eStart
                0x0000000000089cb9                ZPS_eTsvStart
                0x0000000000089cf6                zps_eNwkHandleSceNwkUpdate
                0x0000000000089d1a                vNwkMcpsSendTimedDfcm
                0x0000000000089d5e                zps_vAplApsCheckAndStartPollTimer
                0x0000000000089dbd                zps_eAplZdoBdrmRequestSend
                0x0000000000089e38                vProcessTimedList.267310
                0x0000000000089e7e                zps_vNwkMcpsMgrPostTimed
                0x0000000000089e91                zps_vAplAfPostTimerEvent
                0x0000000000089f32                zps_vExpireOldRoutes
                0x0000000000089fbb                zps_eNwkBtrMatch
                0x000000000008a0b8                PDM_vExitCriticalSection
                0x000000000008a0db                bAHI_WriteEEPROMfixSegmentData
                0x000000000008a139                bAHI_InitialiseEEPROM
                0x000000000008a181                vAHI_ReadDataFromEEPROMregister
                0x000000000008a1ae                vAHI_WriteDataIntoEEPROMregister
                0x000000000008a1de                iAHI_WriteDataIntoEEPROMsegment.constprop.229
                0x000000000008a22c                iPDM_WriteSegmentHeaderDataIntoEEPROMsegment
                0x000000000008a25b                u32RaiseDigitalVoltage
                0x000000000008a27b                u8AHI_WakeTimerFiredStatus
                0x000000000008a28f                vAHI_WakeTimerStop.part.3.288815
                0x000000000008a2af                vAHI_OptimiseWaitStates
                0x000000000008a2fb                bAHI_GetClkSource
                0x000000000008a308                vAHI_SwReset
                0x000000000008a339                vAHI_DioSetOutput
                0x000000000008a34d                vAHI_DioSetDirection
 .text.unlikely
                0x000000000008a364       0xc8 C:\Users\timon\AppData\Local\Temp\ccbCvzAJ.ltrans2.ltrans.o
                0x000000000008a379                vAHI_MemoryHold.288247
 .text          0x000000000008a42c     0x1f1a C:\Users\timon\AppData\Local\Temp\ccbCvzAJ.ltrans3.ltrans.o
                0x000000000008a42c                vPermitJoinHandleExpiry.270846
                0x000000000008a435                zps_vNwkHandleCmePermitJoinReq
                0x000000000008a49d                zps_bAplZdoNodeDescServer
                0x000000000008a60f                zps_bAplZdoPowerDescServer
                0x000000000008a733                zps_bAplZdoActiveEpServer
                0x000000000008a81c                zps_bAplZdoSystemServerDiscoveryServer
                0x000000000008a8fb                bGP_AliasPresent
                0x000000000008aac7                zps_bAplZdoSimpleDescServer
                0x000000000008ad15                APP_cbToggleLED
                0x000000000008adaf                vZdoServersInit.2366
                0x000000000008af5b                vPostVsMcpsDcfmInd.156543
                0x000000000008afe5                vZGPParseMacMcpsData
                0x000000000008b192                eCopyFragmentToApdu.isra.0.137380
                0x000000000008b2b4                u8ZdoEndDeviceBindServerUnpackApdu
                0x000000000008b344                vZdoEndDeviceBindStateIdle
                0x000000000008b66f                u8ZdoBindUnbindServerUnpackApdu
                0x000000000008b6be                eOtaFindCluster.constprop.176
                0x000000000008b706                bGP_GPDFValidityCheck
                0x000000000008b8ac                vGP_RemoveGPDFromProxySinkTable
                0x000000000008b929                vApp_GP_RegisterDevice.constprop.122
                0x000000000008bb7c                bGP_CheckFrameToBeProcessed
                0x000000000008bbbd                PWRM_vWakeInterruptCallback
                0x000000000008bc44                ZPS_vMacPibSetBeaconPayload.constprop.206
                0x000000000008bc79                zps_vInitBeaconPayload
                0x000000000008bcd4                zps_bAplZdpUnpackNodeDescResponse
                0x000000000008bd97                UART_vSetTxInterrupt
                0x000000000008bdc5                ZPS_u16NwkNibFindNwkAddr
                0x000000000008be66                eCLD_GroupsCreateGroups.constprop.143
                0x000000000008bf97                zps_vSendJoinDcfm
                0x000000000008bfdd                vGiveUp.280540
                0x000000000008c015                ZPS_vNwkNibClearTables
                0x000000000008c140                psGetAndBuildCoordRealignment
                0x000000000008c198                zps_sZgpAddTxQueue
                0x000000000008c2b8                zps_bZgpRemoveTxQueue
 .text          0x000000000008c346     0x1ee4 C:\Users\timon\AppData\Local\Temp\ccbCvzAJ.ltrans4.ltrans.o
                0x000000000008c3a8                eSmeASFlBeaconInd.277020
                0x000000000008c3ca                vRetryCcaFailure
                0x000000000008c747                zps_bAplZdoMatchDescServer
                0x000000000008c75b                eOrphanNotificationSent.286181
                0x000000000008c7a4                eSmeAcScBeaconInd.277028
                0x000000000008c8b4                ZPS_bSecDecrypt
                0x000000000008c9a5                zps_vNwkMcpsMgrTidyBtrReqDescr
                0x000000000008c9e9                vNwkBttTimerExpiry.275161
                0x000000000008cb0a                eZCL_SetReceiveEventAddressStructure
                0x000000000008cb8a                eCLD_ThermostatCommandHandler
                0x000000000008cbd6                dbg_vPrintfImplNoneVerbose
                0x000000000008d05e                vShowException
                0x000000000008d120                vReportException
                0x000000000008d22e                ZPS_bSecEncrypt
                0x000000000008d3df                zps_vAplApsFragTransmitNotifyApp.140250
                0x000000000008d47b                zps_vHandleExtendedDataAckFrame
                0x000000000008d561                bAHI_FlashEraseSector
                0x000000000008d5dc                vOtaFlashErase
                0x000000000008d5de                vMiniMac_McpsCallback
                0x000000000008d894                eMcpsTxCompleteHandler.285506
                0x000000000008d8c2                eZCL_WriteLocalAttributeValue.constprop.24
                0x000000000008d998                boPDM_IsBitmapSaturated.256352
                0x000000000008d9e1                ZPS_u8MacIFTAddUpdateChannelMask
                0x000000000008da7b                ZPS_u16MacIFTGetIDByChannelMask
                0x000000000008dac0                zps_eAplAibSetApsChannelMask
                0x000000000008daeb                zps_psAllocateAndFormatMacHdr
                0x000000000008de4e                zps_psNwkInitCmdFrame
                0x000000000008decd                eSendLinkStatusDataDcfm.part.1.264985
                0x000000000008dff4                zps_vDefaultNwkLayer
 *fill*         0x000000000008e22a        0x2 00
 .text          0x000000000008e22c     0x200c C:\Users\timon\AppData\Local\Temp\ccbCvzAJ.ltrans5.ltrans.o
                0x000000000008e22c                AppColdStart
 .text          0x0000000000090238     0x1c2f C:\Users\timon\AppData\Local\Temp\ccbCvzAJ.ltrans6.ltrans.o
                0x00000000000903d4                u16GP_APduInstanceReadWriteLongString
                0x000000000009048a                zps_vFragmentWindowTimeout.137332
                0x00000000000904eb                iPDM_SearchForBufferIdInList
                0x0000000000090520                iPDM_SearchForBufferIdInFileSystem
                0x0000000000090533                iPDM_SearchForSpecificSegmentInList
                0x0000000000090565                bPDM_FindLastMarkerSegment.257588
                0x00000000000905b2                vMiniMac_ReturnTxBufferCallback
                0x00000000000905de                vSL_TxByte.8682
                0x0000000000090614                vSL_LogSend
                0x00000000000906bc                vLogFlush.8698
                0x00000000000906db                vMMAC_RadioToOffAndWait
                0x00000000000906f8                vStartReceive
                0x0000000000090714                vSetChannelAndPower
                0x00000000000909f7                vMiniMac_NextTransaction
                0x0000000000090a61                eTransmit
                0x0000000000090b2f                zps_vSocMacHandleMcpsVsReqRsp.constprop.232
                0x0000000000090cbe                eBuildAndSend.286191
                0x0000000000090d33                ZPS_vMacPibSetRxOnWhenIdle
                0x0000000000090d79                vMiniMac_TxComplete
                0x0000000000090e6a                vTimerFired
                0x0000000000090f3f                vMiniMac_Init
                0x0000000000091303                vMiniMac_PLME_SetReq_Power
                0x0000000000091318                vMiniMac_PLME_SetReq_Channel
                0x0000000000091321                iPDM_ReadUserDataFromEEPROMsegment
                0x000000000009139b                iPDM_ReCalculateWearCountAndChecksumAndWriteFileSystemHeader
                0x00000000000913e5                vPDM_SetEEPROMandFileSystemValidState
                0x000000000009140c                iPDM_ReadUserDataFromFileSystemRecord
                0x000000000009142c                iPDM_ReadUserDataFromSegmentOnListWithId
                0x000000000009146a                iPDM_ReadUserDataFromSegmentWithId
                0x000000000009149f                PDM_eReadDataFromRecord
                0x0000000000091525                ZPS_vTcInitFlash.constprop.164
                0x0000000000091592                APP_vConfigureDevice
                0x0000000000091670                vLoadAplRecord.147448
                0x000000000009169e                vLoadNwkRecord.268286
                0x00000000000916d6                iPDM_CompareDataInFileRecords.257559
                0x0000000000091712                vPDM_WriteFileSystemRecordAndSegmentDataIntoEEPROMsegment
                0x000000000009174d                eOTA_NewImageLoaded.part.4.93624.constprop.172
                0x00000000000917b7                vAppInitOTA
                0x0000000000091891                eOTA_GetOtaHeader.part.9.93637
                0x0000000000091920                iPDM_ReadSegmentHeaderDataFromEEPROMsegment
                0x0000000000091979                u16ZCL_APduInstanceReadStringNBO.part.3.101973
                0x0000000000091a51                eZCL_GetAttributeTypeSizeFromBuffer
                0x0000000000091ac8                u16ZCL_GetTxPayloadSize
                0x0000000000091b00                u16ZCL_APduInstanceWriteNBO
                0x0000000000091b8c                u16ZCL_WriteCommandHeader
                0x0000000000091c04                u16ZCL_APduInstanceReadNBO
                0x0000000000091ce9                u16ZCL_ReadCommandHeader.part.0.104954
                0x0000000000091d60                u16ZCL_ReadCommandHeader
                0x0000000000091d6e                eCLD_OnOffCommandHandler
                0x0000000000091d8b                u16ZCL_APduInstanceWriteStringNBO.part.0.101932
 .text          0x0000000000091e67     0x1ffe C:\Users\timon\AppData\Local\Temp\ccbCvzAJ.ltrans7.ltrans.o
                0x0000000000091e67                zps_eNwkHandleSceLinkStatus
                0x0000000000092036                zps_bGetFlashCredential
                0x000000000009212b                zps_psFindKeyDescr
                0x0000000000092298                zps_eAplApsmeBindReqRsp
                0x000000000009236b                zps_eAplApsmeUnBindReqRsp
                0x000000000009240f                zps_eAplZdoUnbind
                0x000000000009248f                zps_eAplZdoGroupEndpointRemove
                0x0000000000092520                zps_eAplApsmeRemoveAllGroupsReqRsp
                0x0000000000092561                zps_eAplAibSetApsTrustCenterAddress
                0x0000000000092577                zps_vAplTrustCenterInit
                0x0000000000092606                ZPS_vNMPurgeEntry
                0x00000000000927c7                ZPS_vSetDevicePreviousData.constprop.151
                0x00000000000929b7                vInitUnknownNeighbor.267317.constprop.69
                0x0000000000092a10                zps_bAplZdoTrustCenterSetDevicePermissions
                0x0000000000092ad1                zps_eAplZdoAddReplaceLinkKey_W
                0x0000000000092b95                ZPS_bNwkNibAddrMapAddEntry
                0x0000000000092d4a                zps_eAplZdoBind
                0x0000000000092dde                zps_vAgeRouter
                0x0000000000092e17                zps_eNwkHandleSdeActvDcfmData
                0x0000000000092f9c                vMcpsMgrTimeoutExpiry
                0x0000000000093006                zps_vNwkSecondTickHandleExpiry
                0x00000000000931f1                zps_eNwkHandleSceRouteRequest
                0x00000000000936c5                zps_sNwkNibNtCheckJoin.part.8.269032
                0x000000000009397e                zps_vNwkHandleCmeDirectJoinReq
                0x0000000000093a27                zps_vJoinInitNtParent
                0x0000000000093c0b                vContinueRejoin.279706
                0x0000000000093cb2                zps_vCheckActvNtForDuplicate
                0x0000000000093d52                eSmeOrphScanDcfm.281011
                0x0000000000093dca                eCheckAddrConflict.isra.7.266372
 .text          0x0000000000093e65     0x1e86 C:\Users\timon\AppData\Local\Temp\ccbCvzAJ.ltrans8.ltrans.o
                0x0000000000093e65                vPDM_MoveAllDataFromListToList
                0x0000000000093ea3                vPDM_MoveAllDataToDeAllocList.constprop.246
                0x0000000000093ece                iPDM_ReplaceChangedSegmentInSequence
                0x00000000000940bd                iPDM_VerifyDataSequenceWithBufferId
                0x0000000000094159                iPDM_ReconstructReplacedDataTable
                0x0000000000094250                vPDM_MoveAllDataWithBufferIdAndStateFromListToList
                0x00000000000942db                iPDM_CreateCandidateBufferList
                0x00000000000943df                vPDM_MoveAllDataWithBufferIdFromListToList
                0x0000000000094464                vPDM_DeleteAppendedSequence
                0x0000000000094542                vPDM_DeleteSegmentsWithIdFromFileSystem
                0x0000000000094563                PDM_vDeleteDataRecord
                0x000000000009459a                vIncrementFrameCounterInPdm.isra.0.268738
                0x000000000009488f                ZPS_vNwkMacDataPollRequest
                0x0000000000094a26                vProcessListsForSubmission.267406
                0x0000000000094c70                zps_vNwkMcpsMgrPost
                0x0000000000094e84                zps_vNwkHandleCmeRouteDiscoveryReq
                0x0000000000095052                zps_psSendFrm
                0x00000000000953b0                zps_psSendBroadcastFrm.part.0.278441
                0x0000000000095418                zps_eNwkHandleSceRouteRecord
                0x000000000009550f                zps_psNwkSendLeaveCmd
                0x0000000000095577                zps_psNwkPropagateLocalLeave
                0x000000000009559f                zps_psSendNetworkStatusCmd
                0x000000000009560c                zps_eDefaultDataDcfm
                0x00000000000956fe                vSendNetworkReport.266101
                0x00000000000957dc                psSendRouteReplyCmd.272050
                0x00000000000958ee                zps_eNwkHandleSceRouteReply
                0x0000000000095bc1                zps_psSendNetworkLinkPowerDelta.273476
                0x0000000000095c53                zps_eNwkHandleSceNwkLinkPowerDelta
                0x0000000000095c6d                zps_psNwkSendRejoinReqCmd
 *fill*         0x0000000000095ceb        0x1 00
 .text          0x0000000000095cec     0x2014 C:\Users\timon\AppData\Local\Temp\ccbCvzAJ.ltrans9.ltrans.o
                0x0000000000095cec                vMcpsMgrExpiry.267233
                0x0000000000095d4b                vMiniMac_MlmeCallback
                0x0000000000095f5b                vMiniMacPoll_CheckPollResponse
                0x0000000000095fb6                ePollReqSent.285738
                0x000000000009613e                vScanBeaconReceived
                0x000000000009617d                vPostDcfm.286202
                0x00000000000961ec                vScanNextChannel.286189
                0x000000000009639c                APP_vSendJoinedFormEventToHost.part.2.2976
                0x000000000009642d                APP_vHandleStackEvents
 .text          0x0000000000097d00     0x1baf C:\Users\timon\AppData\Local\Temp\ccbCvzAJ.ltrans10.ltrans.o
                0x0000000000097d00                eSmeAcScBeaconInd.277206
                0x0000000000097da3                eBeaconReqSent.286185
                0x0000000000097dca                zps_bAplZdoIeeeAddrServer
                0x0000000000097f26                zps_bAplZdoNwkAddrServer
                0x0000000000098488                vZgpSendTxAfterRx
                0x0000000000098577                vPDM_AddFileSystemElementToListInAscendingWearCountOrder
                0x000000000009869f                vPDM_MoveFileRecordFromListToList
                0x00000000000986c1                vPDM_MoveRecordToDeAllocList
                0x00000000000986e1                iPDM_GetWearLevelledBuffer
                0x00000000000987b4                iPDM_WriteSegmentHeaderAndData
                0x0000000000098902                iPDM_ReconstructAtRunTimeReplacedDataTable
                0x0000000000098a42                zps_u8AplApsConstructAndPostLoopBackDataInd.140294
                0x0000000000098b7b                u8PostUnicastMsgToNHLE.140302
                0x0000000000098bb4                vSendToTxQueue
                0x0000000000098f2c                PWRM_vManagePower
                0x0000000000099076                eCLD_GroupsSetIdentifying
                0x00000000000990a9                vCLD_IdentifyTimerClickCallback.29809
                0x0000000000099127                eZCL_ReadLocalAttributeValue.constprop.34
                0x00000000000991fe                vSL_WriteMessage
                0x000000000009927b                APP_vIdentifyEffectEnd
                0x00000000000992a6                app_vFormatAndSendUpdateLists
                0x00000000000996d4                vFreePendingReqDescr
                0x000000000009973f                vHandleRouteDiscoveryExpiry.271607
                0x000000000009979d                eHandleRemoveBroadcastEndpointsFromGroup.141834
                0x00000000000997f7                bAHI_FullFlashProgram
                0x00000000000998ad                vOtaFlashWrite
 .text          0x00000000000998af     0x1b6c C:\Users\timon\AppData\Local\Temp\ccbCvzAJ.ltrans11.ltrans.o
                0x00000000000998af                PDM_eSaveRecordData
                0x0000000000099c51                zps_vAplSaveRecord
                0x0000000000099cff                ZPS_vSwapApsTableEntries
                0x0000000000099dd9                vAplSecRemoveLinkKey.147504
                0x0000000000099f57                ZPS_vNwkSaveRecord
                0x0000000000099f83                zps_bNwkFindAddIeeeAddr
                0x000000000009a10b                ZPS_vRemoveEntryFromAddressMap
                0x000000000009a154                ZPS_vNwkSaveAllRecords
                0x000000000009a17e                zps_vSaveAllZpsRecords
                0x000000000009a19d                ZPS_vNwkNibSetNwkAddr
                0x000000000009a1c7                zps_eNwkHandleSceRejnResponse
                0x000000000009a224                ZPS_vNwkNibSetExtPanId
                0x000000000009a255                ZPS_vNwkNibSetKeySeqNum
                0x000000000009a269                ZPS_vNwkNibSetDepth
                0x000000000009a29f                ZPS_vNwkNibSetUpdateId
                0x000000000009a2ca                vSendNetworkUpdate.266105
                0x000000000009a3ff                ZPS_vNwkNibSetPanId
                0x000000000009a41d                ZPS_vNwkNibSetCapabilityInfo
                0x000000000009a44a                ZPS_vNwkNibSetChannel
                0x000000000009a468                zps_u8NwkHandleRejoinReq
                0x000000000009a528                zps_vProcessLocalAddrConflict
                0x000000000009a5d3                vGP_SendResponseGPDF
                0x000000000009a701                ZPS_vNwkNibSetAuxChannel
                0x000000000009a71a                zps_vNwkHandleCmeSetInterface
                0x000000000009a8c8                ZPS_vNwkSaveNt
                0x000000000009a904                ZPS_vNwkPurgeMacAddressAndRelatedEntries.part.5.268899
                0x000000000009aa15                ZPS_vNtSetUsedStatus
                0x000000000009aae3                zps_bAplZdoParentAnnceServer
                0x000000000009ac7d                zps_vBuildSortedActvNTList
                0x000000000009ad49                zps_eNwkHandleSceLeave
                0x000000000009aeda                zps_vNwkHandleCmeLeaveReq
                0x000000000009aff8                zps_vCleanUnAuthenHandleExpiry
                0x000000000009b125                eUnsolicitedRejoinRspDataDcfm.266117
                0x000000000009b150                eRejoinRspDataDcfm.279710
                0x000000000009b1fc                vFinish.280998
                0x000000000009b252                zps_eNwkHandleSceNwkEdTimeoutReq
                0x000000000009b34d                zps_eNwkHandleSmeCommStatusInd
                0x000000000009b407                ZPS_vNwkSaveSecMat
 *fill*         0x000000000009b41b        0x1 00
 .text          0x000000000009b41c     0x1b2c C:\Users\timon\AppData\Local\Temp\ccbCvzAJ.ltrans12.ltrans.o
                0x000000000009b5d4                vPollTimeout.285736
                0x000000000009b5e3                vSendMlmeCommStatusFromTxFrame
                0x000000000009b639                zps_vSocMacHandleMlmeVsReqRsp.constprop.214
                0x000000000009bbd6                zps_vNwkHandleCmeActvStartRouterReq
                0x000000000009bc6d                vHandleEdTimeoutReqExpiry.266109
                0x000000000009bdb8                vHandleNwkLocalUpdateAfterBcast.266122
                0x000000000009be0c                vHandleNwkRemoteUpdateAfterBcast.266113
                0x000000000009be60                ZPS_pvNwkCtor.constprop.204
                0x000000000009c3da                ZPS_vNwkHandleNlmeReqRsp
                0x000000000009c457                zps_sNwkLibSubmitScan
                0x000000000009c490                eSmeAcScScanDcfm.277763
                0x000000000009c806                zps_vNwkHandleCmeIdleNwkFormReq
                0x000000000009c917                zps_vNwkHandleCmeNwkDiscReq
                0x000000000009c991                zps_vNwkDiscUpdateNT
                0x000000000009ca35                zps_eNwkHandleSmeBeaconNotifyInd
                0x000000000009cac3                zps_eNwkHandleSceNwkReport
                0x000000000009cb49                eSmeEdScScanDcfm.277756
                0x000000000009cbf9                zps_vNwkHandleCmeEdScanReq
                0x000000000009cc46                vRunningRxCallback
 .text          0x000000000009cf48     0x1a6c C:\Users\timon\AppData\Local\Temp\ccbCvzAJ.ltrans13.ltrans.o
                0x000000000009d280                zps_eNwkHandleSmeAssocInd
                0x000000000009d2ae                zps_eNwkHandleSceRejnRequest
                0x000000000009d33b                u8GP_SecurityProcessCallback
                0x000000000009d5d0                vTransformKey.isra.0.143554
                0x000000000009d63b                zps_eAplSecEncryptPacket
                0x000000000009d730                ZPS_vNwkHandleNldeReqRsp
                0x000000000009da3c                zps_eAplSendApsmeCmdFrame
                0x000000000009dbb0                zps_eAplApsmeTransportKeyReqRsp.constprop.150
                0x000000000009dd4b                vNsTclkSendReqKey.127698
                0x000000000009df7a                vPostNlmeDcfmInd.137673
                0x000000000009e709                vHandleRemoveDeviceIndication
                0x000000000009e825                zps_eAplZdoNlmeleaveWrapper
                0x000000000009e8ec                vNsLeaveNwk.127700
                0x000000000009e91e                zps_eAplApsmeRemoveDeviceReqRsp
                0x000000000009e987                zps_vAplApsmeCmdMgrRetryTimeout.141811
 .text          0x000000000009e9b4     0x1a98 C:\Users\timon\AppData\Local\Temp\ccbCvzAJ.ltrans14.ltrans.o
                0x000000000009e9b4                vBbcIntHandler.285077
                0x000000000009ecab                eAssocRespSent.285394
                0x000000000009ee1c                eSmeAsocAssocDcfm.281166
                0x000000000009eea0                eSmeRjPCPollDcfm.281162
                0x000000000009eee1                eSceRjRsRejoinRsp.281129
                0x000000000009f05d                zps_eRejoinDataDcfm
                0x000000000009f11a                zps_vNwkHandleCmeSyncReq
                0x000000000009f193                zps_vAplApsPollTimer
                0x000000000009f1f5                vAplSecAuthPollTimerExpiry.147395
                0x000000000009f31b                zps_eNwkHandleSmeOrphanInd
                0x000000000009f32b                zps_vNwkHandleCmeNwkJoinReq
                0x000000000009f663                zps_vNwkHandleCmeNwkActvJoinReq
                0x000000000009f721                zps_eAplZdoGroupEndpointAdd
                0x000000000009f824                zps_eNwkSendJoinResponse
                0x000000000009fad0                zps_vZgpDeviceActiveTimerExpiry
                0x000000000009fbac                zps_eProcessAddrConflict
                0x000000000009fd55                ZPS_vNwkNibCheckAndUpdateAddresses
                0x000000000009fdf6                zps_bAplZdoDeviceAnnceServer
                0x00000000000a00a6                zps_eNwkHandleSceNwkStatus
                0x00000000000a023a                eRejoinNetwork.147466
                0x00000000000a02fe                eStartNetworkDiscovery.147478
                0x00000000000a0366                zps_eAplZdoStartStack
 .text          0x00000000000a044c     0x1d03 C:\Users\timon\AppData\Local\Temp\ccbCvzAJ.ltrans15.ltrans.o
                0x00000000000a044c                zps_bAplZdoBindUnbindServer
                0x00000000000a0730                zps_bAplZdoDefaultServer
                0x00000000000a0992                zps_eZdpNodeDescResponse
                0x00000000000a0a3a                zps_eZdpParentAnnceResponse
                0x00000000000a0adc                zps_eZdpSimpleDescResponse
                0x00000000000a0be9                zps_eAplZdpMgmtRtgResponse
                0x00000000000a0cb0                zps_bAplZdoMgmtNWKUpdateServer
                0x00000000000a11f2                zps_eZdpNwkAddrResponse
                0x00000000000a12da                zps_eZdpIeeeAddrResponse
                0x00000000000a13c2                zps_eZdpPowerDescResponse
                0x00000000000a145f                zps_eZdpActiveEpResponse
                0x00000000000a14f5                zps_eZdpMatchDescResponse
                0x00000000000a158b                zps_eZdpSystemServerDiscoveryResponse
                0x00000000000a15fa                zps_eAplZdpMgmtLqiResponse
                0x00000000000a17d2                ZPS_vSecondTimerCallback
                0x00000000000a1a38                vZdoEndDeviceBindStateWaitSendWithAck
                0x00000000000a1d72                zps_bAplZdoZdoClient
                0x00000000000a1f1f                zps_eAplAfBoundDataReqNonBlocking
                0x00000000000a20e2                zps_eAplZdpNodeDescRequest.constprop.197
 .text          0x00000000000a214f     0x1ade C:\Users\timon\AppData\Local\Temp\ccbCvzAJ.ltrans16.ltrans.o
                0x00000000000a214f                vStartScanTimerExpiry.177283
                0x00000000000a2206                vChangeChannelTimerExpiry.177287
                0x00000000000a227d                eLeaveReset.263299
                0x00000000000a22e8                eLeaveDataDcfmLocalLeave.263304
                0x00000000000a2362                ZPS_eAplAfInit
                0x00000000000a2ba4                eDiscoverNetworks
                0x00000000000a2c00                eStartRouter
                0x00000000000a2cf1                vHandleNwkKeyTransport.147837
                0x00000000000a2e2c                zps_vAplAfPostEvent
                0x00000000000a3b2e                zps_eAplZdoNlmePermitJoiningWrapper
                0x00000000000a3b56                zps_bAplZdoPermitJoiningServer
 *fill*         0x00000000000a3c2d        0x3 00
 .text          0x00000000000a3c30     0x1b5c C:\Users\timon\AppData\Local\Temp\ccbCvzAJ.ltrans17.ltrans.o
                0x00000000000a3c30                vZdoBdrmSendNextTimedRequest
                0x00000000000a3ed2                eAplAfCommonDataReq.135855
                0x00000000000a3f8c                eZCL_TransmitDataRequest
                0x00000000000a4354                eZCL_SendDefaultResponse
                0x00000000000a4453                vZCL_HandleAttributesWriteRequest
                0x00000000000a48db                eSimpleMeteringCommandHandler
                0x00000000000a4907                eZCL_CustomCommandReceive
                0x00000000000a4b62                eGP_HandleZgpNotification
                0x00000000000a4ed5                eCLD_BasicCommandHandler
                0x00000000000a4f44                eCLD_ScenesCommandHandler
                0x00000000000a5113                eCLD_DoorLockCommandHandler
                0x00000000000a519e                vZCL_HandleCommandsDiscoverRequest.112084
                0x00000000000a53e1                vZCL_HandleDiscoverCommandsResponse.113255
                0x00000000000a54eb                vZCL_HandleAttributesReadResponse
                0x00000000000a56c7                eZCL_SendDiscoverCommandGenericRequest.112146
 .text          0x00000000000a578c     0x1804 C:\Users\timon\AppData\Local\Temp\ccbCvzAJ.ltrans18.ltrans.o
                0x00000000000a578c                vZCL_EventHandler
 .text          0x00000000000a6f90     0x1724 C:\Users\timon\AppData\Local\Temp\ccbCvzAJ.ltrans19.ltrans.o
                0x00000000000a714b                eCLD_IdentifyCommandHandler
                0x00000000000a7311                eCLD_GroupsCommandHandler
                0x00000000000a7878                APP_eSendWriteAttributesRequest.constprop.160
                0x00000000000a7cf4                eOTA_ServerUpgradeEndResponse
                0x00000000000a7d87                eOTA_ServerImageBlockResponse
                0x00000000000a8223                eOtaCommandHandler
                0x00000000000a8534                eCLD_IASZoneEnrollRespSend
                0x00000000000a856f                eCLD_IASZoneCommandHandler
 .text          0x00000000000a86b4     0x1d2e C:\Users\timon\AppData\Local\Temp\ccbCvzAJ.ltrans20.ltrans.o
                0x00000000000a87c7                APP_bMultimaskJoinCallBack
                0x00000000000a87d3                vMacMcpsCallBackHandler.130568
                0x00000000000a881e                eCLD_ColourControlCommandHandler
                0x00000000000a8823                eCLD_LevelControlCommandHandler
                0x00000000000a8828                vLogAssert.8680
                0x00000000000a882b                vLogPutch.8677
                0x00000000000a8889                vLogInit.8675
                0x00000000000a888c                APP_vProfileWideCommandSupportedForCluster
                0x00000000000a889e                vfExtendedStatusCallBack
                0x00000000000a88a1                APP_ZCL_cbGeneralCallback.6800
                0x00000000000a88a4                zps_vGetZpsMutex
                0x00000000000a88ad                bCLD_GroupsSearchForGroup.28660
                0x00000000000a88d2                pdum_u16ReadNBO
                0x00000000000a8a33                PDUM_u16SizeNBO
                0x00000000000a8a91                PDUM_u16APduInstanceWriteNBO
                0x00000000000a8afb                PDUM_thAPduInstanceGetApdu
                0x00000000000a8b16                PDUM_eAPduFreeAPduInstance
                0x00000000000a8b7c                PDUM_eAPduInstanceSetPayloadSize
                0x00000000000a8ba4                PDUM_eNPduWriteDataFromBuffer
                0x00000000000a8bfe                PDUM_eNPduWriteDataToBuffer
                0x00000000000a8c5c                PDUM_eNPduWriteFromBuffer
                0x00000000000a8c85                PDUM_eNPduDescend
                0x00000000000a8cab                PDUM_eNPduAscend
                0x00000000000a8cd1                PDUM_eNPduClaimData
                0x00000000000a8d3e                PDUM_eNPduAppendDataNBO
                0x00000000000a8d9b                PDUM_eNPduClaimHeader
                0x00000000000a8dbe                PDUM_eNPduPrependHeaderNBO
                0x00000000000a8e19                PDUM_eNPduFree
                0x00000000000a8e77                PDUM_eNPduInitDescending
                0x00000000000a8e92                ZPS_u8MacGetChannelOffsetFromMask
                0x00000000000a8ea1                ZPS_eMacValidateChannelMask
                0x00000000000a8ed0                BDB_u8PickChannel
                0x00000000000a8f2d                eZCL_SearchForClusterEntry
                0x00000000000a8fa7                eZCL_BuildTransmitAddressStructure
                0x00000000000a9014                eZCL_SearchForEPentry
                0x00000000000a9050                eGP_FindGpCluster
                0x00000000000a9091                u16GP_GetStringSizeOfProxyTable
                0x00000000000a917a                eZCL_SearchForEPentryAndCheckManufacturerId
                0x00000000000a91b8                vZCL_PassEventToUser
                0x00000000000a91e5                eZCL_GetAttributeReportableEntry.part.1.121066
                0x00000000000a9288                vZCL_SetDefaultReporting
                0x00000000000a92ba                eZCL_BuildClientTransmitAddressStructure
                0x00000000000a92eb                bValidateCommandWithCommandsFlags.112070
                0x00000000000a9334                u8GetTransactionSequenceNumber
                0x00000000000a9346                bZCL_CheckManufacturerSpecificCommandFlagMatch
                0x00000000000a9364                bZCL_CheckAttributeDirectionFlagMatch
                0x00000000000a9388                bZCL_CheckManufacturerSpecificAttributeFlagMatch
                0x00000000000a93a6                eZCL_SearchForAttributeEntry
                0x00000000000a944b                eZCL_GetAttributeTypeSize
                0x00000000000a946a                eZCL_Register
                0x00000000000a96c1                u8ZCL_GetAttributeAllignToFourBytesBoundary
                0x00000000000a96d6                pvZCL_GetAttributePointer
                0x00000000000a974c                vReverseMemcpy.part.2.100413
                0x00000000000a9781                vReverseMemcpy
                0x00000000000a9799                sOtaGetHeader
                0x00000000000a98a7                u16ZCL_GetStringStructureSize
                0x00000000000a98e4                u16ZCL_GetStringAttributeTypeSizeFromBuffer
                0x00000000000a9955                u16ZCL_GetStringSizeAndBufferFromStructure
                0x00000000000a99e4                bZCL_SendCommandResponse
                0x00000000000a9a00                vZCL_InitializeClusterInstance
                0x00000000000a9a15                u8ZCL_GetEPIdFromIndex
                0x00000000000a9a37                boDLISTisEmpty
                0x00000000000a9a4f                vDLISTaddToTail
                0x00000000000a9a7d                psDLISTremove
                0x00000000000a9ae0                vOtaFlashLockRead
                0x00000000000a9b26                bBestGPD_GPPLink
                0x00000000000a9b53                u16GetProxyTableString
                0x00000000000a9d05                bGP_CheckGPDAddressMatch
                0x00000000000a9dbc                bGP_ValidateGPDF_Fields
                0x00000000000a9e43                u8GP_GetLQIQuality
                0x00000000000a9e6b                vCreateDataIndFromBufferedCmd
                0x00000000000a9f3c                u16GP_DeriveAliasSrcAddr
                0x00000000000a9f7e                ZTIMER_eStart
                0x00000000000a9fdc                ZTIMER_eStop.part.4.9971
                0x00000000000aa022                ZQ_bQueueReceive
                0x00000000000aa093                ZQ_bQueueSend
                0x00000000000aa109                APP_vGenCallback
                0x00000000000aa127                APP_cbTimerGPZclTick
                0x00000000000aa14e                App_TransportKeyCallback
                0x00000000000aa16d                vAPP_ZCL_DeviceSpecific_Init
                0x00000000000aa1c4                App_u16BufferReadNBO
                0x00000000000aa2f2                APP_u16GetAttributeActualSize
                0x00000000000aa3c6                ZPS_psMacIFTGetInterface
 *fill*         0x00000000000aa3e2        0x2 00
 .text          0x00000000000aa3e4     0x108c C:\Users\timon\AppData\Local\Temp\ccbCvzAJ.ltrans21.ltrans.o
                0x00000000000aa3e4                vInitialiseApp.8252
 .text          0x00000000000ab470     0x151a C:\Users\timon\AppData\Local\Temp\ccbCvzAJ.ltrans22.ltrans.o
                0x00000000000ab470                eZCL_CustomCommandSend.constprop.159
                0x00000000000ab816                vGP_ExitCommMode
                0x00000000000ab92c                vCLD_GPTimerClickCallback.10868
                0x00000000000ac19f                BDB_vRejoinSuccess
                0x00000000000ac1fe                vNsDiscoverNwk.127702
                0x00000000000ac317                BDB_vRejoinCycle
                0x00000000000ac618                BDB_vRejoinTimerCb
                0x00000000000ac61d                vNsTryNwkJoin.isra.0.127704
                0x00000000000ac77f                vNsAfterNwkJoin.127692
                0x00000000000ac84c                BDB_vNsTimerCb
                0x00000000000ac8b9                vNfDiscoverNwk.128644
 *fill*         0x00000000000ac98a        0x2 00
 .text          0x00000000000ac98c     0x16e4 C:\Users\timon\AppData\Local\Temp\ccbCvzAJ.ltrans23.ltrans.o
                0x00000000000ac98c                eGP_GreenPowerCommandHandler
                0x00000000000adee1                eCLD_GroupsHandleAddGroupRequest.28409
 .text          0x00000000000ae070     0x11ba C:\Users\timon\AppData\Local\Temp\ccbCvzAJ.ltrans24.ltrans.o
                0x00000000000ae3e7                zps_vAplTrustCenterUpdateDevice
                0x00000000000ae610                zps_vAplTrustCenterRequestKey
                0x00000000000ae7d8                ZPS_vAplHandleApsdeReqRsp
                0x00000000000aebf9                zps_eAplZdpApsdeReqInternal
                0x00000000000aec68                zps_eAplZdpRequestApsdeReq
                0x00000000000aecdf                zps_eAplZdpMgmtPermitJoiningRequest.constprop.161
                0x00000000000aed7f                vNsSendPermitJoin.127690
                0x00000000000aee25                vGP_SendDeviceAnnounce
                0x00000000000aef10                zps_eAplZdoStartRouter.constprop.82
                0x00000000000aef46                zps_bAplZdoMgmtBindServer
                0x00000000000af1a6                zps_eZdpEndDeviceBindResponse
                0x00000000000af1c7                zps_eAplZdpBindResponse
                0x00000000000af1e8                zps_eZdpUnbindResponse
                0x00000000000af209                zps_eZdpMgmtPermitJoiningResponse
 *fill*         0x00000000000af22a        0x2 00
 .text          0x00000000000af22c     0x1118 C:\Users\timon\AppData\Local\Temp\ccbCvzAJ.ltrans25.ltrans.o
                0x00000000000af40f                vPostApsmeDcfmInd.137680
                0x00000000000af6bd                zps_vHandleApsdeDataFragInd
                0x00000000000afbdf                zps_eStartFragmentedTransmission
                0x00000000000afcf7                APP_vHandleAppEvents
 .text          0x00000000000b0344     0x12a4 C:\Users\timon\AppData\Local\Temp\ccbCvzAJ.ltrans26.ltrans.o
                0x00000000000b0344                vPostNldeDcfmInd.137694
 .text          0x00000000000b15e8     0x126c C:\Users\timon\AppData\Local\Temp\ccbCvzAJ.ltrans27.ltrans.o
                0x00000000000b162b                eZLO_RegisterControlBridgeEndPoint.constprop.129
                0x00000000000b1d57                APP_ZCL_cbEndpointCallback.6797
 .text          0x00000000000b2854      0x4ce C:\Users\timon\AppData\Local\Temp\ccbCvzAJ.ltrans28.ltrans.o
                0x00000000000b2854                APP_bSendHATransportKey
                0x00000000000b2be1                ISR_vTickTimer
                0x00000000000b2c19                APP_isrUart
                0x00000000000b2c75                vStackOverflowHandler
                0x00000000000b2c82                vAlignmentErrorHandler
                0x00000000000b2c8f                vBusErrorHandler
                0x00000000000b2c9c                vIllegalInstructionHandler
                0x00000000000b2ca9                vUnclaimedException
                0x00000000000b2ce9                vUnclaimedInterrupt
                0x00000000000b2d00                vTrapHandler
                0x00000000000b2d11                vGenericHandler
 .text          0x00000000000b2d22      0x1e0 C:\Users\timon\AppData\Local\Temp\ccbCvzAJ.ltrans29.ltrans.o
                0x00000000000b2d22                zps_vSendNextFragment.140263
 .text          0x00000000000b2f02      0x198 C:\Users\timon\AppData\Local\Temp\ccbCvzAJ.ltrans30.ltrans.o
                0x00000000000b2f7e                APP_cbTimerZclTick.8249
                0x00000000000b2fbb                APP_vBdbCallback
                0x00000000000b3011                vNfRetryNwkFormation.128377
 .text          0x00000000000b309a       0x3f C:\Users\timon\AppData\Local\Temp\ccbCvzAJ.ltrans31.ltrans.o
                0x00000000000b309a                zps_isrMAC
                0x00000000000b30bd                AppWarmStart
 .text          0x00000000000b30d9       0x25 c:/nxp/bstudio_nxp/sdk/tools/ba-elf-ba2-r36379/bin/../lib/gcc/ba-elf/4.7.4/../../../../ba-elf/lib/mcpu_jn51xx_sizeopt\libc.a(lib_a-memcmp.o)
                0x00000000000b30d9                memcmp
 .text          0x00000000000b30fe       0x19 c:/nxp/bstudio_nxp/sdk/tools/ba-elf-ba2-r36379/bin/../lib/gcc/ba-elf/4.7.4/../../../../ba-elf/lib/mcpu_jn51xx_sizeopt\libc.a(lib_a-memcpy.o)
 .text          0x00000000000b3117       0x12 c:/nxp/bstudio_nxp/sdk/tools/ba-elf-ba2-r36379/bin/../lib/gcc/ba-elf/4.7.4/../../../../ba-elf/lib/mcpu_jn51xx_sizeopt\libc.a(lib_a-memset.o)
                0x00000000000b3117                memset
 .text          0x00000000000b3129       0x12 c:/nxp/bstudio_nxp/sdk/tools/ba-elf-ba2-r36379/bin/../lib/gcc/ba-elf/4.7.4/../../../../ba-elf/lib/mcpu_jn51xx_sizeopt\libc.a(lib_a-strlen.o)
                0x00000000000b3129                strlen
 .text          0x00000000000b313b       0x2b c:/nxp/bstudio_nxp/sdk/tools/ba-elf-ba2-r36379/bin/../lib/gcc/ba-elf/4.7.4/../../../../ba-elf/lib/mcpu_jn51xx_sizeopt\libc.a(lib_a-strncpy.o)
                0x00000000000b313b                strncpy
 *fill*         0x00000000000b3166        0x2 00
 .text          0x00000000000b3168      0x204 c:/nxp/bstudio_nxp/sdk/tools/ba-elf-ba2-r36379/bin/../lib/gcc/ba-elf/4.7.4/mcpu_jn51xx_sizeopt\libgcc.a(__udivsi3.o)
                0x00000000000b3168                __udivsi3
 .text          0x00000000000b336c       0x30 c:/nxp/bstudio_nxp/sdk/tools/ba-elf-ba2-r36379/bin/../lib/gcc/ba-elf/4.7.4/mcpu_jn51xx_sizeopt\libgcc.a(__divsi3.o)
                0x00000000000b336c                __divsi3
 .text          0x00000000000b339c      0x1b0 c:/nxp/bstudio_nxp/sdk/tools/ba-elf-ba2-r36379/bin/../lib/gcc/ba-elf/4.7.4/mcpu_jn51xx_sizeopt\libgcc.a(__umodsi3.o)
                0x00000000000b339c                __umodsi3
 .text          0x00000000000b354c       0x24 c:/nxp/bstudio_nxp/sdk/tools/ba-elf-ba2-r36379/bin/../lib/gcc/ba-elf/4.7.4/mcpu_jn51xx_sizeopt\libgcc.a(__modsi3.o)
                0x00000000000b354c                __modsi3
 .text          0x00000000000b3570      0x350 c:/nxp/bstudio_nxp/sdk/tools/ba-elf-ba2-r36379/bin/../lib/gcc/ba-elf/4.7.4/mcpu_jn51xx_sizeopt\libgcc.a(_udivdi3.o)
                0x00000000000b3570                __udivdi3
 *fill*         0x00000000000b38c0        0x0 00
 .text          0x00000000000b38c0       0x48 c:/NXP/bstudio_nxp/sdk/JN-SW-4170/Components/Library\libPWRM_JN516x.a(pwrm_setjmp_JN516x.o)
                0x00000000000b38c0                setjmp
                0x00000000000b38e4                PWRM_longjmp
 .text          0x00000000000b3908       0x27 c:/NXP/bstudio_nxp/sdk/JN-SW-4170/Components/Library\libHardwareApi_JN5169.a(AHI_Interrupt.o)
                0x00000000000b3908                vAHI_InterruptSetPriority
                0x00000000000b3926                vAHI_InterruptSetActivePriorityLevel
 .text.vMicroSyscall
                0x00000000000b392f       0x17 c:/NXP/bstudio_nxp/sdk/JN-SW-4170/Components/Library\libMicroSpecific_JN516x.a(MicroSyscall_ba.o)
                0x00000000000b392f                vMicroSyscall
 .text          0x00000000000b3946        0x0 c:/NXP/bstudio_nxp/sdk/JN-SW-4170/Components/Library\libZPSAPL_JN516x.a(zps_apl_version_lc.o)
                0x00000000000b3946                ZPS_APL_Version_3v0
 .text          0x00000000000b3946        0x0 c:/NXP/bstudio_nxp/sdk/JN-SW-4170/Components/Library\libZPSNWK_JN516x.a(zps_nwk_version_lc.o)
                0x00000000000b3946                ZPS_NWK_Version_3v0
                0x00000000000b3946                _flash_end = ABSOLUTE (.)

.rela.dyn       0x00000000000b3948        0x0
 .rela.text     0x0000000000000000        0x0 irq_JN516x.o
 .rela.data     0x0000000000000000        0x0 irq_JN516x.o
 .rela.rodata   0x0000000000000000        0x0 irq_JN516x.o
                0x000000000400004c                . = ORIGIN (ram)

.data           0x000000000400004c      0x70c load address 0x00000000000b3948
                0x000000000400004c                _ram_data_start = ABSOLUTE (.)
 *(.data*)
 .data          0x000000000400004c        0x4 C:\Users\timon\AppData\Local\Temp\ccbCvzAJ.ltrans2.ltrans.o
                0x000000000400004c                u32HeapStart
 .data          0x0000000004000050       0x18 C:\Users\timon\AppData\Local\Temp\ccbCvzAJ.ltrans3.ltrans.o
 .data          0x0000000004000068        0x1 C:\Users\timon\AppData\Local\Temp\ccbCvzAJ.ltrans4.ltrans.o
 *fill*         0x0000000004000069        0x7 00
 .data          0x0000000004000070      0x490 C:\Users\timon\AppData\Local\Temp\ccbCvzAJ.ltrans5.ltrans.o
                0x0000000004000070                g_asMacInterfaceTable.2582
                0x000000000400009c                psAplDefaultGlobalAPSLinkKey
                0x00000000040000a0                s_sApl.2467
                0x0000000004000200                s_sLedState
                0x000000000400020c                g_u16zpsCurrentAddress
                0x0000000004000210                sZllState
                0x000000000400024c                s_keyPairTableStorage.2520
 .data          0x0000000004000500        0x1 C:\Users\timon\AppData\Local\Temp\ccbCvzAJ.ltrans6.ltrans.o
 *fill*         0x0000000004000501        0x3 00
 .data          0x0000000004000504        0x8 C:\Users\timon\AppData\Local\Temp\ccbCvzAJ.ltrans7.ltrans.o
                0x0000000004000504                bCanLoopback.140577
 .data          0x000000000400050c        0x4 C:\Users\timon\AppData\Local\Temp\ccbCvzAJ.ltrans10.ltrans.o
                0x000000000400050c                u16StoredMacSeqNo
                0x000000000400050e                u8StoredCsma
                0x000000000400050f                u8StoredMinBe
 .data          0x0000000004000510       0x24 C:\Users\timon\AppData\Local\Temp\ccbCvzAJ.ltrans13.ltrans.o
                0x0000000004000510                gsGreenPowerContext
 .data          0x0000000004000534       0x1c C:\Users\timon\AppData\Local\Temp\ccbCvzAJ.ltrans16.ltrans.o
                0x0000000004000534                u8MiniMacConfig_MaxConcurrentAssocResponses
                0x0000000004000538                psShadowRxBuffer
                0x000000000400053c                gMAC_u8MaxBuffers
 .data          0x0000000004000550       0x48 C:\Users\timon\AppData\Local\Temp\ccbCvzAJ.ltrans20.ltrans.o
                0x0000000004000550                s_asapduZDPInstances
 .data          0x0000000004000598       0x28 C:\Users\timon\AppData\Local\Temp\ccbCvzAJ.ltrans21.ltrans.o
 .data          0x00000000040005c0      0x188 C:\Users\timon\AppData\Local\Temp\ccbCvzAJ.ltrans27.ltrans.o
                0x00000000040005c0                sCLD_Groups
 .data          0x0000000004000748        0x1 C:\Users\timon\AppData\Local\Temp\ccbCvzAJ.ltrans30.ltrans.o
 *fill*         0x0000000004000749        0x3 00
 .data.s_asAPduPool
                0x000000000400074c        0xc pdum_apdu.o
                0x000000000400074c                pdum_apduZDP
                0x000000000400074c                s_asAPduPool
 *(.data.*)
                0x0000000004000758                . = ALIGN (0x4)
                0x0000000004000758                _ram_data_end = ABSOLUTE (.)

.bss            0x0000000004000758     0x5514 load address 0x00000000000b4054
                0x0000000004000758                _bss_start = ABSOLUTE (.)
 *(.bss*)
 .bss           0x0000000004000758      0x128 C:\Users\timon\AppData\Local\Temp\ccbCvzAJ.ltrans0.ltrans.o
                0x0000000004000758                u32BackUpApsChannelMask.129449
                0x000000000400075c                u32ScanChannels.129451
                0x0000000004000760                bDoPrimaryScan.129450
                0x0000000004000764                pfTKDfunc
                0x0000000004000768                bResetIssued
                0x0000000004000769                au8LinkRxBuffer
 .bss           0x0000000004000880       0x3c C:\Users\timon\AppData\Local\Temp\ccbCvzAJ.ltrans1.ltrans.o
 .bss           0x00000000040008bc      0x99c C:\Users\timon\AppData\Local\Temp\ccbCvzAJ.ltrans2.ltrans.o
                0x00000000040008bc                s_psNPduPoolEnd.132967
                0x00000000040008c0                s_psNPduPoolStart.132966
                0x00000000040008c4                s_psFreeListHead.132968
                0x00000000040008c8                s_asAPduPool.133066
 .bss.initinboot
                0x0000000004001258        0x1 C:\Users\timon\AppData\Local\Temp\ccbCvzAJ.ltrans2.ltrans.o
 *fill*         0x0000000004001259        0x3 00
 .bss           0x000000000400125c       0x28 C:\Users\timon\AppData\Local\Temp\ccbCvzAJ.ltrans3.ltrans.o
                0x000000000400125c                g_au8LegacyBeaconPayload
                0x000000000400126b                gZpsSetByProfile.137468
 .bss           0x0000000004001284        0x8 C:\Users\timon\AppData\Local\Temp\ccbCvzAJ.ltrans4.ltrans.o
                0x0000000004001284                sMiniMacIntStore.132013
 *fill*         0x000000000400128c        0x4 00
 .bss           0x0000000004001290     0x2e20 C:\Users\timon\AppData\Local\Temp\ccbCvzAJ.ltrans5.ltrans.o
                0x0000000004001290                s_sDefaultServerContext.2547
                0x0000000004001294                s_sEndDeviceBindServerContext.2458
                0x00000000040012d4                s_sParentAnnceServerContext.2459
                0x00000000040012dc                s_sMgmtRtgServerContext.2460
                0x00000000040012e0                s_sPermitJoiningServerContext.2461
                0x00000000040012e4                s_sMgmtBindServerContext.2462
                0x00000000040012e8                s_sBindRequestServerContext.2463